<!doctype html public "-//w3c//dtd html 4.0 transitional//en">
<html><head>
<title>Static Call Graph - [.\Release\Objects\BLE_SensorDemo_Central.axf]</title></head>
<body><HR>
<H1>Static Call Graph for image .\Release\Objects\BLE_SensorDemo_Central.axf</H1><HR>
<BR><P>#&#060CALLGRAPH&#062# ARM Linker, 5060960: Last Updated: Sat Nov 16 16:03:14 2024
<BR><P>
<H3>Maximum Stack Usage =        728 bytes + Unknown(Functions without stacksize, Cycles, Untraceable Function Pointers)</H3><H3>
Call chain for Maximum Stack Depth:</H3>
RESET_HANDLER &rArr; main &rArr; BlueNRG_Sleep &rArr; BlueNRG_InternalSleep &rArr; DeviceConfiguration &rArr; BOR_ConfigSave
<P>
<H3>
Functions with no stack information
</H3><UL>
 <LI><a href="#[e3]">AES128ECB_Wrapper</a>
 <LI><a href="#[e7]">AES_CMAC_Encrypt</a>
 <LI><a href="#[ee]">ATT_fill_error_resp</a>
 <LI><a href="#[f5]">Accu_Handles_Requiring_Auth</a>
 <LI><a href="#[f6]">Accu_UuidTypes_Requiring_Auth</a>
 <LI><a href="#[132]">Acl_Init</a>
 <LI><a href="#[f8]">Acl_Rcv_Pkt_Handler</a>
 <LI><a href="#[fb]">Acl_Transmit_Data</a>
 <LI><a href="#[101]">Acl_Tx_Cmpl_Pkt_Handler</a>
 <LI><a href="#[105]">Att_Check_Perms</a>
 <LI><a href="#[108]">Att_Send_Find_By_Typ_Val_Req_Pdu</a>
 <LI><a href="#[10a]">Att_Send_Find_Info_Req_Pdu</a>
 <LI><a href="#[10b]">Att_Send_Read_Blob_Req_Pdu</a>
 <LI><a href="#[10c]">Att_Send_Read_By_Grp_Typ_Req_Pdu</a>
 <LI><a href="#[10d]">Att_Send_Read_By_Typ_Req_Pdu</a>
 <LI><a href="#[10e]">Att_Send_Read_Req_Pdu</a>
 <LI><a href="#[10f]">Att_Send_Write_Cmd_Pdu</a>
 <LI><a href="#[110]">Att_Send_Write_Req_Pdu</a>
 <LI><a href="#[260]">BLEPLAT_PKA_Get_Current_Operation</a>
 <LI><a href="#[111]">BLEPLAT_PKA_Start_P256_DHKey_Generation</a>
 <LI><a href="#[114]">BLEPLAT_PKA_Start_P256_Public_Key_Generation</a>
 <LI><a href="#[118]">BTLE_StackTick</a>
 <LI><a href="#[12a]">BlueNRG_Stack_Initialization</a>
 <LI><a href="#[12b]">BlueNRG_Stack_Initialize_RAM_check</a>
 <LI><a href="#[128]">BlueNRG_Stack_Perform_Deep_Sleep_Check</a>
 <LI><a href="#[141]">Blue_Init_Global</a>
 <LI><a href="#[142]">Blue_Set_Radio_Config_Data</a>
 <LI><a href="#[144]">Build_Notif_Or_Ind</a>
 <LI><a href="#[145]">CheckSecForSignedWrite</a>
 <LI><a href="#[1b7]">Check_Encry_Key_Size</a>
 <LI><a href="#[146]">Check_For_Service_Change</a>
 <LI><a href="#[107]">Check_Permission</a>
 <LI><a href="#[11d]">Controller_Process_Q</a>
 <LI><a href="#[153]">Data_Len_Update_Offline_Processing</a>
 <LI><a href="#[155]">Data_Length_Update_Control_ISR</a>
 <LI><a href="#[375]">Delay_With_NOP_Cycles</a>
 <LI><a href="#[152]">Disconnection_Offline_Processing</a>
 <LI><a href="#[13a]">Dynamic_allocator</a>
 <LI><a href="#[13b]">Dynamic_allocator_noRet</a>
 <LI><a href="#[11e]">Events_Process_Q</a>
 <LI><a href="#[138]">Events_Process_init</a>
 <LI><a href="#[164]">Exchg_Mtu_Resp</a>
 <LI><a href="#[165]">Exec_Write_Resp</a>
 <LI><a href="#[14a]">Find_Attr_Index</a>
 <LI><a href="#[16d]">Find_By_Type_Val_Resp</a>
 <LI><a href="#[149]">Find_Gatt_Client</a>
 <LI><a href="#[170]">Find_Info_Resp</a>
 <LI><a href="#[1b1]">Find_Timed_Out_Connection</a>
 <LI><a href="#[171]">Flash_Write_Flagged</a>
 <LI><a href="#[172]">GAP_Add_To_WhiteList</a>
 <LI><a href="#[175]">GAP_Connection_Complete_Handler</a>
 <LI><a href="#[177]">GAP_Create_Connection</a>
 <LI><a href="#[17b]">GAP_DiscProcTimeoutcb</a>
 <LI><a href="#[17d]">GAP_Init</a>
 <LI><a href="#[135]">GAP_Init_Context</a>
 <LI><a href="#[185]">GAP_Internal_Evt_Handler</a>
 <LI><a href="#[186]">GAP_LL_Event_Handler_ISR</a>
 <LI><a href="#[188]">GAP_LimDiscTimeoutcb</a>
 <LI><a href="#[18b]">GAP_Notify_Add_Charac</a>
 <LI><a href="#[179]">GAP_Privacy1v2</a>
 <LI><a href="#[195]">GAP_PrivateAddrTimercb</a>
 <LI><a href="#[11a]">GAP_Process_Q</a>
 <LI><a href="#[199]">GAP_Start_Auto_Conn_Establishment_Proc</a>
 <LI><a href="#[19a]">GAP_Start_Discovery_Procedure</a>
 <LI><a href="#[19c]">GAP_Start_General_Discovery_Procedure</a>
 <LI><a href="#[19d]">GAP_Start_Limited_Discovery_Procedure</a>
 <LI><a href="#[1e7]">GAP_Started_Gatt_Proc</a>
 <LI><a href="#[19e]">GAP_Terminate_Gap_Procedure</a>
 <LI><a href="#[1a0]">GAP_Terminate_Link</a>
 <LI><a href="#[1a2]">GAP_check_and_set_role</a>
 <LI><a href="#[1a3]">GAP_discover_peer_name</a>
 <LI><a href="#[1a5]">GAP_enable_controller_privacy</a>
 <LI><a href="#[1a9]">GATT_Connection_Complete_Handler</a>
 <LI><a href="#[18c]">GATT_Num_Charac_Present</a>
 <LI><a href="#[1ad]">GATT_Send_Packet</a>
 <LI><a href="#[1b0]">GATT_TimeOut_Handler</a>
 <LI><a href="#[37b]">GapIsPrivacySupported</a>
 <LI><a href="#[1b2]">Gatt_Add_Charac_Desc</a>
 <LI><a href="#[183]">Gatt_Add_Characteristic</a>
 <LI><a href="#[1b6]">Gatt_Add_Descriptor</a>
 <LI><a href="#[182]">Gatt_Add_Service</a>
 <LI><a href="#[1bb]">Gatt_Appl_Auth_For_Read</a>
 <LI><a href="#[1c2]">Gatt_Appl_Auth_For_Write</a>
 <LI><a href="#[1c8]">Gatt_Disc_All_Charac_Of_Serv</a>
 <LI><a href="#[1c9]">Gatt_Disc_All_Prim_Services</a>
 <LI><a href="#[1ca]">Gatt_Disc_Charac_Desc</a>
 <LI><a href="#[1cb]">Gatt_Find_Included_Services</a>
 <LI><a href="#[287]">Gatt_Find_Srv_From_Handle</a>
 <LI><a href="#[f3]">Gatt_Find_Srv_Owner_Of_Handle</a>
 <LI><a href="#[1db]">Gatt_Find_Timed_Out_Connection_Index</a>
 <LI><a href="#[11b]">Gatt_Process_Q</a>
 <LI><a href="#[1a4]">Gatt_Read_Charac_By_Uuid</a>
 <LI><a href="#[1d7]">Gatt_Read_Charac_Val</a>
 <LI><a href="#[1da]">Gatt_Read_Long_Charac_Value</a>
 <LI><a href="#[1b3]">Gatt_Server_Db_Check</a>
 <LI><a href="#[1dd]">Gatt_Server_Init</a>
 <LI><a href="#[1df]">Gatt_Server_L2C_Handler</a>
 <LI><a href="#[1e4]">Gatt_Server_L2C_Handler_ISR</a>
 <LI><a href="#[184]">Gatt_Update_Charac_Value</a>
 <LI><a href="#[1ef]">Gatt_Update_Charac_Value_Ext</a>
 <LI><a href="#[1f2]">Gatt_Write_Charac_Desc</a>
 <LI><a href="#[1f3]">Gatt_Write_Charac_Value</a>
 <LI><a href="#[1f4]">Gatt_Write_Without_Resp</a>
 <LI><a href="#[148]">Gatt_fetch_handle</a>
 <LI><a href="#[f4]">Gatt_search_handle</a>
 <LI><a href="#[1ac]">Gatt_search_service_handle</a>
 <LI><a href="#[191]">Generate_Non_Resolvable_Private_Address</a>
 <LI><a href="#[1ab]">Get_GAP_Handle</a>
 <LI><a href="#[17f]">Get_StaticRandAddr</a>
 <LI><a href="#[1f8]">HAL_Flash_Store_Data</a>
 <LI><a href="#[1f9]">HAL_Generate_Random_Bytes_To</a>
 <LI><a href="#[2e5]">HAL_Set_TX_Power_Level</a>
 <LI><a href="#[2d9]">HAL_VTimerAcc_sysT32_ms</a>
 <LI><a href="#[d0]">HAL_VTimerDiff_ms_sysT32</a>
 <LI><a href="#[ce]">HAL_VTimerGetCurrentTime_sysT32</a>
 <LI><a href="#[2d6]">HAL_VTimerTimeoutCallback</a>
 <LI><a href="#[1fb]">HAL_Write_ConfigData</a>
 <LI><a href="#[136]">HCI_Init</a>
 <LI><a href="#[1f7]">Hal_Get_Random_Number</a>
 <LI><a href="#[115]">Hal_Get_Random_Number32</a>
 <LI><a href="#[17e]">IDD_Initialize_Device_IDs</a>
 <LI><a href="#[14b]">Ind_Service_Change_Charac</a>
 <LI><a href="#[21f]">Is_Address_Initialized</a>
 <LI><a href="#[281]">Is_Flash_Write_On_Going</a>
 <LI><a href="#[200]">L2C_Build_Command_Reject_Pdu</a>
 <LI><a href="#[202]">L2C_Build_Connect_Update_Resp</a>
 <LI><a href="#[204]">L2C_Connection_Complete_Handler</a>
 <LI><a href="#[208]">L2C_Connection_Complete_Signal_Handler</a>
 <LI><a href="#[210]">L2C_Get_PDU_Len</a>
 <LI><a href="#[133]">L2C_Init</a>
 <LI><a href="#[212]">L2C_Rcv_Event_Handler</a>
 <LI><a href="#[213]">L2C_Rcv_Event_Handler_ISR</a>
 <LI><a href="#[1ae]">L2C_Send_Data</a>
 <LI><a href="#[219]">L2C_SigChan_Req_TimeOut_Handler</a>
 <LI><a href="#[20a]">L2C_Signal_Channel_Handler</a>
 <LI><a href="#[207]">L2C_Signal_Channel_Handler_ISR</a>
 <LI><a href="#[18e]">LL_Allow_Address_Setting</a>
 <LI><a href="#[21c]">LL_Cancel_Connection_Req</a>
 <LI><a href="#[21e]">LL_Check_And_Set_Addresses</a>
 <LI><a href="#[17a]">LL_Create_Connection</a>
 <LI><a href="#[19f]">LL_Create_Connection_Cancel</a>
 <LI><a href="#[157]">LL_Data_Length_Change_Event</a>
 <LI><a href="#[156]">LL_Data_Length_Update</a>
 <LI><a href="#[1a1]">LL_Disconnect_Link</a>
 <LI><a href="#[189]">LL_Enable_Disable_Adv</a>
 <LI><a href="#[178]">LL_Enable_Disable_Scan</a>
 <LI><a href="#[234]">LL_Encrypt_Plain_Data</a>
 <LI><a href="#[21b]">LL_Get_Address</a>
 <LI><a href="#[18f]">LL_Get_AdvAddress</a>
 <LI><a href="#[190]">LL_Get_ScanAddress</a>
 <LI><a href="#[130]">LL_Init</a>
 <LI><a href="#[174]">LL_LE_Add_Device_To_White_List</a>
 <LI><a href="#[173]">LL_LE_Clear_White_List</a>
 <LI><a href="#[23a]">LL_LE_Set_Address_Resolution_Enable</a>
 <LI><a href="#[1a6]">LL_LE_Set_Resolvable_Private_Address_Timeout</a>
 <LI><a href="#[fc]">LL_Send_ACL_Data</a>
 <LI><a href="#[15b]">LL_Send_Disconnection_Req</a>
 <LI><a href="#[23d]">LL_Send_Length_Resp</a>
 <LI><a href="#[1a8]">LL_SetAddressResolutionEnable</a>
 <LI><a href="#[22d]">LL_Set_Adv_PDU_Format</a>
 <LI><a href="#[22c]">LL_Set_Advertising_Buffers</a>
 <LI><a href="#[154]">LL_Set_Data_Length</a>
 <LI><a href="#[241]">LL_Set_LTK</a>
 <LI><a href="#[223]">LL_Set_OwnAddress</a>
 <LI><a href="#[19b]">LL_Set_Scan_Params</a>
 <LI><a href="#[326]">LL_Sleep_Req</a>
 <LI><a href="#[203]">LL_Start_Connection_Update</a>
 <LI><a href="#[243]">LL_Start_Encryption</a>
 <LI><a href="#[245]">LL_Update_Advertising_Buffers</a>
 <LI><a href="#[246]">LL_Update_Scanning_Initiating_Buffers</a>
 <LI><a href="#[247]">LL_priv_add_to_ConnIDList</a>
 <LI><a href="#[249]">LL_priv_remove_from_ConnIDList</a>
 <LI><a href="#[24c]">LL_priv_test_address_in_ConnIDList</a>
 <LI><a href="#[24d]">LL_receive_data</a>
 <LI><a href="#[32b]">LL_update_proc</a>
 <LI><a href="#[1b4]">List_Circular_Get_Size</a>
 <LI><a href="#[1b9]">List_Circular_Insert_Tail</a>
 <LI><a href="#[24f]">List_Circular_Node_Present</a>
 <LI><a href="#[2db]">List_Circular_Remove_Head</a>
 <LI><a href="#[1b8]">List_Circular_Remove_Node</a>
 <LI><a href="#[20e]">Mem_Buff_Append</a>
 <LI><a href="#[255]">Mem_Buff_Block_Copy</a>
 <LI><a href="#[257]">Mem_Buff_Block_Write</a>
 <LI><a href="#[258]">Mem_Buff_Clone</a>
 <LI><a href="#[259]">Mem_Buff_Cmp</a>
 <LI><a href="#[25a]">Mem_Buff_Compact</a>
 <LI><a href="#[268]">Mem_Buff_Get</a>
 <LI><a href="#[265]">Mem_Buff_Get_Chain_Count</a>
 <LI><a href="#[26c]">Mem_Buff_Get_Chain_Size</a>
 <LI><a href="#[269]">Mem_Buff_Init</a>
 <LI><a href="#[25b]">Mem_Buff_Read</a>
 <LI><a href="#[26a]">Mem_Buff_Release</a>
 <LI><a href="#[26d]">Mem_Buff_Resize</a>
 <LI><a href="#[25c]">Mem_Buff_Write</a>
 <LI><a href="#[25e]">PKA_Offline_Processing</a>
 <LI><a href="#[264]">PM_Clone_Pckt</a>
 <LI><a href="#[20f]">PM_Compact</a>
 <LI><a href="#[168]">PM_Copy_Pckt_Data</a>
 <LI><a href="#[1fc]">PM_Eng_Config</a>
 <LI><a href="#[20d]">PM_Extract_Pdu_MBuff</a>
 <LI><a href="#[1d4]">PM_Get_Available_Buffer</a>
 <LI><a href="#[266]">PM_Get_Mem_Buff_Count</a>
 <LI><a href="#[1bd]">PM_Get_Pckt</a>
 <LI><a href="#[131]">PM_Init</a>
 <LI><a href="#[16f]">PM_Pckt_Cmp</a>
 <LI><a href="#[16a]">PM_Release_Acl_Pckt</a>
 <LI><a href="#[26b]">PM_Resize_Pckt_Pdu_Size</a>
 <LI><a href="#[f1]">PM_Write_Pckt_Data</a>
 <LI><a href="#[239]">PRIVWHIT_u8AddAddrInList</a>
 <LI><a href="#[24a]">PRIVWHIT_u8RemoveAddrInList</a>
 <LI><a href="#[220]">PRIVWHIT_u8SearchAddrInList</a>
 <LI><a href="#[26e]">PRIVWHIT_vInit_Struct</a>
 <LI><a href="#[26f]">PRIV_SearchAddrInWhiteList</a>
 <LI><a href="#[271]">PRIV_u32ProcessAdvPacket</a>
 <LI><a href="#[274]">PRIV_u8OfflineProcessing</a>
 <LI><a href="#[272]">PRIV_u8ResolvePrivateAddress</a>
 <LI><a href="#[276]">PRIV_u8ResolvePrivateAddressUnit</a>
 <LI><a href="#[275]">PRIV_vGeneratePrivateAddress</a>
 <LI><a href="#[277]">PRIV_vGenerate_hci_le_direct_advertising_report_event</a>
 <LI><a href="#[27a]">PRIV_vGenerate_hci_le_enhanced_connection_complete_event</a>
 <LI><a href="#[1c3]">Prepare_Write_Resp</a>
 <LI><a href="#[1d1]">Process_Peer_Client_Data</a>
 <LI><a href="#[1d0]">Process_Peer_Server_Data</a>
 <LI><a href="#[140]">RAL_Isr</a>
 <LI><a href="#[1bf]">Read_Blob_Resp</a>
 <LI><a href="#[27d]">Read_By_Grp_Type_Resp</a>
 <LI><a href="#[1c1]">Read_By_Type_Resp</a>
 <LI><a href="#[1c0]">Read_Multi_Resp</a>
 <LI><a href="#[1be]">Read_Resp</a>
 <LI><a href="#[289]">SDB_Add_Record</a>
 <LI><a href="#[28f]">SDB_Clear</a>
 <LI><a href="#[290]">SDB_Find_Matching_LTK</a>
 <LI><a href="#[294]">SDB_Find_Record</a>
 <LI><a href="#[18d]">SDB_Get_Number_Of_Valid_Records</a>
 <LI><a href="#[1e6]">SDB_flash_write_client_data</a>
 <LI><a href="#[292]">SDB_get_security_data_record</a>
 <LI><a href="#[147]">SDB_read_peer_bonded_data</a>
 <LI><a href="#[293]">SMA_Diversify</a>
 <LI><a href="#[299]">SMA_Generate_CSRK</a>
 <LI><a href="#[29a]">SMA_Generate_IRK</a>
 <LI><a href="#[29b]">SMA_LP_s1_Generate_STK</a>
 <LI><a href="#[29c]">SMA_SC_Gen_f4_Confirm</a>
 <LI><a href="#[29e]">SMA_SC_Gen_f5_Keys</a>
 <LI><a href="#[29f]">SMA_SC_Gen_f6_Check_Val</a>
 <LI><a href="#[2a0]">SMA_SC_Gen_g2_NumComp_Val</a>
 <LI><a href="#[291]">SMA_generate_EDIV_recovery_DIV</a>
 <LI><a href="#[2a1]">SMP_ACI_sc_numeric_comparison_response</a>
 <LI><a href="#[134]">SMP_Init</a>
 <LI><a href="#[2a3]">SMP_MI_PairingRequest_Send</a>
 <LI><a href="#[11c]">SMP_Process_Q</a>
 <LI><a href="#[2b3]">SMP_Protocol_Timer_cb</a>
 <LI><a href="#[2b6]">SMP_aci_passkey_response</a>
 <LI><a href="#[20b]">SMP_acl_data_hndl</a>
 <LI><a href="#[14d]">SMP_check_encryption_key_size</a>
 <LI><a href="#[1cf]">SMP_check_is_device_bonded</a>
 <LI><a href="#[1ce]">SMP_forget_device_by_conn_handle</a>
 <LI><a href="#[14c]">SMP_get_link_status</a>
 <LI><a href="#[106]">SMP_get_remote_device_list_item</a>
 <LI><a href="#[214]">SMP_hci_disconnection_complete_evt_hndl</a>
 <LI><a href="#[216]">SMP_hci_encryption_change_evt_hndl</a>
 <LI><a href="#[205]">SMP_hci_le_connection_complete_evt_hndl</a>
 <LI><a href="#[206]">SMP_hci_le_enhanced_connection_complete_evt_hndl</a>
 <LI><a href="#[215]">SMP_hci_le_long_term_key_request_evt_hndl</a>
 <LI><a href="#[2ba]">SMP_repeated_attacks_timer_cb</a>
 <LI><a href="#[2ae]">SMP_reset_timer</a>
 <LI><a href="#[1fd]">SMP_sc_force_debug_key_usage</a>
 <LI><a href="#[2bc]">SMP_set_authentication_req</a>
 <LI><a href="#[300]">SMP_set_io_capabilities</a>
 <LI><a href="#[2be]">SMP_validate_signed_packet</a>
 <LI><a href="#[192]">SM_Generate_Resolvable_Private_Address</a>
 <LI><a href="#[295]">SM_Resolve_Private_Address</a>
 <LI><a href="#[2d1]">Select_Next_Notification_Client</a>
 <LI><a href="#[1e3]">Send_Notif_Or_Ind</a>
 <LI><a href="#[13f]">Set_Host_Timer_value</a>
 <LI><a href="#[1e2]">Start_Gatt_Timer</a>
 <LI><a href="#[1e0]">Stop_Gatt_Timer</a>
 <LI><a href="#[280]">Timer_ExpiryCallback</a>
 <LI><a href="#[12f]">Timer_Init</a>
 <LI><a href="#[119]">Timer_ProcessQ</a>
 <LI><a href="#[194]">Timer_StartOneShot</a>
 <LI><a href="#[2da]">Timer_StartOneShot_sysTime32</a>
 <LI><a href="#[193]">Timer_StopOneShot</a>
 <LI><a href="#[1fa]">Timer_sysTime32_convMachineTime</a>
 <LI><a href="#[31b]">WindowWiden1</a>
 <LI><a href="#[31f]">WindowWiden2</a>
 <LI><a href="#[1c5]">Write_Cmd</a>
 <LI><a href="#[1c4]">Write_Resp</a>
 <LI><a href="#[12c]">_BlueNRG_Stack_Initialization</a>
 <LI><a href="#[366]">__ARM_common_memcpy1_6</a>
 <LI><a href="#[32c]">aci_att_exchange_mtu_resp_event</a>
 <LI><a href="#[32d]">aci_att_exec_write_resp_event</a>
 <LI><a href="#[32e]">aci_att_find_by_type_value_resp_event</a>
 <LI><a href="#[32f]">aci_att_prepare_write_resp_event</a>
 <LI><a href="#[330]">aci_att_read_multiple_resp_event</a>
 <LI><a href="#[331]">aci_att_write_resp_event</a>
 <LI><a href="#[fa]">aci_event_fifo_push</a>
 <LI><a href="#[f9]">aci_event_fifo_push_header</a>
 <LI><a href="#[332]">aci_gap_addr_not_resolved_event</a>
 <LI><a href="#[333]">aci_gap_authorization_req_event</a>
 <LI><a href="#[334]">aci_gap_bond_lost_event</a>
 <LI><a href="#[a6]">aci_gap_clear_security_db</a>
 <LI><a href="#[2f6]">aci_gap_create_connection_api</a>
 <LI><a href="#[335]">aci_gap_device_found_event</a>
 <LI><a href="#[77]">aci_gap_init</a>
 <LI><a href="#[336]">aci_gap_keypress_notification_event</a>
 <LI><a href="#[337]">aci_gap_limited_discoverable_event</a>
 <LI><a href="#[2f8]">aci_gap_numeric_comparison_value_confirm_yesno_api</a>
 <LI><a href="#[a4]">aci_gap_pass_key_resp</a>
 <LI><a href="#[2ff]">aci_gap_send_pairing_req_api</a>
 <LI><a href="#[7e]">aci_gap_set_authentication_requirement</a>
 <LI><a href="#[7d]">aci_gap_set_io_capability</a>
 <LI><a href="#[338]">aci_gap_slave_security_initiated_event</a>
 <LI><a href="#[301]">aci_gap_start_auto_connection_establish_proc_api</a>
 <LI><a href="#[302]">aci_gap_start_general_discovery_proc_api</a>
 <LI><a href="#[303]">aci_gap_start_limited_discovery_proc_api</a>
 <LI><a href="#[8c]">aci_gap_terminate</a>
 <LI><a href="#[304]">aci_gap_terminate_gap_proc_api</a>
 <LI><a href="#[9e]">aci_gatt_allow_read</a>
 <LI><a href="#[d6]">aci_gatt_disc_all_char_desc</a>
 <LI><a href="#[d5]">aci_gatt_disc_all_char_of_service</a>
 <LI><a href="#[d3]">aci_gatt_disc_all_primary_services</a>
 <LI><a href="#[339]">aci_gatt_disc_read_char_by_uuid_resp_event</a>
 <LI><a href="#[d4]">aci_gatt_find_included_services</a>
 <LI><a href="#[76]">aci_gatt_init</a>
 <LI><a href="#[33a]">aci_gatt_prepare_write_permit_req_event</a>
 <LI><a href="#[33b]">aci_gatt_proc_timeout_event</a>
 <LI><a href="#[95]">aci_gatt_read_char_value</a>
 <LI><a href="#[97]">aci_gatt_read_long_char_value</a>
 <LI><a href="#[33c]">aci_gatt_read_multi_permit_req_event</a>
 <LI><a href="#[33d]">aci_gatt_server_confirmation_event</a>
 <LI><a href="#[78]">aci_gatt_update_char_value_ext</a>
 <LI><a href="#[93]">aci_gatt_write_char_desc</a>
 <LI><a href="#[99]">aci_gatt_write_char_value</a>
 <LI><a href="#[a0]">aci_gatt_write_resp</a>
 <LI><a href="#[9c]">aci_gatt_write_without_resp</a>
 <LI><a href="#[35b]">aci_hal_end_of_radio_activity_event</a>
 <LI><a href="#[33e]">aci_hal_scan_req_report_event</a>
 <LI><a href="#[79]">aci_hal_set_tx_power_level</a>
 <LI><a href="#[75]">aci_hal_write_config_data</a>
 <LI><a href="#[33f]">aci_l2cap_command_reject_event</a>
 <LI><a href="#[30f]">aci_l2cap_connection_parameter_update_resp_api</a>
 <LI><a href="#[340]">aci_l2cap_connection_update_resp_event</a>
 <LI><a href="#[341]">aci_l2cap_proc_timeout_event</a>
 <LI><a href="#[166]">acl_list_first</a>
 <LI><a href="#[27c]">acl_list_full_on_packt</a>
 <LI><a href="#[1de]">acl_list_init</a>
 <LI><a href="#[1d3]">acl_list_insert_head</a>
 <LI><a href="#[1af]">acl_list_insert_tail</a>
 <LI><a href="#[1bc]">acl_list_is_empty</a>
 <LI><a href="#[167]">acl_list_remove</a>
 <LI><a href="#[1d2]">acl_list_remove_head</a>
 <LI><a href="#[319]">advance_slave_timing_MultiSlave</a>
 <LI><a href="#[120]">advance_transmit</a>
 <LI><a href="#[100]">advance_wakeup_timer</a>
 <LI><a href="#[328]">anchor_replace</a>
 <LI><a href="#[137]">ble_HAL_Init</a>
 <LI><a href="#[327]">cancel_connect_master</a>
 <LI><a href="#[230]">cancel_current_master</a>
 <LI><a href="#[325]">cancel_master</a>
 <LI><a href="#[322]">cancel_slave</a>
 <LI><a href="#[4c]">cb_aci_att_exchange_mtu_resp_event</a>
 <LI><a href="#[56]">cb_aci_att_exec_write_resp_event</a>
 <LI><a href="#[4e]">cb_aci_att_find_by_type_value_resp_event</a>
 <LI><a href="#[4d]">cb_aci_att_find_info_resp_event</a>
 <LI><a href="#[55]">cb_aci_att_prepare_write_resp_event</a>
 <LI><a href="#[51]">cb_aci_att_read_blob_resp_event</a>
 <LI><a href="#[53]">cb_aci_att_read_by_group_type_resp_event</a>
 <LI><a href="#[4f]">cb_aci_att_read_by_type_resp_event</a>
 <LI><a href="#[52]">cb_aci_att_read_multiple_resp_event</a>
 <LI><a href="#[50]">cb_aci_att_read_resp_event</a>
 <LI><a href="#[54]">cb_aci_att_write_resp_event</a>
 <LI><a href="#[42]">cb_aci_gap_addr_not_resolved_event</a>
 <LI><a href="#[3d]">cb_aci_gap_authorization_req_event</a>
 <LI><a href="#[3f]">cb_aci_gap_bond_lost_event</a>
 <LI><a href="#[40]">cb_aci_gap_device_found_event</a>
 <LI><a href="#[44]">cb_aci_gap_keypress_notification_event</a>
 <LI><a href="#[3a]">cb_aci_gap_limited_discoverable_event</a>
 <LI><a href="#[43]">cb_aci_gap_numeric_comparison_value_event</a>
 <LI><a href="#[3b]">cb_aci_gap_pairing_complete_event</a>
 <LI><a href="#[3c]">cb_aci_gap_pass_key_req_event</a>
 <LI><a href="#[41]">cb_aci_gap_proc_complete_event</a>
 <LI><a href="#[3e]">cb_aci_gap_slave_security_initiated_event</a>
 <LI><a href="#[4a]">cb_aci_gatt_attribute_modified_event</a>
 <LI><a href="#[5b]">cb_aci_gatt_disc_read_char_by_uuid_resp_event</a>
 <LI><a href="#[5a]">cb_aci_gatt_error_resp_event</a>
 <LI><a href="#[57]">cb_aci_gatt_indication_event</a>
 <LI><a href="#[58]">cb_aci_gatt_notification_event</a>
 <LI><a href="#[5d]">cb_aci_gatt_prepare_write_permit_req_event</a>
 <LI><a href="#[59]">cb_aci_gatt_proc_complete_event</a>
 <LI><a href="#[4b]">cb_aci_gatt_proc_timeout_event</a>
 <LI><a href="#[5f]">cb_aci_gatt_read_multi_permit_req_event</a>
 <LI><a href="#[5e]">cb_aci_gatt_read_permit_req_event</a>
 <LI><a href="#[61]">cb_aci_gatt_server_confirmation_event</a>
 <LI><a href="#[60]">cb_aci_gatt_tx_pool_available_event</a>
 <LI><a href="#[5c]">cb_aci_gatt_write_permit_req_event</a>
 <LI><a href="#[49]">cb_aci_hal_fw_error_event</a>
 <LI><a href="#[37]">cb_aci_hal_scan_req_report_event</a>
 <LI><a href="#[48]">cb_aci_l2cap_command_reject_event</a>
 <LI><a href="#[47]">cb_aci_l2cap_connection_update_req_event</a>
 <LI><a href="#[45]">cb_aci_l2cap_connection_update_resp_event</a>
 <LI><a href="#[46]">cb_aci_l2cap_proc_timeout_event</a>
 <LI><a href="#[33]">cb_hci_data_buffer_overflow_event</a>
 <LI><a href="#[28]">cb_hci_disconnection_complete_event</a>
 <LI><a href="#[29]">cb_hci_encryption_change_event</a>
 <LI><a href="#[2a]">cb_hci_encryption_key_refresh_complete_event</a>
 <LI><a href="#[2d]">cb_hci_le_advertising_report_event</a>
 <LI><a href="#[2b]">cb_hci_le_connection_complete_event</a>
 <LI><a href="#[35]">cb_hci_le_connection_update_complete_event</a>
 <LI><a href="#[2e]">cb_hci_le_data_length_change_event</a>
 <LI><a href="#[32]">cb_hci_le_direct_advertising_report_event</a>
 <LI><a href="#[31]">cb_hci_le_enhanced_connection_complete_event</a>
 <LI><a href="#[30]">cb_hci_le_generate_dhkey_complete_event</a>
 <LI><a href="#[2c]">cb_hci_le_long_term_key_request_event</a>
 <LI><a href="#[2f]">cb_hci_le_read_local_p256_public_key_complete_event</a>
 <LI><a href="#[36]">cb_hci_le_read_remote_used_features_complete_event</a>
 <LI><a href="#[38]">cb_hci_number_of_completed_packets_event</a>
 <LI><a href="#[34]">cb_hci_read_remote_version_information_complete_event</a>
 <LI><a href="#[39]">cb_hci_rx_acl_data_event</a>
 <LI><a href="#[143]">char_copy</a>
 <LI><a href="#[36f]">copy_4_u32</a>
 <LI><a href="#[29d]">copy_swap_buffer</a>
 <LI><a href="#[323]">copy_tx_data_packet</a>
 <LI><a href="#[235]">encrypt</a>
 <LI><a href="#[3c8]">full_state_func_call_init</a>
 <LI><a href="#[355]">get_adv_addr</a>
 <LI><a href="#[196]">get_advertiser</a>
 <LI><a href="#[fd]">get_connection_no</a>
 <LI><a href="#[22b]">get_next_free_slot</a>
 <LI><a href="#[356]">get_scan_addr</a>
 <LI><a href="#[197]">get_scan_connection</a>
 <LI><a href="#[357]">go_to_connect</a>
 <LI><a href="#[359]">go_to_connect_master</a>
 <LI><a href="#[160]">hal_radio_activity_state_callback_check</a>
 <LI><a href="#[161]">hal_radio_activity_state_init</a>
 <LI><a href="#[35a]">hal_read_radio_activity_state</a>
 <LI><a href="#[344]">hci_encryption_key_refresh_complete_event</a>
 <LI><a href="#[347]">hci_le_connection_update_complete_event</a>
 <LI><a href="#[348]">hci_le_data_length_change_event</a>
 <LI><a href="#[349]">hci_le_direct_advertising_report_event</a>
 <LI><a href="#[298]">hci_le_encrypt</a>
 <LI><a href="#[34a]">hci_le_enhanced_connection_complete_event</a>
 <LI><a href="#[360]">hci_le_generate_dhkey_api</a>
 <LI><a href="#[34b]">hci_le_generate_dhkey_complete_event</a>
 <LI><a href="#[34c]">hci_le_long_term_key_request_event</a>
 <LI><a href="#[2af]">hci_le_long_term_key_request_reply</a>
 <LI><a href="#[2ac]">hci_le_long_term_key_requested_negative_reply</a>
 <LI><a href="#[361]">hci_le_read_local_p256_public_key_api</a>
 <LI><a href="#[34d]">hci_le_read_local_p256_public_key_complete_event</a>
 <LI><a href="#[34e]">hci_le_read_remote_used_features_complete_event</a>
 <LI><a href="#[1a7]">hci_le_set_event_mask</a>
 <LI><a href="#[2f7]">hci_load_connParams</a>
 <LI><a href="#[34f]">hci_number_of_completed_packets_event</a>
 <LI><a href="#[350]">hci_read_remote_version_information_complete_event</a>
 <LI><a href="#[362]">hci_rx_acl_data</a>
 <LI><a href="#[351]">hci_rx_acl_data_event</a>
 <LI><a href="#[363]">hci_tx_acl_data_done</a>
 <LI><a href="#[63]">int_cb_hci_acl_data_ind_event</a>
 <LI><a href="#[62]">int_cb_hci_acl_data_tx_cmpl_event</a>
 <LI><a href="#[64]">int_cb_hci_disconnection_complete_event</a>
 <LI><a href="#[65]">int_cb_hci_encryption_change_event</a>
 <LI><a href="#[66]">int_cb_hci_encryption_key_refresh_complete_event</a>
 <LI><a href="#[69]">int_cb_hci_le_advertising_report_event</a>
 <LI><a href="#[67]">int_cb_hci_le_connection_complete_event</a>
 <LI><a href="#[6a]">int_cb_hci_le_data_length_change_event</a>
 <LI><a href="#[6e]">int_cb_hci_le_direct_advertising_report_event</a>
 <LI><a href="#[6d]">int_cb_hci_le_enhanced_connection_complete_event</a>
 <LI><a href="#[6c]">int_cb_hci_le_generate_dhkey_complete_event</a>
 <LI><a href="#[68]">int_cb_hci_le_long_term_key_request_event</a>
 <LI><a href="#[6b]">int_cb_hci_le_read_local_p256_public_key_complete_event</a>
 <LI><a href="#[1ff]">is_Buffer_All_Set_To</a>
 <LI><a href="#[371]">is_connected</a>
 <LI><a href="#[fe]">is_slave</a>
 <LI><a href="#[24e]">isr_Acl_Data_Indication_Queue_Full</a>
 <LI><a href="#[368]">isr_Acl_Data_TX_Cmpl_Queue_Full</a>
 <LI><a href="#[283]">isr_event_handler</a>
 <LI><a href="#[36d]">isr_event_handler_scan_data</a>
 <LI><a href="#[284]">isr_postproc</a>
 <LI><a href="#[369]">isr_postproc1</a>
 <LI><a href="#[367]">isr_postproc_encrypt_data</a>
 <LI><a href="#[370]">ll_write_supported_data</a>
 <LI><a href="#[13e]">machine_time_trans</a>
 <LI><a href="#[2e0]">mem_alloc_ctx_init</a>
 <LI><a href="#[324]">microseconds_to_machine_time</a>
 <LI><a href="#[31d]">modulo_37</a>
 <LI><a href="#[238]">nsar_init</a>
 <LI><a href="#[282]">read_rssi</a>
 <LI><a href="#[225]">request_connect_slot</a>
 <LI><a href="#[232]">request_scan_slot</a>
 <LI><a href="#[242]">reschedule_wakeup_slot</a>
 <LI><a href="#[22e]">schedule_advertise_slot</a>
 <LI><a href="#[13d]">set_freq</a>
 <LI><a href="#[31a]">set_sca</a>
 <LI><a href="#[321]">set_string</a>
 <LI><a href="#[ff]">slave_advance</a>
 <LI><a href="#[2c0]">sma_CMAC_generate_tag</a>
 <LI><a href="#[381]">smp_Execute_Actions_wrt_Current_State_MI_excerpt</a>
 <LI><a href="#[384]">smp_Execute_Actions_wrt_Current_State_sc_MI_excerpt_phase2as2</a>
 <LI><a href="#[387]">smp_Execute_Actions_wrt_Current_State_sc_excerpt_phase2as2</a>
 <LI><a href="#[38a]">smp_Execute_Actions_wrt_Current_State_sc_excerpt_phase_1_to_2</a>
 <LI><a href="#[392]">smp_MI_Start_Encryption</a>
 <LI><a href="#[393]">smp_Process_Rx_Packet_Exception_Cases_sc_excerpt</a>
 <LI><a href="#[395]">smp_Process_Rx_Packet_wrt_Current_State_MI_excerpt</a>
 <LI><a href="#[39e]">smp_Process_Rx_Packet_wrt_Current_State_sc_excerpt</a>
 <LI><a href="#[3af]">smp_add_pairing_record_to_bonding_database</a>
 <LI><a href="#[3b3]">smp_cmn_pairing_phase_3_keys_receiving</a>
 <LI><a href="#[2ad]">smp_find_remote_device_index</a>
 <LI><a href="#[2bf]">smp_get_CSRK</a>
 <LI><a href="#[38e]">smp_get_local_identity_address</a>
 <LI><a href="#[2bd]">smp_is_any_pairing_ongoing</a>
 <LI><a href="#[380]">smp_keys_distribution_start</a>
 <LI><a href="#[2a7]">smp_oob_check_is_remote_data_present</a>
 <LI><a href="#[3ab]">smp_oob_get_remote_data_reference</a>
 <LI><a href="#[3b4]">smp_pairing_2octets_packet_send</a>
 <LI><a href="#[37d]">smp_pairing_completed</a>
 <LI><a href="#[2b1]">smp_pairing_failed_receive</a>
 <LI><a href="#[389]">smp_pairing_failed_send</a>
 <LI><a href="#[3b6]">smp_repeated_attacks_protection</a>
 <LI><a href="#[3b7]">smp_sc_MI_PairingConfirm_Send_sc_excerpt</a>
 <LI><a href="#[3b8]">smp_sc_MI_PairingRandom_Receive_sc_excerpt1</a>
 <LI><a href="#[3b9]">smp_sc_MI_PairingRandom_Receive_sc_excerpt2</a>
 <LI><a href="#[3bb]">smp_sc_MI_PairingResponse_Receive_sc_excerpt</a>
 <LI><a href="#[3bc]">smp_sc_MI_Pairing_Phase_2AS1_Start_sc_excerpt</a>
 <LI><a href="#[3be]">smp_sc_SR_PairingConfirm_Receive_sc_excerpt</a>
 <LI><a href="#[3bf]">smp_sc_SR_PairingRandom_Receive_sc_excerpt</a>
 <LI><a href="#[3c0]">smp_sc_SR_Pairing_Phase_2AS1_Start_sc_excerpt</a>
 <LI><a href="#[38c]">smp_sc_check_for_ecc_pk_generation_request</a>
 <LI><a href="#[3c1]">smp_sc_continue_on_exclusive_sc_pairing</a>
 <LI><a href="#[3c2]">smp_sc_force_debug_private_key</a>
 <LI><a href="#[3c3]">smp_sc_hci_le_generate_dhkey_complete_evt_hndl</a>
 <LI><a href="#[3c4]">smp_sc_hci_le_read_local_p256_public_key_complete_evt_hndl</a>
 <LI><a href="#[3c5]">smp_sc_init</a>
 <LI><a href="#[2bb]">smp_sc_is_another_sc_pairing_ongoing</a>
 <LI><a href="#[3b2]">smp_sc_is_debug_key_usage_forced</a>
 <LI><a href="#[3bd]">smp_sc_pairing_oob_confirm_receive_verify</a>
 <LI><a href="#[39f]">smp_sc_pairing_public_key_receive</a>
 <LI><a href="#[38d]">smp_sc_pairing_public_key_send</a>
 <LI><a href="#[3a0]">smp_sc_phase_2as2_dhkey_check_receive</a>
 <LI><a href="#[388]">smp_sc_phase_2as2_start</a>
 <LI><a href="#[38b]">smp_sc_submit_ecc_pk_generation_request</a>
 <LI><a href="#[3c6]">smp_sc_update_statistics_on_pairing_complete</a>
 <LI><a href="#[2a4]">smp_search_blacklist</a>
 <LI><a href="#[2a9]">smp_send_packet</a>
 <LI><a href="#[233]">start_timebase</a>
 <LI><a href="#[1e5]">store_data</a>
 <LI><a href="#[31e]">swap_slaves</a>
 <LI><a href="#[2d8]">system_time_trans</a>
 <LI><a href="#[2d7]">system_time_trans_ext</a>
 <LI><a href="#[31c]">time_offset1</a>
 <LI><a href="#[320]">time_offset2</a>
 <LI><a href="#[358]">timebase_start_connect</a>
 <LI><a href="#[36b]">unpack_channel_map</a>
 <LI><a href="#[36a]">unpack_update_request</a>
 <LI><a href="#[12d]">BlueNRG_Stack_Initialize_ConfigData</a>
 <LI><a href="#[12e]">BlueNRG_Stack_Initialize_Layers</a>
 <LI><a href="#[11f]">BlueNRG_Stack_Perform_Crystal_Check</a>
 <LI><a href="#[13c]">BlueNRG_Start_Crystal_Measurement</a>
 <LI><a href="#[187]">_GAP_Parse_Advertising_Report</a>
 <LI><a href="#[18a]">aci_gap_limited_discoverable_event_push</a>
 <LI><a href="#[176]">aci_gap_proc_complete_event_push</a>
 <LI><a href="#[2d5]">TimerCallback</a>
 <LI><a href="#[1]">isr_advertise_state</a>
 <LI><a href="#[26]">isr_connect_master_state</a>
 <LI><a href="#[2]">isr_connect_slave_state</a>
 <LI><a href="#[25]">isr_scan_state</a>
 <LI><a href="#[4]">isr_test_rx_state</a>
 <LI><a href="#[3]">isr_test_tx_state</a>
 <LI><a href="#[0]">isr_unknown_state</a>
 <LI><a href="#[270]">PRIV_SearchAddrInEachList</a>
 <LI><a href="#[278]">hci_le_direct_advertising_report_event_push</a>
 <LI><a href="#[23b]">scan_connection_or_advertiser</a>
 <LI><a href="#[23c]">LL_Send_Length_Req</a>
 <LI><a href="#[23e]">MIN_U16</a>
 <LI><a href="#[226]">check_access_address_patched</a>
 <LI><a href="#[35c]">hci_encryption_change_event_push</a>
 <LI><a href="#[35d]">hci_encryption_key_refresh_complete_event_push</a>
 <LI><a href="#[35e]">hci_le_advertising_report_event_push</a>
 <LI><a href="#[229]">hci_le_connection_complete_event_push</a>
 <LI><a href="#[35f]">hci_le_connection_update_complete_event_push</a>
 <LI><a href="#[228]">int32ToLe3Byte</a>
 <LI><a href="#[227]">int32ToLe4Byte</a>
 <LI><a href="#[231]">wait_for_prescheduled_slot_cancellation</a>
 <LI><a href="#[315]">addr_u32_from_u8</a>
 <LI><a href="#[317]">le2ByteToInt16</a>
 <LI><a href="#[316]">le4ByteToInt32</a>
 <LI><a href="#[244]">le4ByteToInt32</a>
 <LI><a href="#[21d]">wait_for_prescheduled_slot_cancellation</a>
 <LI><a href="#[3cb]">swap_u16</a>
 <LI><a href="#[3ca]">swap_u32</a>
 <LI><a href="#[3c9]">swap_u8</a>
 <LI><a href="#[2fa]">aci_gap_numeric_comparison_value_event_push</a>
 <LI><a href="#[390]">int32ToLe4Byte</a>
 <LI><a href="#[3ba]">le4ByteToInt32</a>
 <LI><a href="#[2a6]">smp_Build_AuthReq_Field</a>
 <LI><a href="#[2a8]">smp_Build_Pairing_ReqResp_Packet</a>
 <LI><a href="#[3a6]">smp_Check_Incoming_Pairing_Parameters</a>
 <LI><a href="#[378]">smp_Determine_Key_Association_Method</a>
 <LI><a href="#[2b0]">smp_Execute_Actions_wrt_Current_State</a>
 <LI><a href="#[2ab]">smp_Get_Long_Term_Key</a>
 <LI><a href="#[3a8]">smp_Get_Pairing_Parameters_From_Peer_Packet</a>
 <LI><a href="#[37c]">smp_Keys_Distribution_Send</a>
 <LI><a href="#[38f]">smp_LP_MI_Compute_c1_Confirm_Value</a>
 <LI><a href="#[391]">smp_LP_SR_Compute_c1_Confirm_Value</a>
 <LI><a href="#[39a]">smp_Process_Rx_Packet_wrt_Current_State_SR_excerpt</a>
 <LI><a href="#[3a2]">smp_Set_Key_Association_Method</a>
 <LI><a href="#[385]">smp____MI_PairingConfirm_Receive</a>
 <LI><a href="#[383]">smp____MI_PairingConfirm_Send</a>
 <LI><a href="#[398]">smp____MI_PairingRandom_Receive</a>
 <LI><a href="#[397]">smp____MI_PairingResponse_Receive</a>
 <LI><a href="#[396]">smp____MI_SecurityRequest_Receive</a>
 <LI><a href="#[39c]">smp____SR_PairingConfirm_Receive</a>
 <LI><a href="#[39d]">smp____SR_PairingRandom_Receive</a>
 <LI><a href="#[39b]">smp____SR_PairingRequest_Receive</a>
 <LI><a href="#[2b2]">smp_cmn_process_rx_packet_wrt_current_state</a>
 <LI><a href="#[3a9]">smp____SC_Phase_2AS2_DHKeyCheck_Send</a>
 <LI><a href="#[3aa]">smp____SC_Phase_2AS2_Generate_DHKeyCheck</a>
 <LI><a href="#[3ac]">smp____SC_Phase_2AS2__Set_Addresses</a>
 <LI><a href="#[3b1]">smp____sc_verify_peer_pk_and_generate_dhkey</a>
 <LI><a href="#[2f4]">fifoBuf_getFreeHeader</a>
 <LI><a href="#[162]">fifoCtrl_init</a>
 <LI><a href="#[14e]">Check_and_find_gatt_client</a>
 <LI><a href="#[1f6]">GATT_Server_Set_Flag</a>
 <LI><a href="#[1d]">Gatt_All_Primary_Cb</a>
 <LI><a href="#[1c6]">Gatt_Check_Not_Error_Resp</a>
 <LI><a href="#[1c]">Gatt_Disc_All_Charac_Cb</a>
 <LI><a href="#[1e]">Gatt_Disc_Charac_Desc_Cb</a>
 <LI><a href="#[1f]">Gatt_Find_Incl_Serv_Cb</a>
 <LI><a href="#[1d5]">Gatt_Read</a>
 <LI><a href="#[20]">Gatt_Read_Cb</a>
 <LI><a href="#[21]">Gatt_Read_Charac_By_Uuid_Cb</a>
 <LI><a href="#[1d8]">Gatt_Read_Long</a>
 <LI><a href="#[22]">Gatt_Read_Long_Cb</a>
 <LI><a href="#[1ba]">Gatt_Super_Handler</a>
 <LI><a href="#[1d6]">Gatt_Super_Handler_Task7</a>
 <LI><a href="#[1f1]">Gatt_Write</a>
 <LI><a href="#[23]">Gatt_Write_Cb</a>
 <LI><a href="#[1f5]">PM_Get_Host_Pckt</a>
 <LI><a href="#[2eb]">aci_att_find_by_type_value_resp_event_push</a>
 <LI><a href="#[2ed]">aci_att_find_info_resp_event_push</a>
 <LI><a href="#[1ed]">aci_att_read_blob_resp_event_push</a>
 <LI><a href="#[2f0]">aci_att_read_by_group_type_resp_event_push</a>
 <LI><a href="#[2f2]">aci_att_read_by_type_resp_event_push</a>
 <LI><a href="#[1ec]">aci_att_read_multiple_resp_event_push</a>
 <LI><a href="#[1eb]">aci_att_read_resp_event_push</a>
 <LI><a href="#[1e8]">aci_gatt_disc_read_char_by_uuid_resp_event_push</a>
 <LI><a href="#[1c7]">aci_gatt_error_resp_event_push</a>
 <LI><a href="#[1ea]">aci_gatt_proc_complete_event_push</a>
 <LI><a href="#[1d9]">int16ToLe2Byte</a>
 <LI><a href="#[1ee]">le2ByteToInt16</a>
 <LI><a href="#[1e9]">send_gatt_event</a>
 <LI><a href="#[1aa]">GATT_Server_Set_Flag</a>
 <LI><a href="#[1cc]">Gatt_Flush_Pending_AclPacket_Lists</a>
 <LI><a href="#[1cd]">Gatt_Reset_To_Closed_State</a>
 <LI><a href="#[1dc]">Gatt_Store_Server_Database_And_Reset_CCCD</a>
 <LI><a href="#[1f0]">Pm_Resize_Host_Acl_Pckt</a>
 <LI><a href="#[27e]">aci_gatt_indication_event_push</a>
 <LI><a href="#[27f]">aci_gatt_notification_event_push</a>
 <LI><a href="#[1e1]">aci_hal_fw_error_event_push</a>
 <LI><a href="#[201]">L2C_Get_Connection_Info</a>
 <LI><a href="#[218]">L2C_Get_Connection_Info_Index</a>
 <LI><a href="#[209]">L2C_Mux_Acl_Packet</a>
 <LI><a href="#[20c]">L2C_Rcv_Data</a>
 <LI><a href="#[217]">L2C_Reset_To_Closed_State</a>
 <LI><a href="#[211]">L2C_discard_accumulated_acl_data</a>
 <LI><a href="#[21a]">aci_l2cap_connection_update_req_event_push</a>
 <LI><a href="#[15c]">Mem_assign</a>
 <LI><a href="#[311]">adapt_slot</a>
 <LI><a href="#[313]">nsar_insertSlotListEntry</a>
 <LI><a href="#[314]">nsar_searchBestFreeSlot</a>
 <LI><a href="#[374]">nsar_updateBestFreeSlot</a>
 <LI><a href="#[312]">nsar_updateSlotListEntry</a>
 <LI><a href="#[32a]">swap_u16</a>
 <LI><a href="#[267]">PM_Check_And_Set</a>
 <LI><a href="#[36e]">wait_for_aes_ready</a>
 <LI><a href="#[222]">LL_Set_DirectAddress</a>
 <LI><a href="#[240]">addr_u32_from_u8</a>
 <LI><a href="#[237]">int32ToLe4Byte</a>
 <LI><a href="#[318]">le4ByteToInt32</a>
 <LI><a href="#[22f]">wait_for_prescheduled_slot_cancellation</a>
 <LI><a href="#[15d]">Erase_Sector</a>
 <LI><a href="#[296]">Write_Client_Data</a>
 <LI><a href="#[2de]">int32ToLe4Byte</a>
 <LI><a href="#[28c]">sdb_delete</a>
 <LI><a href="#[297]">sdb_find_client_data</a>
 <LI><a href="#[2dc]">sdb_get_gatt_db_start_address</a>
 <LI><a href="#[28d]">sdb_invalidate_record</a>
 <LI><a href="#[2dd]">sdb_read_address_type</a>
 <LI><a href="#[28b]">sdb_read_record</a>
 <LI><a href="#[28a]">sdb_read_record_validity</a>
 <LI><a href="#[28e]">sdb_write_record</a>
 <LI><a href="#[2c1]">sma_Calculate_Hash</a>
 <LI><a href="#[376]">sma_generate_subkeys</a>
 <LI><a href="#[377]">sma_left_shift</a>
 <LI><a href="#[2b8]">SMP_connection_complete_handler</a>
 <LI><a href="#[2f5]">aci_gap_authorization_req_event_push</a>
 <LI><a href="#[2b4]">aci_gap_pairing_complete_event_push</a>
 <LI><a href="#[2b7]">smp_Keys_Distribution_Complete</a>
 <LI><a href="#[2b9]">smp_flush_rx_queues</a>
 <LI><a href="#[3b5]">smp_pairing_process_abort</a>
 <LI><a href="#[2b5]">smp_update_statistics_on_pairing_complete</a>
 <LI><a href="#[f0]">ATT_fill_type_val_entry</a>
 <LI><a href="#[f2]">ATT_validate_prepare_req</a>
 <LI><a href="#[16e]">Pm_Resize_Host_Acl_Pckt</a>
 <LI><a href="#[169]">aci_gatt_attribute_modified_event_push</a>
 <LI><a href="#[288]">aci_gatt_read_multi_permit_req_event_push</a>
 <LI><a href="#[286]">aci_gatt_read_permit_req_event_push</a>
 <LI><a href="#[2df]">aci_gatt_write_permit_req_event_push</a>
 <LI><a href="#[109]">Pm_Resize_Host_Acl_Pckt</a>
</UL>
</UL>
<P>
<H3>
Mutually Recursive functions
</H3> <LI><a href="#[7]">HardFault_Handler</a>&nbsp;&nbsp;&nbsp;&rArr;&nbsp;&nbsp;&nbsp;<a href="#[7]">HardFault_Handler</a><BR>
</UL>
<P>
<H3>
Function Pointers
</H3><UL>
 <LI><a href="#[11]">ADC_Handler</a> from system_bluenrg1.o(i.ADC_Handler) referenced from system_bluenrg1.o(.intvec)
 <LI><a href="#[f]">Blue_Handler</a> from bluenrg1_it.o(i.Blue_Handler) referenced from system_bluenrg1.o(.intvec)
 <LI><a href="#[1a]">DMA_Handler</a> from system_bluenrg1.o(i.DMA_Handler) referenced from system_bluenrg1.o(.intvec)
 <LI><a href="#[b]">GPIO_Handler</a> from bluenrg1_it.o(i.GPIO_Handler) referenced from system_bluenrg1.o(.intvec)
 <LI><a href="#[1d]">Gatt_All_Primary_Cb</a> from gatt_client.o(i.Gatt_All_Primary_Cb) referenced from gatt_client.o(i.Gatt_Disc_All_Prim_Services)
 <LI><a href="#[1c]">Gatt_Disc_All_Charac_Cb</a> from gatt_client.o(i.Gatt_Disc_All_Charac_Cb) referenced from gatt_client.o(i.Gatt_Disc_All_Charac_Of_Serv)
 <LI><a href="#[1e]">Gatt_Disc_Charac_Desc_Cb</a> from gatt_client.o(i.Gatt_Disc_Charac_Desc_Cb) referenced from gatt_client.o(i.Gatt_Disc_Charac_Desc)
 <LI><a href="#[1f]">Gatt_Find_Incl_Serv_Cb</a> from gatt_client.o(i.Gatt_Find_Incl_Serv_Cb) referenced from gatt_client.o(i.Gatt_Find_Included_Services)
 <LI><a href="#[20]">Gatt_Read_Cb</a> from gatt_client.o(i.Gatt_Read_Cb) referenced from gatt_client.o(i.Gatt_Read)
 <LI><a href="#[21]">Gatt_Read_Charac_By_Uuid_Cb</a> from gatt_client.o(i.Gatt_Read_Charac_By_Uuid_Cb) referenced from gatt_client.o(i.Gatt_Read_Charac_By_Uuid)
 <LI><a href="#[22]">Gatt_Read_Long_Cb</a> from gatt_client.o(i.Gatt_Read_Long_Cb) referenced from gatt_client.o(i.Gatt_Read_Long)
 <LI><a href="#[23]">Gatt_Write_Cb</a> from gatt_client.o(i.Gatt_Write_Cb) referenced from gatt_client.o(i.Gatt_Write)
 <LI><a href="#[7]">HardFault_Handler</a> from bluenrg1_it.o(i.HardFault_Handler) referenced from system_bluenrg1.o(.intvec)
 <LI><a href="#[13]">I2C1_Handler</a> from system_bluenrg1.o(i.I2C1_Handler) referenced from system_bluenrg1.o(.intvec)
 <LI><a href="#[12]">I2C2_Handler</a> from system_bluenrg1.o(i.I2C2_Handler) referenced from system_bluenrg1.o(.intvec)
 <LI><a href="#[14]">MFT1A_Handler</a> from system_bluenrg1.o(i.MFT1A_Handler) referenced from system_bluenrg1.o(.intvec)
 <LI><a href="#[15]">MFT1B_Handler</a> from system_bluenrg1.o(i.MFT1B_Handler) referenced from system_bluenrg1.o(.intvec)
 <LI><a href="#[16]">MFT2A_Handler</a> from system_bluenrg1.o(i.MFT2A_Handler) referenced from system_bluenrg1.o(.intvec)
 <LI><a href="#[17]">MFT2B_Handler</a> from system_bluenrg1.o(i.MFT2B_Handler) referenced from system_bluenrg1.o(.intvec)
 <LI><a href="#[6]">NMI_Handler</a> from bluenrg1_it.o(i.NMI_Handler) referenced from system_bluenrg1.o(.intvec)
 <LI><a href="#[c]">NVM_Handler</a> from system_bluenrg1.o(i.NVM_Handler) referenced from system_bluenrg1.o(.intvec)
 <LI><a href="#[19]">PKA_Handler</a> from system_bluenrg1.o(i.PKA_Handler) referenced from system_bluenrg1.o(.intvec)
 <LI><a href="#[9]">PendSV_Handler</a> from system_bluenrg1.o(i.PendSV_Handler) referenced from system_bluenrg1.o(.intvec)
 <LI><a href="#[5]">RESET_HANDLER</a> from system_bluenrg1.o(i.RESET_HANDLER) referenced from system_bluenrg1.o(.intvec)
 <LI><a href="#[18]">RTC_Handler</a> from system_bluenrg1.o(i.RTC_Handler) referenced from system_bluenrg1.o(.intvec)
 <LI><a href="#[e]">SPI_Handler</a> from system_bluenrg1.o(i.SPI_Handler) referenced from system_bluenrg1.o(.intvec)
 <LI><a href="#[8]">SVC_Handler</a> from bluenrg1_it.o(i.SVC_Handler) referenced from system_bluenrg1.o(.intvec)
 <LI><a href="#[27]">SdkEvalComIOProcessInputData</a> from sdk_eval_com.o(i.SdkEvalComIOProcessInputData) referenced from sensordemo_central_role_main.o(i.main)
 <LI><a href="#[a]">SysTick_Handler</a> from bluenrg1_it.o(i.SysTick_Handler) referenced from system_bluenrg1.o(.intvec)
 <LI><a href="#[d]">UART_Handler</a> from bluenrg1_it.o(i.UART_Handler) referenced from system_bluenrg1.o(.intvec)
 <LI><a href="#[10]">WDG_Handler</a> from system_bluenrg1.o(i.WDG_Handler) referenced from system_bluenrg1.o(.intvec)
 <LI><a href="#[4c]">cb_aci_att_exchange_mtu_resp_event</a> from aci_events.o(i.cb_aci_att_exchange_mtu_resp_event) referenced from aci_events.o(.constdata)
 <LI><a href="#[56]">cb_aci_att_exec_write_resp_event</a> from aci_events.o(i.cb_aci_att_exec_write_resp_event) referenced from aci_events.o(.constdata)
 <LI><a href="#[4e]">cb_aci_att_find_by_type_value_resp_event</a> from aci_events.o(i.cb_aci_att_find_by_type_value_resp_event) referenced from aci_events.o(.constdata)
 <LI><a href="#[4d]">cb_aci_att_find_info_resp_event</a> from aci_events.o(i.cb_aci_att_find_info_resp_event) referenced from aci_events.o(.constdata)
 <LI><a href="#[55]">cb_aci_att_prepare_write_resp_event</a> from aci_events.o(i.cb_aci_att_prepare_write_resp_event) referenced from aci_events.o(.constdata)
 <LI><a href="#[51]">cb_aci_att_read_blob_resp_event</a> from aci_events.o(i.cb_aci_att_read_blob_resp_event) referenced from aci_events.o(.constdata)
 <LI><a href="#[53]">cb_aci_att_read_by_group_type_resp_event</a> from aci_events.o(i.cb_aci_att_read_by_group_type_resp_event) referenced from aci_events.o(.constdata)
 <LI><a href="#[4f]">cb_aci_att_read_by_type_resp_event</a> from aci_events.o(i.cb_aci_att_read_by_type_resp_event) referenced from aci_events.o(.constdata)
 <LI><a href="#[52]">cb_aci_att_read_multiple_resp_event</a> from aci_events.o(i.cb_aci_att_read_multiple_resp_event) referenced from aci_events.o(.constdata)
 <LI><a href="#[50]">cb_aci_att_read_resp_event</a> from aci_events.o(i.cb_aci_att_read_resp_event) referenced from aci_events.o(.constdata)
 <LI><a href="#[54]">cb_aci_att_write_resp_event</a> from aci_events.o(i.cb_aci_att_write_resp_event) referenced from aci_events.o(.constdata)
 <LI><a href="#[42]">cb_aci_gap_addr_not_resolved_event</a> from aci_events.o(i.cb_aci_gap_addr_not_resolved_event) referenced from aci_events.o(.constdata)
 <LI><a href="#[3d]">cb_aci_gap_authorization_req_event</a> from aci_events.o(i.cb_aci_gap_authorization_req_event) referenced from aci_events.o(.constdata)
 <LI><a href="#[3f]">cb_aci_gap_bond_lost_event</a> from aci_events.o(i.cb_aci_gap_bond_lost_event) referenced from aci_events.o(.constdata)
 <LI><a href="#[40]">cb_aci_gap_device_found_event</a> from aci_events.o(i.cb_aci_gap_device_found_event) referenced from aci_events.o(.constdata)
 <LI><a href="#[44]">cb_aci_gap_keypress_notification_event</a> from aci_events.o(i.cb_aci_gap_keypress_notification_event) referenced from aci_events.o(.constdata)
 <LI><a href="#[3a]">cb_aci_gap_limited_discoverable_event</a> from aci_events.o(i.cb_aci_gap_limited_discoverable_event) referenced from aci_events.o(.constdata)
 <LI><a href="#[43]">cb_aci_gap_numeric_comparison_value_event</a> from aci_events.o(i.cb_aci_gap_numeric_comparison_value_event) referenced from aci_events.o(.constdata)
 <LI><a href="#[3b]">cb_aci_gap_pairing_complete_event</a> from aci_events.o(i.cb_aci_gap_pairing_complete_event) referenced from aci_events.o(.constdata)
 <LI><a href="#[3c]">cb_aci_gap_pass_key_req_event</a> from aci_events.o(i.cb_aci_gap_pass_key_req_event) referenced from aci_events.o(.constdata)
 <LI><a href="#[41]">cb_aci_gap_proc_complete_event</a> from aci_events.o(i.cb_aci_gap_proc_complete_event) referenced from aci_events.o(.constdata)
 <LI><a href="#[3e]">cb_aci_gap_slave_security_initiated_event</a> from aci_events.o(i.cb_aci_gap_slave_security_initiated_event) referenced from aci_events.o(.constdata)
 <LI><a href="#[4a]">cb_aci_gatt_attribute_modified_event</a> from aci_events.o(i.cb_aci_gatt_attribute_modified_event) referenced from aci_events.o(.constdata)
 <LI><a href="#[5b]">cb_aci_gatt_disc_read_char_by_uuid_resp_event</a> from aci_events.o(i.cb_aci_gatt_disc_read_char_by_uuid_resp_event) referenced from aci_events.o(.constdata)
 <LI><a href="#[5a]">cb_aci_gatt_error_resp_event</a> from aci_events.o(i.cb_aci_gatt_error_resp_event) referenced from aci_events.o(.constdata)
 <LI><a href="#[57]">cb_aci_gatt_indication_event</a> from aci_events.o(i.cb_aci_gatt_indication_event) referenced from aci_events.o(.constdata)
 <LI><a href="#[58]">cb_aci_gatt_notification_event</a> from aci_events.o(i.cb_aci_gatt_notification_event) referenced from aci_events.o(.constdata)
 <LI><a href="#[5d]">cb_aci_gatt_prepare_write_permit_req_event</a> from aci_events.o(i.cb_aci_gatt_prepare_write_permit_req_event) referenced from aci_events.o(.constdata)
 <LI><a href="#[59]">cb_aci_gatt_proc_complete_event</a> from aci_events.o(i.cb_aci_gatt_proc_complete_event) referenced from aci_events.o(.constdata)
 <LI><a href="#[4b]">cb_aci_gatt_proc_timeout_event</a> from aci_events.o(i.cb_aci_gatt_proc_timeout_event) referenced from aci_events.o(.constdata)
 <LI><a href="#[5f]">cb_aci_gatt_read_multi_permit_req_event</a> from aci_events.o(i.cb_aci_gatt_read_multi_permit_req_event) referenced from aci_events.o(.constdata)
 <LI><a href="#[5e]">cb_aci_gatt_read_permit_req_event</a> from aci_events.o(i.cb_aci_gatt_read_permit_req_event) referenced from aci_events.o(.constdata)
 <LI><a href="#[61]">cb_aci_gatt_server_confirmation_event</a> from aci_events.o(i.cb_aci_gatt_server_confirmation_event) referenced from aci_events.o(.constdata)
 <LI><a href="#[60]">cb_aci_gatt_tx_pool_available_event</a> from aci_events.o(i.cb_aci_gatt_tx_pool_available_event) referenced from aci_events.o(.constdata)
 <LI><a href="#[5c]">cb_aci_gatt_write_permit_req_event</a> from aci_events.o(i.cb_aci_gatt_write_permit_req_event) referenced from aci_events.o(.constdata)
 <LI><a href="#[49]">cb_aci_hal_fw_error_event</a> from aci_events.o(i.cb_aci_hal_fw_error_event) referenced from aci_events.o(.constdata)
 <LI><a href="#[37]">cb_aci_hal_scan_req_report_event</a> from aci_events.o(i.cb_aci_hal_scan_req_report_event) referenced from aci_events.o(.constdata)
 <LI><a href="#[48]">cb_aci_l2cap_command_reject_event</a> from aci_events.o(i.cb_aci_l2cap_command_reject_event) referenced from aci_events.o(.constdata)
 <LI><a href="#[47]">cb_aci_l2cap_connection_update_req_event</a> from aci_events.o(i.cb_aci_l2cap_connection_update_req_event) referenced from aci_events.o(.constdata)
 <LI><a href="#[45]">cb_aci_l2cap_connection_update_resp_event</a> from aci_events.o(i.cb_aci_l2cap_connection_update_resp_event) referenced from aci_events.o(.constdata)
 <LI><a href="#[46]">cb_aci_l2cap_proc_timeout_event</a> from aci_events.o(i.cb_aci_l2cap_proc_timeout_event) referenced from aci_events.o(.constdata)
 <LI><a href="#[33]">cb_hci_data_buffer_overflow_event</a> from aci_events.o(i.cb_hci_data_buffer_overflow_event) referenced from aci_events.o(.constdata)
 <LI><a href="#[28]">cb_hci_disconnection_complete_event</a> from aci_events.o(i.cb_hci_disconnection_complete_event) referenced from aci_events.o(.constdata)
 <LI><a href="#[29]">cb_hci_encryption_change_event</a> from aci_events.o(i.cb_hci_encryption_change_event) referenced from aci_events.o(.constdata)
 <LI><a href="#[2a]">cb_hci_encryption_key_refresh_complete_event</a> from aci_events.o(i.cb_hci_encryption_key_refresh_complete_event) referenced from aci_events.o(.constdata)
 <LI><a href="#[2d]">cb_hci_le_advertising_report_event</a> from aci_events.o(i.cb_hci_le_advertising_report_event) referenced from aci_events.o(.constdata)
 <LI><a href="#[2b]">cb_hci_le_connection_complete_event</a> from aci_events.o(i.cb_hci_le_connection_complete_event) referenced from aci_events.o(.constdata)
 <LI><a href="#[35]">cb_hci_le_connection_update_complete_event</a> from aci_events.o(i.cb_hci_le_connection_update_complete_event) referenced from aci_events.o(.constdata)
 <LI><a href="#[2e]">cb_hci_le_data_length_change_event</a> from aci_events.o(i.cb_hci_le_data_length_change_event) referenced from aci_events.o(.constdata)
 <LI><a href="#[32]">cb_hci_le_direct_advertising_report_event</a> from aci_events.o(i.cb_hci_le_direct_advertising_report_event) referenced from aci_events.o(.constdata)
 <LI><a href="#[31]">cb_hci_le_enhanced_connection_complete_event</a> from aci_events.o(i.cb_hci_le_enhanced_connection_complete_event) referenced from aci_events.o(.constdata)
 <LI><a href="#[30]">cb_hci_le_generate_dhkey_complete_event</a> from aci_events.o(i.cb_hci_le_generate_dhkey_complete_event) referenced from aci_events.o(.constdata)
 <LI><a href="#[2c]">cb_hci_le_long_term_key_request_event</a> from aci_events.o(i.cb_hci_le_long_term_key_request_event) referenced from aci_events.o(.constdata)
 <LI><a href="#[2f]">cb_hci_le_read_local_p256_public_key_complete_event</a> from aci_events.o(i.cb_hci_le_read_local_p256_public_key_complete_event) referenced from aci_events.o(.constdata)
 <LI><a href="#[36]">cb_hci_le_read_remote_used_features_complete_event</a> from aci_events.o(i.cb_hci_le_read_remote_used_features_complete_event) referenced from aci_events.o(.constdata)
 <LI><a href="#[38]">cb_hci_number_of_completed_packets_event</a> from aci_events.o(i.cb_hci_number_of_completed_packets_event) referenced from aci_events.o(.constdata)
 <LI><a href="#[34]">cb_hci_read_remote_version_information_complete_event</a> from aci_events.o(i.cb_hci_read_remote_version_information_complete_event) referenced from aci_events.o(.constdata)
 <LI><a href="#[39]">cb_hci_rx_acl_data_event</a> from aci_events.o(i.cb_hci_rx_acl_data_event) referenced from aci_events.o(.constdata)
 <LI><a href="#[24]">fputc</a> from sdk_eval_com.o(i.fputc) referenced from printf8.o(i.__0printf$8)
 <LI><a href="#[63]">int_cb_hci_acl_data_ind_event</a> from acl.o(i.int_cb_hci_acl_data_ind_event) referenced from aci_events.o(.constdata)
 <LI><a href="#[62]">int_cb_hci_acl_data_tx_cmpl_event</a> from acl.o(i.int_cb_hci_acl_data_tx_cmpl_event) referenced from aci_events.o(.constdata)
 <LI><a href="#[64]">int_cb_hci_disconnection_complete_event</a> from aci_events.o(i.int_cb_hci_disconnection_complete_event) referenced from aci_events.o(.constdata)
 <LI><a href="#[65]">int_cb_hci_encryption_change_event</a> from aci_events.o(i.int_cb_hci_encryption_change_event) referenced from aci_events.o(.constdata)
 <LI><a href="#[66]">int_cb_hci_encryption_key_refresh_complete_event</a> from aci_events.o(i.int_cb_hci_encryption_key_refresh_complete_event) referenced from aci_events.o(.constdata)
 <LI><a href="#[69]">int_cb_hci_le_advertising_report_event</a> from aci_events.o(i.int_cb_hci_le_advertising_report_event) referenced from aci_events.o(.constdata)
 <LI><a href="#[67]">int_cb_hci_le_connection_complete_event</a> from aci_events.o(i.int_cb_hci_le_connection_complete_event) referenced from aci_events.o(.constdata)
 <LI><a href="#[6a]">int_cb_hci_le_data_length_change_event</a> from aci_events.o(i.int_cb_hci_le_data_length_change_event) referenced from aci_events.o(.constdata)
 <LI><a href="#[6e]">int_cb_hci_le_direct_advertising_report_event</a> from aci_events.o(i.int_cb_hci_le_direct_advertising_report_event) referenced from aci_events.o(.constdata)
 <LI><a href="#[6d]">int_cb_hci_le_enhanced_connection_complete_event</a> from aci_events.o(i.int_cb_hci_le_enhanced_connection_complete_event) referenced from aci_events.o(.constdata)
 <LI><a href="#[6c]">int_cb_hci_le_generate_dhkey_complete_event</a> from aci_events.o(i.int_cb_hci_le_generate_dhkey_complete_event) referenced from aci_events.o(.constdata)
 <LI><a href="#[68]">int_cb_hci_le_long_term_key_request_event</a> from aci_events.o(i.int_cb_hci_le_long_term_key_request_event) referenced from aci_events.o(.constdata)
 <LI><a href="#[6b]">int_cb_hci_le_read_local_p256_public_key_complete_event</a> from aci_events.o(i.int_cb_hci_le_read_local_p256_public_key_complete_event) referenced from aci_events.o(.constdata)
 <LI><a href="#[1]">isr_advertise_state</a> from ll_isr.o(i.isr_advertise_state) referenced 2 times from ll_isr.o(.data)
 <LI><a href="#[26]">isr_connect_master_state</a> from ll_isr.o(i.isr_connect_master_state) referenced from ll_isr.o(i.full_state_func_call_init)
 <LI><a href="#[2]">isr_connect_slave_state</a> from ll_isr.o(i.isr_connect_slave_state) referenced 2 times from ll_isr.o(.data)
 <LI><a href="#[25]">isr_scan_state</a> from ll_isr.o(i.isr_scan_state) referenced from ll_isr.o(i.full_state_func_call_init)
 <LI><a href="#[4]">isr_test_rx_state</a> from ll_isr.o(i.isr_test_rx_state) referenced 2 times from ll_isr.o(.data)
 <LI><a href="#[3]">isr_test_tx_state</a> from ll_isr.o(i.isr_test_tx_state) referenced 2 times from ll_isr.o(.data)
 <LI><a href="#[0]">isr_unknown_state</a> from ll_isr.o(i.isr_unknown_state) referenced 8 times from ll_isr.o(.data)
 <LI><a href="#[1b]">main</a> from sensordemo_central_role_main.o(i.main) referenced from entry9a.o(.ARM.Collect$$$$0000000B)
</UL>
<P>
<H3>
Global Symbols
</H3>
<P><STRONG><a name="[124]"></a>CS_contextSave</STRONG> (Thumb, 82 bytes, Stack size 0 bytes, context_switch.o(. text))
<BR><BR>[Called By]<UL><LI><a href="#[121]">&gt;&gt;</a>&nbsp;&nbsp;&nbsp;BlueNRG_InternalSleep
</UL>

<P><STRONG><a name="[2e8]"></a>CS_contextRestore</STRONG> (Thumb, 42 bytes, Stack size 0 bytes, context_switch.o(. text))
<BR><BR>[Called By]<UL><LI><a href="#[285]">&gt;&gt;</a>&nbsp;&nbsp;&nbsp;__low_level_init
</UL>

<P><STRONG><a name="[6f]"></a>__main</STRONG> (Thumb, 0 bytes, Stack size unknown bytes, entry.o(.ARM.Collect$$$$00000000))
<BR><BR>[Called By]<UL><LI><a href="#[5]">&gt;&gt;</a>&nbsp;&nbsp;&nbsp;RESET_HANDLER
</UL>

<P><STRONG><a name="[3cc]"></a>_main_stk</STRONG> (Thumb, 0 bytes, Stack size unknown bytes, entry3.o(.ARM.Collect$$$$00000002))

<P><STRONG><a name="[70]"></a>_main_scatterload</STRONG> (Thumb, 0 bytes, Stack size unknown bytes, entry5.o(.ARM.Collect$$$$00000004))
<BR><BR>[Calls]<UL><LI><a href="#[71]">&gt;&gt;</a>&nbsp;&nbsp;&nbsp;__scatterload
</UL>

<P><STRONG><a name="[e2]"></a>__main_after_scatterload</STRONG> (Thumb, 0 bytes, Stack size unknown bytes, entry5.o(.ARM.Collect$$$$00000004))
<BR><BR>[Called By]<UL><LI><a href="#[71]">&gt;&gt;</a>&nbsp;&nbsp;&nbsp;__scatterload
</UL>

<P><STRONG><a name="[3cd]"></a>_main_clock</STRONG> (Thumb, 0 bytes, Stack size unknown bytes, entry7b.o(.ARM.Collect$$$$00000008))

<P><STRONG><a name="[3ce]"></a>_main_cpp_init</STRONG> (Thumb, 0 bytes, Stack size unknown bytes, entry8b.o(.ARM.Collect$$$$0000000A))

<P><STRONG><a name="[3cf]"></a>_main_init</STRONG> (Thumb, 0 bytes, Stack size unknown bytes, entry9a.o(.ARM.Collect$$$$0000000B))

<P><STRONG><a name="[72]"></a>__rt_lib_shutdown_fini</STRONG> (Thumb, 0 bytes, Stack size unknown bytes, entry12b.o(.ARM.Collect$$$$0000000E))
<BR><BR>[Calls]<UL><LI><a href="#[73]">&gt;&gt;</a>&nbsp;&nbsp;&nbsp;__arm_fini_ (Weak Reference)
</UL>

<P><STRONG><a name="[3d0]"></a>__rt_final_cpp</STRONG> (Thumb, 0 bytes, Stack size unknown bytes, entry10a.o(.ARM.Collect$$$$0000000F))

<P><STRONG><a name="[3d1]"></a>__rt_final_exit</STRONG> (Thumb, 0 bytes, Stack size unknown bytes, entry11a.o(.ARM.Collect$$$$00000011))

<P><STRONG><a name="[74]"></a>Master_Init</STRONG> (Thumb, 138 bytes, Stack size 32 bytes, master_basic_profile.o(.text))
<BR><BR>[Stack]<UL><LI>Max Depth = 328 + Unknown Stack Size
<LI>Call Chain = Master_Init &rArr; Master_Process &rArr; masterStateMachine &rArr; connectionStateMachine &rArr; connectionProcedure &rArr; aci_gap_start_auto_connection_establish_proc &rArr; aci_gap_start_auto_connection_establish_proc_api &rArr; GAP_Start_Auto_Conn_Establishment_Proc &rArr; LL_Create_Connection &rArr; LL_Enable_Disable_Scan &rArr; start_timebase &rArr; advance_wakeup_timer &rArr; cancel_master &rArr; isr_event_handler &rArr; PRIV_vGenerate_hci_le_enhanced_connection_complete_event_ucfg &rArr; PRIV_vGenerate_hci_le_enhanced_connection_complete_event &rArr; LL_priv_add_to_ConnIDList_ucfg &rArr; LL_priv_add_to_ConnIDList &rArr; PRIVWHIT_u8AddAddrInList &rArr; Osal_MemCpy &rArr; memcpy
</UL>
<BR>[Calls]<UL><LI><a href="#[77]">&gt;&gt;</a>&nbsp;&nbsp;&nbsp;aci_gap_init
<LI><a href="#[7a]">&gt;&gt;</a>&nbsp;&nbsp;&nbsp;Master_Process
<LI><a href="#[75]">&gt;&gt;</a>&nbsp;&nbsp;&nbsp;aci_hal_write_config_data
<LI><a href="#[79]">&gt;&gt;</a>&nbsp;&nbsp;&nbsp;aci_hal_set_tx_power_level
<LI><a href="#[78]">&gt;&gt;</a>&nbsp;&nbsp;&nbsp;aci_gatt_update_char_value_ext
<LI><a href="#[76]">&gt;&gt;</a>&nbsp;&nbsp;&nbsp;aci_gatt_init
<LI><a href="#[7b]">&gt;&gt;</a>&nbsp;&nbsp;&nbsp;DEBUG_MESSAGE
</UL>
<BR>[Called By]<UL><LI><a href="#[352]">&gt;&gt;</a>&nbsp;&nbsp;&nbsp;deviceInit
</UL>

<P><STRONG><a name="[7c]"></a>Master_SecuritySet</STRONG> (Thumb, 58 bytes, Stack size 32 bytes, master_basic_profile.o(.text), UNUSED)
<BR><BR>[Calls]<UL><LI><a href="#[7d]">&gt;&gt;</a>&nbsp;&nbsp;&nbsp;aci_gap_set_io_capability
<LI><a href="#[7e]">&gt;&gt;</a>&nbsp;&nbsp;&nbsp;aci_gap_set_authentication_requirement
</UL>

<P><STRONG><a name="[7f]"></a>Master_Security_NumericComparison_Confirm_YesNo</STRONG> (Thumb, 8 bytes, Stack size 8 bytes, master_basic_profile.o(.text), UNUSED)
<BR><BR>[Calls]<UL><LI><a href="#[80]">&gt;&gt;</a>&nbsp;&nbsp;&nbsp;aci_gap_numeric_comparison_value_confirm_yesno
<LI><a href="#[81]">&gt;&gt;</a>&nbsp;&nbsp;&nbsp;[Anonymous Symbol]
</UL>

<P><STRONG><a name="[82]"></a>Master_DeviceDiscovery</STRONG> (Thumb, 104 bytes, Stack size 24 bytes, master_basic_profile.o(.text))
<BR><BR>[Stack]<UL><LI>Max Depth = 96 + Unknown Stack Size
<LI>Call Chain = Master_DeviceDiscovery &rArr; aci_gap_start_limited_discovery_proc &rArr; aci_gap_start_limited_discovery_proc_api &rArr; GAP_Start_Limited_Discovery_Procedure &rArr; GAP_Start_Discovery_Procedure &rArr; LL_Enable_Disable_Scan &rArr; start_timebase &rArr; advance_wakeup_timer &rArr; cancel_master &rArr; isr_event_handler &rArr; PRIV_vGenerate_hci_le_enhanced_connection_complete_event_ucfg &rArr; PRIV_vGenerate_hci_le_enhanced_connection_complete_event &rArr; LL_priv_add_to_ConnIDList_ucfg &rArr; LL_priv_add_to_ConnIDList &rArr; PRIVWHIT_u8AddAddrInList &rArr; Osal_MemCpy &rArr; memcpy
</UL>
<BR>[Calls]<UL><LI><a href="#[83]">&gt;&gt;</a>&nbsp;&nbsp;&nbsp;aci_gap_start_limited_discovery_proc
<LI><a href="#[84]">&gt;&gt;</a>&nbsp;&nbsp;&nbsp;aci_gap_start_general_discovery_proc
<LI><a href="#[7b]">&gt;&gt;</a>&nbsp;&nbsp;&nbsp;DEBUG_MESSAGE
</UL>
<BR>[Called By]<UL><LI><a href="#[251]">&gt;&gt;</a>&nbsp;&nbsp;&nbsp;deviceDiscovery
</UL>

<P><STRONG><a name="[85]"></a>Master_TerminateDiscovery</STRONG> (Thumb, 28 bytes, Stack size 8 bytes, master_basic_profile.o(.text))
<BR><BR>[Stack]<UL><LI>Max Depth = 80 + Unknown Stack Size
<LI>Call Chain = Master_TerminateDiscovery &rArr; aci_gap_terminate_gap_proc &rArr; aci_gap_terminate_gap_proc_api &rArr; GAP_Terminate_Gap_Procedure &rArr; LL_Enable_Disable_Scan &rArr; start_timebase &rArr; advance_wakeup_timer &rArr; cancel_master &rArr; isr_event_handler &rArr; PRIV_vGenerate_hci_le_enhanced_connection_complete_event_ucfg &rArr; PRIV_vGenerate_hci_le_enhanced_connection_complete_event &rArr; LL_priv_add_to_ConnIDList_ucfg &rArr; LL_priv_add_to_ConnIDList &rArr; PRIVWHIT_u8AddAddrInList &rArr; Osal_MemCpy &rArr; memcpy
</UL>
<BR>[Calls]<UL><LI><a href="#[86]">&gt;&gt;</a>&nbsp;&nbsp;&nbsp;aci_gap_terminate_gap_proc
</UL>
<BR>[Called By]<UL><LI><a href="#[88]">&gt;&gt;</a>&nbsp;&nbsp;&nbsp;Master_DeviceConnection
</UL>

<P><STRONG><a name="[7a]"></a>Master_Process</STRONG> (Thumb, 26 bytes, Stack size 24 bytes, master_basic_profile.o(.text))
<BR><BR>[Stack]<UL><LI>Max Depth = 296 + Unknown Stack Size
<LI>Call Chain = Master_Process &rArr; masterStateMachine &rArr; connectionStateMachine &rArr; connectionProcedure &rArr; aci_gap_start_auto_connection_establish_proc &rArr; aci_gap_start_auto_connection_establish_proc_api &rArr; GAP_Start_Auto_Conn_Establishment_Proc &rArr; LL_Create_Connection &rArr; LL_Enable_Disable_Scan &rArr; start_timebase &rArr; advance_wakeup_timer &rArr; cancel_master &rArr; isr_event_handler &rArr; PRIV_vGenerate_hci_le_enhanced_connection_complete_event_ucfg &rArr; PRIV_vGenerate_hci_le_enhanced_connection_complete_event &rArr; LL_priv_add_to_ConnIDList_ucfg &rArr; LL_priv_add_to_ConnIDList &rArr; PRIVWHIT_u8AddAddrInList &rArr; Osal_MemCpy &rArr; memcpy
</UL>
<BR>[Calls]<UL><LI><a href="#[87]">&gt;&gt;</a>&nbsp;&nbsp;&nbsp;masterStateMachine
</UL>
<BR>[Called By]<UL><LI><a href="#[74]">&gt;&gt;</a>&nbsp;&nbsp;&nbsp;Master_Init
<LI><a href="#[1b]">&gt;&gt;</a>&nbsp;&nbsp;&nbsp;main
</UL>

<P><STRONG><a name="[88]"></a>Master_DeviceConnection</STRONG> (Thumb, 104 bytes, Stack size 32 bytes, master_basic_profile.o(.text))
<BR><BR>[Stack]<UL><LI>Max Depth = 112 + Unknown Stack Size
<LI>Call Chain = Master_DeviceConnection &rArr; Master_TerminateDiscovery &rArr; aci_gap_terminate_gap_proc &rArr; aci_gap_terminate_gap_proc_api &rArr; GAP_Terminate_Gap_Procedure &rArr; LL_Enable_Disable_Scan &rArr; start_timebase &rArr; advance_wakeup_timer &rArr; cancel_master &rArr; isr_event_handler &rArr; PRIV_vGenerate_hci_le_enhanced_connection_complete_event_ucfg &rArr; PRIV_vGenerate_hci_le_enhanced_connection_complete_event &rArr; LL_priv_add_to_ConnIDList_ucfg &rArr; LL_priv_add_to_ConnIDList &rArr; PRIVWHIT_u8AddAddrInList &rArr; Osal_MemCpy &rArr; memcpy
</UL>
<BR>[Calls]<UL><LI><a href="#[85]">&gt;&gt;</a>&nbsp;&nbsp;&nbsp;Master_TerminateDiscovery
<LI><a href="#[7b]">&gt;&gt;</a>&nbsp;&nbsp;&nbsp;DEBUG_MESSAGE
<LI><a href="#[89]">&gt;&gt;</a>&nbsp;&nbsp;&nbsp;__aeabi_memcpy4
</UL>
<BR>[Called By]<UL><LI><a href="#[252]">&gt;&gt;</a>&nbsp;&nbsp;&nbsp;deviceConnection
</UL>

<P><STRONG><a name="[8a]"></a>Master_TerminateGAPConnectionProcedure</STRONG> (Thumb, 24 bytes, Stack size 8 bytes, master_basic_profile.o(.text), UNUSED)
<BR><BR>[Calls]<UL><LI><a href="#[86]">&gt;&gt;</a>&nbsp;&nbsp;&nbsp;aci_gap_terminate_gap_proc
</UL>

<P><STRONG><a name="[8b]"></a>Master_CloseConnection</STRONG> (Thumb, 10 bytes, Stack size 8 bytes, master_basic_profile.o(.text), UNUSED)
<BR><BR>[Calls]<UL><LI><a href="#[8c]">&gt;&gt;</a>&nbsp;&nbsp;&nbsp;aci_gap_terminate
</UL>

<P><STRONG><a name="[8d]"></a>Master_GetPrimaryServices</STRONG> (Thumb, 88 bytes, Stack size 32 bytes, master_basic_profile.o(.text))
<BR><BR>[Stack]<UL><LI>Max Depth = 32<LI>Call Chain = Master_GetPrimaryServices
</UL>
<BR>[Calls]<UL><LI><a href="#[7b]">&gt;&gt;</a>&nbsp;&nbsp;&nbsp;DEBUG_MESSAGE
</UL>
<BR>[Called By]<UL><LI><a href="#[ae]">&gt;&gt;</a>&nbsp;&nbsp;&nbsp;Master_Connection_CB
</UL>

<P><STRONG><a name="[8e]"></a>Master_GetCharacOfService</STRONG> (Thumb, 102 bytes, Stack size 40 bytes, master_basic_profile.o(.text))
<BR><BR>[Stack]<UL><LI>Max Depth = 80<LI>Call Chain = Master_GetCharacOfService &rArr; [Anonymous Symbol]
</UL>
<BR>[Calls]<UL><LI><a href="#[7b]">&gt;&gt;</a>&nbsp;&nbsp;&nbsp;DEBUG_MESSAGE
<LI><a href="#[8f]">&gt;&gt;</a>&nbsp;&nbsp;&nbsp;[Anonymous Symbol]
</UL>
<BR>[Called By]<UL><LI><a href="#[354]">&gt;&gt;</a>&nbsp;&nbsp;&nbsp;findCharcOfService
</UL>

<P><STRONG><a name="[90]"></a>Master_GetIncludeServices</STRONG> (Thumb, 102 bytes, Stack size 40 bytes, master_basic_profile.o(.text), UNUSED)
<BR><BR>[Calls]<UL><LI><a href="#[7b]">&gt;&gt;</a>&nbsp;&nbsp;&nbsp;DEBUG_MESSAGE
<LI><a href="#[8f]">&gt;&gt;</a>&nbsp;&nbsp;&nbsp;[Anonymous Symbol]
</UL>

<P><STRONG><a name="[91]"></a>Master_GetCharacDescriptors</STRONG> (Thumb, 102 bytes, Stack size 40 bytes, master_basic_profile.o(.text), UNUSED)
<BR><BR>[Calls]<UL><LI><a href="#[7b]">&gt;&gt;</a>&nbsp;&nbsp;&nbsp;DEBUG_MESSAGE
<LI><a href="#[8f]">&gt;&gt;</a>&nbsp;&nbsp;&nbsp;[Anonymous Symbol]
</UL>

<P><STRONG><a name="[92]"></a>Master_NotifIndic_Status</STRONG> (Thumb, 162 bytes, Stack size 32 bytes, master_basic_profile.o(.text))
<BR><BR>[Stack]<UL><LI>Max Depth = 96 + Unknown Stack Size
<LI>Call Chain = Master_NotifIndic_Status &rArr; aci_gatt_write_char_desc &rArr; Gatt_Write_Charac_Desc &rArr; Gatt_Write &rArr; GATT_Send_Packet &rArr; L2C_Send_Data &rArr; Acl_Transmit_Data &rArr; advance_wakeup_timer &rArr; cancel_master &rArr; isr_event_handler &rArr; PRIV_vGenerate_hci_le_enhanced_connection_complete_event_ucfg &rArr; PRIV_vGenerate_hci_le_enhanced_connection_complete_event &rArr; LL_priv_add_to_ConnIDList_ucfg &rArr; LL_priv_add_to_ConnIDList &rArr; PRIVWHIT_u8AddAddrInList &rArr; Osal_MemCpy &rArr; memcpy
</UL>
<BR>[Calls]<UL><LI><a href="#[93]">&gt;&gt;</a>&nbsp;&nbsp;&nbsp;aci_gatt_write_char_desc
<LI><a href="#[7b]">&gt;&gt;</a>&nbsp;&nbsp;&nbsp;DEBUG_MESSAGE
</UL>
<BR>[Called By]<UL><LI><a href="#[353]">&gt;&gt;</a>&nbsp;&nbsp;&nbsp;enableSensorNotifications
<LI><a href="#[d1]">&gt;&gt;</a>&nbsp;&nbsp;&nbsp;bondingStateMachine
</UL>

<P><STRONG><a name="[94]"></a>Master_Read_Value</STRONG> (Thumb, 124 bytes, Stack size 32 bytes, master_basic_profile.o(.text))
<BR><BR>[Stack]<UL><LI>Max Depth = 96 + Unknown Stack Size
<LI>Call Chain = Master_Read_Value &rArr; aci_gatt_read_char_value &rArr; Gatt_Read_Charac_Val &rArr; Gatt_Read &rArr; GATT_Send_Packet &rArr; L2C_Send_Data &rArr; Acl_Transmit_Data &rArr; advance_wakeup_timer &rArr; cancel_master &rArr; isr_event_handler &rArr; PRIV_vGenerate_hci_le_enhanced_connection_complete_event_ucfg &rArr; PRIV_vGenerate_hci_le_enhanced_connection_complete_event &rArr; LL_priv_add_to_ConnIDList_ucfg &rArr; LL_priv_add_to_ConnIDList &rArr; PRIVWHIT_u8AddAddrInList &rArr; Osal_MemCpy &rArr; memcpy
</UL>
<BR>[Calls]<UL><LI><a href="#[95]">&gt;&gt;</a>&nbsp;&nbsp;&nbsp;aci_gatt_read_char_value
<LI><a href="#[7b]">&gt;&gt;</a>&nbsp;&nbsp;&nbsp;DEBUG_MESSAGE
</UL>
<BR>[Called By]<UL><LI><a href="#[373]">&gt;&gt;</a>&nbsp;&nbsp;&nbsp;readTemperature
<LI><a href="#[d1]">&gt;&gt;</a>&nbsp;&nbsp;&nbsp;bondingStateMachine
</UL>

<P><STRONG><a name="[96]"></a>Master_Read_Long_Value</STRONG> (Thumb, 132 bytes, Stack size 32 bytes, master_basic_profile.o(.text))
<BR><BR>[Stack]<UL><LI>Max Depth = 96 + Unknown Stack Size
<LI>Call Chain = Master_Read_Long_Value &rArr; aci_gatt_read_long_char_value &rArr; Gatt_Read_Long_Charac_Value &rArr; Gatt_Read_Long &rArr; GATT_Send_Packet &rArr; L2C_Send_Data &rArr; Acl_Transmit_Data &rArr; advance_wakeup_timer &rArr; cancel_master &rArr; isr_event_handler &rArr; PRIV_vGenerate_hci_le_enhanced_connection_complete_event_ucfg &rArr; PRIV_vGenerate_hci_le_enhanced_connection_complete_event &rArr; LL_priv_add_to_ConnIDList_ucfg &rArr; LL_priv_add_to_ConnIDList &rArr; PRIVWHIT_u8AddAddrInList &rArr; Osal_MemCpy &rArr; memcpy
</UL>
<BR>[Calls]<UL><LI><a href="#[97]">&gt;&gt;</a>&nbsp;&nbsp;&nbsp;aci_gatt_read_long_char_value
<LI><a href="#[7b]">&gt;&gt;</a>&nbsp;&nbsp;&nbsp;DEBUG_MESSAGE
</UL>
<BR>[Called By]<UL><LI><a href="#[d1]">&gt;&gt;</a>&nbsp;&nbsp;&nbsp;bondingStateMachine
</UL>

<P><STRONG><a name="[98]"></a>Master_Write_Value</STRONG> (Thumb, 142 bytes, Stack size 32 bytes, master_basic_profile.o(.text))
<BR><BR>[Stack]<UL><LI>Max Depth = 96 + Unknown Stack Size
<LI>Call Chain = Master_Write_Value &rArr; aci_gatt_write_char_value &rArr; Gatt_Write_Charac_Value &rArr; Gatt_Write &rArr; GATT_Send_Packet &rArr; L2C_Send_Data &rArr; Acl_Transmit_Data &rArr; advance_wakeup_timer &rArr; cancel_master &rArr; isr_event_handler &rArr; PRIV_vGenerate_hci_le_enhanced_connection_complete_event_ucfg &rArr; PRIV_vGenerate_hci_le_enhanced_connection_complete_event &rArr; LL_priv_add_to_ConnIDList_ucfg &rArr; LL_priv_add_to_ConnIDList &rArr; PRIVWHIT_u8AddAddrInList &rArr; Osal_MemCpy &rArr; memcpy
</UL>
<BR>[Calls]<UL><LI><a href="#[99]">&gt;&gt;</a>&nbsp;&nbsp;&nbsp;aci_gatt_write_char_value
<LI><a href="#[7b]">&gt;&gt;</a>&nbsp;&nbsp;&nbsp;DEBUG_MESSAGE
<LI><a href="#[9a]">&gt;&gt;</a>&nbsp;&nbsp;&nbsp;__aeabi_memcpy
</UL>
<BR>[Called By]<UL><LI><a href="#[d1]">&gt;&gt;</a>&nbsp;&nbsp;&nbsp;bondingStateMachine
</UL>

<P><STRONG><a name="[9b]"></a>Master_WriteWithoutResponse_Value</STRONG> (Thumb, 40 bytes, Stack size 16 bytes, master_basic_profile.o(.text), UNUSED)
<BR><BR>[Calls]<UL><LI><a href="#[9c]">&gt;&gt;</a>&nbsp;&nbsp;&nbsp;aci_gatt_write_without_resp
</UL>

<P><STRONG><a name="[9d]"></a>Master_AllowRead</STRONG> (Thumb, 40 bytes, Stack size 8 bytes, master_basic_profile.o(.text), UNUSED)
<BR><BR>[Calls]<UL><LI><a href="#[9e]">&gt;&gt;</a>&nbsp;&nbsp;&nbsp;aci_gatt_allow_read
</UL>

<P><STRONG><a name="[9f]"></a>Master_WriteResponse</STRONG> (Thumb, 50 bytes, Stack size 24 bytes, master_basic_profile.o(.text), UNUSED)
<BR><BR>[Calls]<UL><LI><a href="#[a0]">&gt;&gt;</a>&nbsp;&nbsp;&nbsp;aci_gatt_write_resp
</UL>

<P><STRONG><a name="[a1]"></a>Master_Start_Pairing_Procedure</STRONG> (Thumb, 124 bytes, Stack size 24 bytes, master_basic_profile.o(.text))
<BR><BR>[Stack]<UL><LI>Max Depth = 96 + Unknown Stack Size
<LI>Call Chain = Master_Start_Pairing_Procedure &rArr; aci_gap_send_pairing_req &rArr; aci_gap_send_pairing_req_api &rArr; SMP_MI_PairingRequest_Send &rArr; smp_send_packet &rArr; L2C_Send_Data &rArr; Acl_Transmit_Data &rArr; advance_wakeup_timer &rArr; cancel_master &rArr; isr_event_handler &rArr; PRIV_vGenerate_hci_le_enhanced_connection_complete_event_ucfg &rArr; PRIV_vGenerate_hci_le_enhanced_connection_complete_event &rArr; LL_priv_add_to_ConnIDList_ucfg &rArr; LL_priv_add_to_ConnIDList &rArr; PRIVWHIT_u8AddAddrInList &rArr; Osal_MemCpy &rArr; memcpy
</UL>
<BR>[Calls]<UL><LI><a href="#[a2]">&gt;&gt;</a>&nbsp;&nbsp;&nbsp;aci_gap_send_pairing_req
<LI><a href="#[7b]">&gt;&gt;</a>&nbsp;&nbsp;&nbsp;DEBUG_MESSAGE
</UL>
<BR>[Called By]<UL><LI><a href="#[c6]">&gt;&gt;</a>&nbsp;&nbsp;&nbsp;Master_Library_gatt_error_resp_event
<LI><a href="#[aa]">&gt;&gt;</a>&nbsp;&nbsp;&nbsp;Master_Library_encryption_change_event
</UL>

<P><STRONG><a name="[a3]"></a>Master_Passkey_Response</STRONG> (Thumb, 24 bytes, Stack size 8 bytes, master_basic_profile.o(.text), UNUSED)
<BR><BR>[Calls]<UL><LI><a href="#[a4]">&gt;&gt;</a>&nbsp;&nbsp;&nbsp;aci_gap_pass_key_resp
</UL>

<P><STRONG><a name="[a5]"></a>Master_ClearSecurityDatabase</STRONG> (Thumb, 8 bytes, Stack size 8 bytes, master_basic_profile.o(.text), UNUSED)
<BR><BR>[Calls]<UL><LI><a href="#[a6]">&gt;&gt;</a>&nbsp;&nbsp;&nbsp;aci_gap_clear_security_db
</UL>

<P><STRONG><a name="[a7]"></a>Master_SetTxPower</STRONG> (Thumb, 20 bytes, Stack size 8 bytes, master_basic_profile.o(.text), UNUSED)
<BR><BR>[Calls]<UL><LI><a href="#[79]">&gt;&gt;</a>&nbsp;&nbsp;&nbsp;aci_hal_set_tx_power_level
</UL>

<P><STRONG><a name="[3d2]"></a>Master_HostExitTimeoutPowerSave</STRONG> (Thumb, 26 bytes, Stack size 0 bytes, master_basic_profile.o(.text), UNUSED)

<P><STRONG><a name="[a8]"></a>Master_ConnectionUpdateParamResponse</STRONG> (Thumb, 38 bytes, Stack size 32 bytes, master_basic_profile.o(.text), UNUSED)
<BR><BR>[Calls]<UL><LI><a href="#[a9]">&gt;&gt;</a>&nbsp;&nbsp;&nbsp;aci_l2cap_connection_parameter_update_resp
</UL>

<P><STRONG><a name="[b6]"></a>Master_PeerDataPermitExchange_CB</STRONG> (Thumb, 2 bytes, Stack size 0 bytes, master_basic_profile.o(.text))
<BR><BR>[Called By]<UL><LI><a href="#[b9]">&gt;&gt;</a>&nbsp;&nbsp;&nbsp;Master_Library_gatt_write_permit_req_event
<LI><a href="#[b5]">&gt;&gt;</a>&nbsp;&nbsp;&nbsp;Master_Library_gatt_read_permit_req_event
</UL>

<P><STRONG><a name="[b8]"></a>Master_Library_gatt_tx_pool_available_event_CB</STRONG> (Thumb, 2 bytes, Stack size 0 bytes, master_basic_profile.o(.text))
<BR><BR>[Called By]<UL><LI><a href="#[b7]">&gt;&gt;</a>&nbsp;&nbsp;&nbsp;Master_Library_gatt_tx_pool_available_event
</UL>

<P><STRONG><a name="[ab]"></a>Master_Pairing_CB</STRONG> (Thumb, 2 bytes, Stack size 0 bytes, master_basic_profile.o(.text))
<BR><BR>[Called By]<UL><LI><a href="#[c6]">&gt;&gt;</a>&nbsp;&nbsp;&nbsp;Master_Library_gatt_error_resp_event
<LI><a href="#[c7]">&gt;&gt;</a>&nbsp;&nbsp;&nbsp;Master_Library_gap_pass_key_req_event
<LI><a href="#[aa]">&gt;&gt;</a>&nbsp;&nbsp;&nbsp;Master_Library_encryption_change_event
<LI><a href="#[d1]">&gt;&gt;</a>&nbsp;&nbsp;&nbsp;bondingStateMachine
</UL>

<P><STRONG><a name="[ac]"></a>Master_library_encryption_change_event_CB</STRONG> (Thumb, 2 bytes, Stack size 0 bytes, master_basic_profile.o(.text))
<BR><BR>[Called By]<UL><LI><a href="#[aa]">&gt;&gt;</a>&nbsp;&nbsp;&nbsp;Master_Library_encryption_change_event
</UL>

<P><STRONG><a name="[c9]"></a>Master_Pairing_NumericComparison_CB</STRONG> (Thumb, 2 bytes, Stack size 0 bytes, master_basic_profile.o(.text))
<BR><BR>[Called By]<UL><LI><a href="#[c8]">&gt;&gt;</a>&nbsp;&nbsp;&nbsp;Master_Library_numeric_comparison_value_event
</UL>

<P><STRONG><a name="[aa]"></a>Master_Library_encryption_change_event</STRONG> (Thumb, 76 bytes, Stack size 32 bytes, master_basic_profile_events.o(.text))
<BR><BR>[Stack]<UL><LI>Max Depth = 128 + Unknown Stack Size
<LI>Call Chain = Master_Library_encryption_change_event &rArr; Master_Start_Pairing_Procedure &rArr; aci_gap_send_pairing_req &rArr; aci_gap_send_pairing_req_api &rArr; SMP_MI_PairingRequest_Send &rArr; smp_send_packet &rArr; L2C_Send_Data &rArr; Acl_Transmit_Data &rArr; advance_wakeup_timer &rArr; cancel_master &rArr; isr_event_handler &rArr; PRIV_vGenerate_hci_le_enhanced_connection_complete_event_ucfg &rArr; PRIV_vGenerate_hci_le_enhanced_connection_complete_event &rArr; LL_priv_add_to_ConnIDList_ucfg &rArr; LL_priv_add_to_ConnIDList &rArr; PRIVWHIT_u8AddAddrInList &rArr; Osal_MemCpy &rArr; memcpy
</UL>
<BR>[Calls]<UL><LI><a href="#[ac]">&gt;&gt;</a>&nbsp;&nbsp;&nbsp;Master_library_encryption_change_event_CB
<LI><a href="#[a1]">&gt;&gt;</a>&nbsp;&nbsp;&nbsp;Master_Start_Pairing_Procedure
<LI><a href="#[ab]">&gt;&gt;</a>&nbsp;&nbsp;&nbsp;Master_Pairing_CB
</UL>
<BR>[Called By]<UL><LI><a href="#[343]">&gt;&gt;</a>&nbsp;&nbsp;&nbsp;hci_encryption_change_event
</UL>

<P><STRONG><a name="[ad]"></a>Master_Library_disconnection_complete_event</STRONG> (Thumb, 28 bytes, Stack size 32 bytes, master_basic_profile_events.o(.text))
<BR><BR>[Stack]<UL><LI>Max Depth = 160 + Unknown Stack Size
<LI>Call Chain = Master_Library_disconnection_complete_event &rArr; Master_Connection_CB &rArr; deviceDiscovery &rArr; Master_DeviceDiscovery &rArr; aci_gap_start_limited_discovery_proc &rArr; aci_gap_start_limited_discovery_proc_api &rArr; GAP_Start_Limited_Discovery_Procedure &rArr; GAP_Start_Discovery_Procedure &rArr; LL_Enable_Disable_Scan &rArr; start_timebase &rArr; advance_wakeup_timer &rArr; cancel_master &rArr; isr_event_handler &rArr; PRIV_vGenerate_hci_le_enhanced_connection_complete_event_ucfg &rArr; PRIV_vGenerate_hci_le_enhanced_connection_complete_event &rArr; LL_priv_add_to_ConnIDList_ucfg &rArr; LL_priv_add_to_ConnIDList &rArr; PRIVWHIT_u8AddAddrInList &rArr; Osal_MemCpy &rArr; memcpy
</UL>
<BR>[Calls]<UL><LI><a href="#[ae]">&gt;&gt;</a>&nbsp;&nbsp;&nbsp;Master_Connection_CB
</UL>
<BR>[Called By]<UL><LI><a href="#[342]">&gt;&gt;</a>&nbsp;&nbsp;&nbsp;hci_disconnection_complete_event
</UL>

<P><STRONG><a name="[af]"></a>Master_Library_le_connection_complete_event</STRONG> (Thumb, 88 bytes, Stack size 56 bytes, master_basic_profile_events.o(.text))
<BR><BR>[Stack]<UL><LI>Max Depth = 184 + Unknown Stack Size
<LI>Call Chain = Master_Library_le_connection_complete_event &rArr; Master_Connection_CB &rArr; deviceDiscovery &rArr; Master_DeviceDiscovery &rArr; aci_gap_start_limited_discovery_proc &rArr; aci_gap_start_limited_discovery_proc_api &rArr; GAP_Start_Limited_Discovery_Procedure &rArr; GAP_Start_Discovery_Procedure &rArr; LL_Enable_Disable_Scan &rArr; start_timebase &rArr; advance_wakeup_timer &rArr; cancel_master &rArr; isr_event_handler &rArr; PRIV_vGenerate_hci_le_enhanced_connection_complete_event_ucfg &rArr; PRIV_vGenerate_hci_le_enhanced_connection_complete_event &rArr; LL_priv_add_to_ConnIDList_ucfg &rArr; LL_priv_add_to_ConnIDList &rArr; PRIVWHIT_u8AddAddrInList &rArr; Osal_MemCpy &rArr; memcpy
</UL>
<BR>[Calls]<UL><LI><a href="#[ae]">&gt;&gt;</a>&nbsp;&nbsp;&nbsp;Master_Connection_CB
<LI><a href="#[b1]">&gt;&gt;</a>&nbsp;&nbsp;&nbsp;memcmp
<LI><a href="#[b0]">&gt;&gt;</a>&nbsp;&nbsp;&nbsp;__aeabi_memclr4
</UL>
<BR>[Called By]<UL><LI><a href="#[346]">&gt;&gt;</a>&nbsp;&nbsp;&nbsp;hci_le_connection_complete_event
</UL>

<P><STRONG><a name="[b2]"></a>Master_Library_le_advertising_report_event</STRONG> (Thumb, 34 bytes, Stack size 16 bytes, master_basic_profile_events.o(.text))
<BR><BR>[Stack]<UL><LI>Max Depth = 216 + Unknown Stack Size
<LI>Call Chain = Master_Library_le_advertising_report_event &rArr; Master_DeviceDiscovery_CB &rArr; deviceConnection &rArr; Master_DeviceConnection &rArr; Master_TerminateDiscovery &rArr; aci_gap_terminate_gap_proc &rArr; aci_gap_terminate_gap_proc_api &rArr; GAP_Terminate_Gap_Procedure &rArr; LL_Enable_Disable_Scan &rArr; start_timebase &rArr; advance_wakeup_timer &rArr; cancel_master &rArr; isr_event_handler &rArr; PRIV_vGenerate_hci_le_enhanced_connection_complete_event_ucfg &rArr; PRIV_vGenerate_hci_le_enhanced_connection_complete_event &rArr; LL_priv_add_to_ConnIDList_ucfg &rArr; LL_priv_add_to_ConnIDList &rArr; PRIVWHIT_u8AddAddrInList &rArr; Osal_MemCpy &rArr; memcpy
</UL>
<BR>[Calls]<UL><LI><a href="#[b3]">&gt;&gt;</a>&nbsp;&nbsp;&nbsp;Master_DeviceDiscovery_CB
</UL>
<BR>[Called By]<UL><LI><a href="#[345]">&gt;&gt;</a>&nbsp;&nbsp;&nbsp;hci_le_advertising_report_event
</UL>

<P><STRONG><a name="[b4]"></a>Master_Library_gap_proc_complete_event</STRONG> (Thumb, 90 bytes, Stack size 32 bytes, master_basic_profile_events.o(.text))
<BR><BR>[Stack]<UL><LI>Max Depth = 232 + Unknown Stack Size
<LI>Call Chain = Master_Library_gap_proc_complete_event &rArr; Master_DeviceDiscovery_CB &rArr; deviceConnection &rArr; Master_DeviceConnection &rArr; Master_TerminateDiscovery &rArr; aci_gap_terminate_gap_proc &rArr; aci_gap_terminate_gap_proc_api &rArr; GAP_Terminate_Gap_Procedure &rArr; LL_Enable_Disable_Scan &rArr; start_timebase &rArr; advance_wakeup_timer &rArr; cancel_master &rArr; isr_event_handler &rArr; PRIV_vGenerate_hci_le_enhanced_connection_complete_event_ucfg &rArr; PRIV_vGenerate_hci_le_enhanced_connection_complete_event &rArr; LL_priv_add_to_ConnIDList_ucfg &rArr; LL_priv_add_to_ConnIDList &rArr; PRIVWHIT_u8AddAddrInList &rArr; Osal_MemCpy &rArr; memcpy
</UL>
<BR>[Calls]<UL><LI><a href="#[b3]">&gt;&gt;</a>&nbsp;&nbsp;&nbsp;Master_DeviceDiscovery_CB
</UL>
[...]
<LI><a href="#[28e]">&gt;&gt;</a>&nbsp;&nbsp;&nbsp;sdb_write_record
<LI><a href="#[28a]">&gt;&gt;</a>&nbsp;&nbsp;&nbsp;sdb_read_record_validity
<LI><a href="#[28b]">&gt;&gt;</a>&nbsp;&nbsp;&nbsp;sdb_read_record
<LI><a href="#[297]">&gt;&gt;</a>&nbsp;&nbsp;&nbsp;sdb_find_client_data
<LI><a href="#[296]">&gt;&gt;</a>&nbsp;&nbsp;&nbsp;Write_Client_Data
<LI><a href="#[15d]">&gt;&gt;</a>&nbsp;&nbsp;&nbsp;Erase_Sector
</UL>
<BR>[Called By]<UL><LI><a href="#[1e6]">&gt;&gt;</a>&nbsp;&nbsp;&nbsp;SDB_flash_write_client_data
<LI><a href="#[289]">&gt;&gt;</a>&nbsp;&nbsp;&nbsp;SDB_Add_Record
</UL>

<P><STRONG><a name="[297]"></a>sdb_find_client_data</STRONG> (Thumb, 192 bytes, Stack size unknown bytes, sdb.o(i.sdb_find_client_data))
<BR><BR>[Stack]<UL><LI>Max Depth = 20 + Unknown Stack Size
<LI>Call Chain = sdb_find_client_data &rArr; Osal_MemCmp &rArr; memcmp
</UL>
<BR>[Calls]<UL><LI><a href="#[f7]">&gt;&gt;</a>&nbsp;&nbsp;&nbsp;Osal_MemCmp
<LI><a href="#[28a]">&gt;&gt;</a>&nbsp;&nbsp;&nbsp;sdb_read_record_validity
<LI><a href="#[2dd]">&gt;&gt;</a>&nbsp;&nbsp;&nbsp;sdb_read_address_type
<LI><a href="#[2dc]">&gt;&gt;</a>&nbsp;&nbsp;&nbsp;sdb_get_gatt_db_start_address
<LI><a href="#[2de]">&gt;&gt;</a>&nbsp;&nbsp;&nbsp;int32ToLe4Byte
</UL>
<BR>[Called By]<UL><LI><a href="#[147]">&gt;&gt;</a>&nbsp;&nbsp;&nbsp;SDB_read_peer_bonded_data
<LI><a href="#[28c]">&gt;&gt;</a>&nbsp;&nbsp;&nbsp;sdb_delete
</UL>

<P><STRONG><a name="[2dc]"></a>sdb_get_gatt_db_start_address</STRONG> (Thumb, 18 bytes, Stack size unknown bytes, sdb.o(i.sdb_get_gatt_db_start_address))
<BR><BR>[Called By]<UL><LI><a href="#[297]">&gt;&gt;</a>&nbsp;&nbsp;&nbsp;sdb_find_client_data
<LI><a href="#[296]">&gt;&gt;</a>&nbsp;&nbsp;&nbsp;Write_Client_Data
</UL>

<P><STRONG><a name="[28d]"></a>sdb_invalidate_record</STRONG> (Thumb, 26 bytes, Stack size unknown bytes, sdb.o(i.sdb_invalidate_record))
<BR><BR>[Stack]<UL><LI>Max Depth = 4 + Unknown Stack Size
<LI>Call Chain = sdb_invalidate_record &rArr; FLASH_ProgramWord
</UL>
<BR>[Calls]<UL><LI><a href="#[16c]">&gt;&gt;</a>&nbsp;&nbsp;&nbsp;FLASH_ProgramWord
</UL>
<BR>[Called By]<UL><LI><a href="#[289]">&gt;&gt;</a>&nbsp;&nbsp;&nbsp;SDB_Add_Record
<LI><a href="#[296]">&gt;&gt;</a>&nbsp;&nbsp;&nbsp;Write_Client_Data
</UL>

<P><STRONG><a name="[2dd]"></a>sdb_read_address_type</STRONG> (Thumb, 14 bytes, Stack size unknown bytes, sdb.o(i.sdb_read_address_type))
<BR><BR>[Called By]<UL><LI><a href="#[297]">&gt;&gt;</a>&nbsp;&nbsp;&nbsp;sdb_find_client_data
<LI><a href="#[296]">&gt;&gt;</a>&nbsp;&nbsp;&nbsp;Write_Client_Data
</UL>

<P><STRONG><a name="[28b]"></a>sdb_read_record</STRONG> (Thumb, 32 bytes, Stack size unknown bytes, sdb.o(i.sdb_read_record))
<BR><BR>[Calls]<UL><LI><a href="#[2de]">&gt;&gt;</a>&nbsp;&nbsp;&nbsp;int32ToLe4Byte
</UL>
<BR>[Called By]<UL><LI><a href="#[294]">&gt;&gt;</a>&nbsp;&nbsp;&nbsp;SDB_Find_Record
<LI><a href="#[1e6]">&gt;&gt;</a>&nbsp;&nbsp;&nbsp;SDB_flash_write_client_data
<LI><a href="#[290]">&gt;&gt;</a>&nbsp;&nbsp;&nbsp;SDB_Find_Matching_LTK
<LI><a href="#[289]">&gt;&gt;</a>&nbsp;&nbsp;&nbsp;SDB_Add_Record
<LI><a href="#[28c]">&gt;&gt;</a>&nbsp;&nbsp;&nbsp;sdb_delete
</UL>

<P><STRONG><a name="[28a]"></a>sdb_read_record_validity</STRONG> (Thumb, 16 bytes, Stack size unknown bytes, sdb.o(i.sdb_read_record_validity))
<BR><BR>[Called By]<UL><LI><a href="#[294]">&gt;&gt;</a>&nbsp;&nbsp;&nbsp;SDB_Find_Record
<LI><a href="#[1e6]">&gt;&gt;</a>&nbsp;&nbsp;&nbsp;SDB_flash_write_client_data
<LI><a href="#[18d]">&gt;&gt;</a>&nbsp;&nbsp;&nbsp;SDB_Get_Number_Of_Valid_Records
<LI><a href="#[290]">&gt;&gt;</a>&nbsp;&nbsp;&nbsp;SDB_Find_Matching_LTK
<LI><a href="#[289]">&gt;&gt;</a>&nbsp;&nbsp;&nbsp;SDB_Add_Record
<LI><a href="#[297]">&gt;&gt;</a>&nbsp;&nbsp;&nbsp;sdb_find_client_data
<LI><a href="#[28c]">&gt;&gt;</a>&nbsp;&nbsp;&nbsp;sdb_delete
<LI><a href="#[296]">&gt;&gt;</a>&nbsp;&nbsp;&nbsp;Write_Client_Data
</UL>

<P><STRONG><a name="[28e]"></a>sdb_write_record</STRONG> (Thumb, 120 bytes, Stack size unknown bytes, sdb.o(i.sdb_write_record))
<BR><BR>[Stack]<UL><LI>Max Depth = 4 + Unknown Stack Size
<LI>Call Chain = sdb_write_record &rArr; Flash_Write_Flagged &rArr; FLASH_ProgramWord
</UL>
<BR>[Calls]<UL><LI><a href="#[2d8]">&gt;&gt;</a>&nbsp;&nbsp;&nbsp;system_time_trans
<LI><a href="#[171]">&gt;&gt;</a>&nbsp;&nbsp;&nbsp;Flash_Write_Flagged
<LI><a href="#[375]">&gt;&gt;</a>&nbsp;&nbsp;&nbsp;Delay_With_NOP_Cycles
</UL>
<BR>[Called By]<UL><LI><a href="#[289]">&gt;&gt;</a>&nbsp;&nbsp;&nbsp;SDB_Add_Record
<LI><a href="#[28c]">&gt;&gt;</a>&nbsp;&nbsp;&nbsp;sdb_delete
</UL>

<P><STRONG><a name="[2c1]"></a>sma_Calculate_Hash</STRONG> (Thumb, 54 bytes, Stack size unknown bytes, smp_algo_sap.o(i.sma_Calculate_Hash))
<BR><BR>[Stack]<UL><LI>Max Depth = 60 + Unknown Stack Size
<LI>Call Chain = sma_Calculate_Hash &rArr; hci_le_encrypt &rArr; LL_Encrypt_Plain_Data_ucfg &rArr; LL_Encrypt_Plain_Data &rArr; AES128ECB_Wrapper &rArr; AES_keyschedule_enc &rArr; AES_keyschedule_enc_LL
</UL>
<BR>[Calls]<UL><LI><a href="#[163]">&gt;&gt;</a>&nbsp;&nbsp;&nbsp;Osal_MemSet
<LI><a href="#[ef]">&gt;&gt;</a>&nbsp;&nbsp;&nbsp;Osal_MemCpy
<LI><a href="#[298]">&gt;&gt;</a>&nbsp;&nbsp;&nbsp;hci_le_encrypt
</UL>
<BR>[Called By]<UL><LI><a href="#[192]">&gt;&gt;</a>&nbsp;&nbsp;&nbsp;SM_Generate_Resolvable_Private_Address
<LI><a href="#[295]">&gt;&gt;</a>&nbsp;&nbsp;&nbsp;SM_Resolve_Private_Address
</UL>

<P><STRONG><a name="[376]"></a>sma_generate_subkeys</STRONG> (Thumb, 126 bytes, Stack size unknown bytes, smp_algo_sap.o(i.sma_generate_subkeys))
<BR><BR>[Stack]<UL><LI>Max Depth = 60 + Unknown Stack Size
<LI>Call Chain = sma_generate_subkeys &rArr; hci_le_encrypt &rArr; LL_Encrypt_Plain_Data_ucfg &rArr; LL_Encrypt_Plain_Data &rArr; AES128ECB_Wrapper &rArr; AES_keyschedule_enc &rArr; AES_keyschedule_enc_LL
</UL>
<BR>[Calls]<UL><LI><a href="#[298]">&gt;&gt;</a>&nbsp;&nbsp;&nbsp;hci_le_encrypt
<LI><a href="#[377]">&gt;&gt;</a>&nbsp;&nbsp;&nbsp;sma_left_shift
</UL>
<BR>[Called By]<UL><LI><a href="#[2c0]">&gt;&gt;</a>&nbsp;&nbsp;&nbsp;sma_CMAC_generate_tag
</UL>

<P><STRONG><a name="[377]"></a>sma_left_shift</STRONG> (Thumb, 44 bytes, Stack size unknown bytes, smp_algo_sap.o(i.sma_left_shift))
<BR><BR>[Called By]<UL><LI><a href="#[376]">&gt;&gt;</a>&nbsp;&nbsp;&nbsp;sma_generate_subkeys
</UL>

<P><STRONG><a name="[2b8]"></a>SMP_connection_complete_handler</STRONG> (Thumb, 138 bytes, Stack size unknown bytes, smp_common.o(i.SMP_connection_complete_handler))
<BR><BR>[Stack]<UL><LI>Max Depth = 16 + Unknown Stack Size
<LI>Call Chain = SMP_connection_complete_handler &rArr; Osal_MemSet &rArr; memset
</UL>
<BR>[Calls]<UL><LI><a href="#[163]">&gt;&gt;</a>&nbsp;&nbsp;&nbsp;Osal_MemSet
<LI><a href="#[ef]">&gt;&gt;</a>&nbsp;&nbsp;&nbsp;Osal_MemCpy
</UL>
<BR>[Called By]<UL><LI><a href="#[206]">&gt;&gt;</a>&nbsp;&nbsp;&nbsp;SMP_hci_le_enhanced_connection_complete_evt_hndl
<LI><a href="#[205]">&gt;&gt;</a>&nbsp;&nbsp;&nbsp;SMP_hci_le_connection_complete_evt_hndl
</UL>

<P><STRONG><a name="[2f5]"></a>aci_gap_authorization_req_event_push</STRONG> (Thumb, 80 bytes, Stack size unknown bytes, smp_common.o(i.aci_gap_authorization_req_event_push))
<BR><BR>[Calls]<UL><LI><a href="#[f9]">&gt;&gt;</a>&nbsp;&nbsp;&nbsp;aci_event_fifo_push_header
<LI><a href="#[fa]">&gt;&gt;</a>&nbsp;&nbsp;&nbsp;aci_event_fifo_push
</UL>
<BR>[Called By]<UL><LI><a href="#[37d]">&gt;&gt;</a>&nbsp;&nbsp;&nbsp;smp_pairing_completed
</UL>

<P><STRONG><a name="[2b4]"></a>aci_gap_pairing_complete_event_push</STRONG> (Thumb, 88 bytes, Stack size unknown bytes, smp_common.o(i.aci_gap_pairing_complete_event_push))
<BR><BR>[Calls]<UL><LI><a href="#[f9]">&gt;&gt;</a>&nbsp;&nbsp;&nbsp;aci_event_fifo_push_header
<LI><a href="#[fa]">&gt;&gt;</a>&nbsp;&nbsp;&nbsp;aci_event_fifo_push
</UL>
<BR>[Called By]<UL><LI><a href="#[2b3]">&gt;&gt;</a>&nbsp;&nbsp;&nbsp;SMP_Protocol_Timer_cb
<LI><a href="#[216]">&gt;&gt;</a>&nbsp;&nbsp;&nbsp;SMP_hci_encryption_change_evt_hndl
<LI><a href="#[37d]">&gt;&gt;</a>&nbsp;&nbsp;&nbsp;smp_pairing_completed
<LI><a href="#[3b5]">&gt;&gt;</a>&nbsp;&nbsp;&nbsp;smp_pairing_process_abort
</UL>

<P><STRONG><a name="[2b7]"></a>smp_Keys_Distribution_Complete</STRONG> (Thumb, 50 bytes, Stack size unknown bytes, smp_common.o(i.smp_Keys_Distribution_Complete))
<BR><BR>[Stack]<UL><LI>Max Depth = 24 + Unknown Stack Size
<LI>Call Chain = smp_Keys_Distribution_Complete &rArr; smp_MI_Start_Encryption_ucfg &rArr; smp_MI_Start_Encryption &rArr; Osal_MemSet &rArr; memset
</UL>
<BR>[Calls]<UL><LI><a href="#[2a5]">&gt;&gt;</a>&nbsp;&nbsp;&nbsp;smp_MI_Start_Encryption_ucfg
<LI><a href="#[37d]">&gt;&gt;</a>&nbsp;&nbsp;&nbsp;smp_pairing_completed
</UL>
<BR>[Called By]<UL><LI><a href="#[20b]">&gt;&gt;</a>&nbsp;&nbsp;&nbsp;SMP_acl_data_hndl
</UL>

<P><STRONG><a name="[2b9]"></a>smp_flush_rx_queues</STRONG> (Thumb, 52 bytes, Stack size unknown bytes, smp_common.o(i.smp_flush_rx_queues))
<BR><BR>[Calls]<UL><LI><a href="#[16a]">&gt;&gt;</a>&nbsp;&nbsp;&nbsp;PM_Release_Acl_Pckt
<LI><a href="#[167]">&gt;&gt;</a>&nbsp;&nbsp;&nbsp;acl_list_remove
<LI><a href="#[166]">&gt;&gt;</a>&nbsp;&nbsp;&nbsp;acl_list_first
</UL>
<BR>[Called By]<UL><LI><a href="#[214]">&gt;&gt;</a>&nbsp;&nbsp;&nbsp;SMP_hci_disconnection_complete_evt_hndl
<LI><a href="#[3b5]">&gt;&gt;</a>&nbsp;&nbsp;&nbsp;smp_pairing_process_abort
</UL>

<P><STRONG><a name="[3b5]"></a>smp_pairing_process_abort</STRONG> (Thumb, 96 bytes, Stack size unknown bytes, smp_common.o(i.smp_pairing_process_abort))
<BR><BR>[Stack]<UL><LI>Max Depth = 20 + Unknown Stack Size
<LI>Call Chain = smp_pairing_process_abort &rArr; smp_repeated_attacks_protection &rArr; Osal_MemCmp &rArr; memcmp
</UL>
<BR>[Calls]<UL><LI><a href="#[163]">&gt;&gt;</a>&nbsp;&nbsp;&nbsp;Osal_MemSet
<LI><a href="#[2ad]">&gt;&gt;</a>&nbsp;&nbsp;&nbsp;smp_find_remote_device_index
<LI><a href="#[2ae]">&gt;&gt;</a>&nbsp;&nbsp;&nbsp;SMP_reset_timer
<LI><a href="#[3b6]">&gt;&gt;</a>&nbsp;&nbsp;&nbsp;smp_repeated_attacks_protection
<LI><a href="#[2b5]">&gt;&gt;</a>&nbsp;&nbsp;&nbsp;smp_update_statistics_on_pairing_complete
<LI><a href="#[2b9]">&gt;&gt;</a>&nbsp;&nbsp;&nbsp;smp_flush_rx_queues
<LI><a href="#[2b4]">&gt;&gt;</a>&nbsp;&nbsp;&nbsp;aci_gap_pairing_complete_event_push
</UL>
<BR>[Called By]<UL><LI><a href="#[389]">&gt;&gt;</a>&nbsp;&nbsp;&nbsp;smp_pairing_failed_send
<LI><a href="#[2b1]">&gt;&gt;</a>&nbsp;&nbsp;&nbsp;smp_pairing_failed_receive
</UL>

<P><STRONG><a name="[2b5]"></a>smp_update_statistics_on_pairing_complete</STRONG> (Thumb, 50 bytes, Stack size unknown bytes, smp_common.o(i.smp_update_statistics_on_pairing_complete))
<BR><BR>[Stack]<UL><LI>Max Depth = 20 + Unknown Stack Size
<LI>Call Chain = smp_update_statistics_on_pairing_complete &rArr; smp_sc_update_statistics_on_pairing_complete_ucfg &rArr; smp_sc_update_statistics_on_pairing_complete &rArr; __aeabi_uidivmod
</UL>
<BR>[Calls]<UL><LI><a href="#[3c7]">&gt;&gt;</a>&nbsp;&nbsp;&nbsp;smp_sc_update_statistics_on_pairing_complete_ucfg
</UL>
<BR>[Called By]<UL><LI><a href="#[2b3]">&gt;&gt;</a>&nbsp;&nbsp;&nbsp;SMP_Protocol_Timer_cb
<LI><a href="#[214]">&gt;&gt;</a>&nbsp;&nbsp;&nbsp;SMP_hci_disconnection_complete_evt_hndl
<LI><a href="#[37d]">&gt;&gt;</a>&nbsp;&nbsp;&nbsp;smp_pairing_completed
<LI><a href="#[3b5]">&gt;&gt;</a>&nbsp;&nbsp;&nbsp;smp_pairing_process_abort
</UL>

<P><STRONG><a name="[cb]"></a>connectionProcedure</STRONG> (Thumb, 148 bytes, Stack size 56 bytes, master_basic_profile_sm.o(.text))
<BR><BR>[Stack]<UL><LI>Max Depth = 184 + Unknown Stack Size
<LI>Call Chain = connectionProcedure &rArr; aci_gap_start_auto_connection_establish_proc &rArr; aci_gap_start_auto_connection_establish_proc_api &rArr; GAP_Start_Auto_Conn_Establishment_Proc &rArr; LL_Create_Connection &rArr; LL_Enable_Disable_Scan &rArr; start_timebase &rArr; advance_wakeup_timer &rArr; cancel_master &rArr; isr_event_handler &rArr; PRIV_vGenerate_hci_le_enhanced_connection_complete_event_ucfg &rArr; PRIV_vGenerate_hci_le_enhanced_connection_complete_event &rArr; LL_priv_add_to_ConnIDList_ucfg &rArr; LL_priv_add_to_ConnIDList &rArr; PRIVWHIT_u8AddAddrInList &rArr; Osal_MemCpy &rArr; memcpy
</UL>
<BR>[Calls]<UL><LI><a href="#[cd]">&gt;&gt;</a>&nbsp;&nbsp;&nbsp;aci_gap_start_auto_connection_establish_proc
<LI><a href="#[cc]">&gt;&gt;</a>&nbsp;&nbsp;&nbsp;aci_gap_create_connection
<LI><a href="#[ce]">&gt;&gt;</a>&nbsp;&nbsp;&nbsp;HAL_VTimerGetCurrentTime_sysT32
<LI><a href="#[9a]">&gt;&gt;</a>&nbsp;&nbsp;&nbsp;__aeabi_memcpy
</UL>
<BR>[Called By]<UL><LI><a href="#[cf]">&gt;&gt;</a>&nbsp;&nbsp;&nbsp;connectionStateMachine
</UL>

<P><STRONG><a name="[f0]"></a>ATT_fill_type_val_entry</STRONG> (Thumb, 52 bytes, Stack size unknown bytes, att.o(i.ATT_fill_type_val_entry))
<BR><BR>[Stack]<UL><LI>Max Depth = 16 + Unknown Stack Size
<LI>Call Chain = ATT_fill_type_val_entry &rArr; PM_Write_Pckt_Data &rArr; Mem_Buff_Write &rArr; Osal_MemCpy &rArr; memcpy
</UL>
<BR>[Calls]<UL><LI><a href="#[f1]">&gt;&gt;</a>&nbsp;&nbsp;&nbsp;PM_Write_Pckt_Data
</UL>
<BR>[Called By]<UL><LI><a href="#[16d]">&gt;&gt;</a>&nbsp;&nbsp;&nbsp;Find_By_Type_Val_Resp
</UL>

<P><STRONG><a name="[f2]"></a>ATT_validate_prepare_req</STRONG> (Thumb, 162 bytes, Stack size unknown bytes, att.o(i.ATT_validate_prepare_req))
<BR><BR>[Stack]<UL><LI>Max Depth = 16 + Unknown Stack Size
<LI>Call Chain = ATT_validate_prepare_req &rArr; Osal_MemCpy &rArr; memcpy
</UL>
<BR>[Calls]<UL><LI><a href="#[ef]">&gt;&gt;</a>&nbsp;&nbsp;&nbsp;Osal_MemCpy
<LI><a href="#[f4]">&gt;&gt;</a>&nbsp;&nbsp;&nbsp;Gatt_search_handle
<LI><a href="#[f3]">&gt;&gt;</a>&nbsp;&nbsp;&nbsp;Gatt_Find_Srv_Owner_Of_Handle
</UL>
<BR>[Called By]<UL><LI><a href="#[165]">&gt;&gt;</a>&nbsp;&nbsp;&nbsp;Exec_Write_Resp
</UL>

<P><STRONG><a name="[16e]"></a>Pm_Resize_Host_Acl_Pckt</STRONG> (Thumb, 14 bytes, Stack size unknown bytes, att.o(i.Pm_Resize_Host_Acl_Pckt))
<BR><BR>[Calls]<UL><LI><a href="#[26b]">&gt;&gt;</a>&nbsp;&nbsp;&nbsp;PM_Resize_Pckt_Pdu_Size
</UL>
<BR>[Called By]<UL><LI><a href="#[1be]">&gt;&gt;</a>&nbsp;&nbsp;&nbsp;Read_Resp
<LI><a href="#[1c0]">&gt;&gt;</a>&nbsp;&nbsp;&nbsp;Read_Multi_Resp
<LI><a href="#[1c1]">&gt;&gt;</a>&nbsp;&nbsp;&nbsp;Read_By_Type_Resp
<LI><a href="#[27d]">&gt;&gt;</a>&nbsp;&nbsp;&nbsp;Read_By_Grp_Type_Resp
<LI><a href="#[1bf]">&gt;&gt;</a>&nbsp;&nbsp;&nbsp;Read_Blob_Resp
<LI><a href="#[1c3]">&gt;&gt;</a>&nbsp;&nbsp;&nbsp;Prepare_Write_Resp
<LI><a href="#[170]">&gt;&gt;</a>&nbsp;&nbsp;&nbsp;Find_Info_Resp
<LI><a href="#[16d]">&gt;&gt;</a>&nbsp;&nbsp;&nbsp;Find_By_Type_Val_Resp
</UL>

<P><STRONG><a name="[169]"></a>aci_gatt_attribute_modified_event_push</STRONG> (Thumb, 116 bytes, Stack size unknown bytes, att.o(i.aci_gatt_attribute_modified_event_push))
<BR><BR>[Stack]<UL><LI>Max Depth = 16 + Unknown Stack Size
<LI>Call Chain = aci_gatt_attribute_modified_event_push &rArr; Osal_MemCpy &rArr; memcpy
</UL>
<BR>[Calls]<UL><LI><a href="#[ef]">&gt;&gt;</a>&nbsp;&nbsp;&nbsp;Osal_MemCpy
<LI><a href="#[f9]">&gt;&gt;</a>&nbsp;&nbsp;&nbsp;aci_event_fifo_push_header
<LI><a href="#[fa]">&gt;&gt;</a>&nbsp;&nbsp;&nbsp;aci_event_fifo_push
</UL>
<BR>[Called By]<UL><LI><a href="#[1c4]">&gt;&gt;</a>&nbsp;&nbsp;&nbsp;Write_Resp
<LI><a href="#[1c5]">&gt;&gt;</a>&nbsp;&nbsp;&nbsp;Write_Cmd
<LI><a href="#[165]">&gt;&gt;</a>&nbsp;&nbsp;&nbsp;Exec_Write_Resp
</UL>

<P><STRONG><a name="[288]"></a>aci_gatt_read_multi_permit_req_event_push</STRONG> (Thumb, 98 bytes, Stack size unknown bytes, att.o(i.aci_gatt_read_multi_permit_req_event_push))
<BR><BR>[Stack]<UL><LI>Max Depth = 16 + Unknown Stack Size
<LI>Call Chain = aci_gatt_read_multi_permit_req_event_push &rArr; Osal_MemCpy &rArr; memcpy
</UL>
<BR>[Calls]<UL><LI><a href="#[ef]">&gt;&gt;</a>&nbsp;&nbsp;&nbsp;Osal_MemCpy
<LI><a href="#[f9]">&gt;&gt;</a>&nbsp;&nbsp;&nbsp;aci_event_fifo_push_header
<LI><a href="#[fa]">&gt;&gt;</a>&nbsp;&nbsp;&nbsp;aci_event_fifo_push
</UL>
<BR>[Called By]<UL><LI><a href="#[1c0]">&gt;&gt;</a>&nbsp;&nbsp;&nbsp;Read_Multi_Resp
<LI><a href="#[1c1]">&gt;&gt;</a>&nbsp;&nbsp;&nbsp;Read_By_Type_Resp
</UL>

<P><STRONG><a name="[286]"></a>aci_gatt_read_permit_req_event_push</STRONG> (Thumb, 74 bytes, Stack size unknown bytes, att.o(i.aci_gatt_read_permit_req_event_push))
<BR><BR>[Calls]<UL><LI><a href="#[f9]">&gt;&gt;</a>&nbsp;&nbsp;&nbsp;aci_event_fifo_push_header
<LI><a href="#[fa]">&gt;&gt;</a>&nbsp;&nbsp;&nbsp;aci_event_fifo_push
</UL>
<BR>[Called By]<UL><LI><a href="#[1be]">&gt;&gt;</a>&nbsp;&nbsp;&nbsp;Read_Resp
<LI><a href="#[1bf]">&gt;&gt;</a>&nbsp;&nbsp;&nbsp;Read_Blob_Resp
</UL>

<P><STRONG><a name="[2df]"></a>aci_gatt_write_permit_req_event_push</STRONG> (Thumb, 104 bytes, Stack size unknown bytes, att.o(i.aci_gatt_write_permit_req_event_push))
<BR><BR>[Stack]<UL><LI>Max Depth = 16 + Unknown Stack Size
<LI>Call Chain = aci_gatt_write_permit_req_event_push &rArr; PM_Copy_Pckt_Data &rArr; Mem_Buff_Read &rArr; Osal_MemCpy &rArr; memcpy
</UL>
<BR>[Calls]<UL><LI><a href="#[168]">&gt;&gt;</a>&nbsp;&nbsp;&nbsp;PM_Copy_Pckt_Data
<LI><a href="#[f9]">&gt;&gt;</a>&nbsp;&nbsp;&nbsp;aci_event_fifo_push_header
<LI><a href="#[fa]">&gt;&gt;</a>&nbsp;&nbsp;&nbsp;aci_event_fifo_push
</UL>
<BR>[Called By]<UL><LI><a href="#[1c4]">&gt;&gt;</a>&nbsp;&nbsp;&nbsp;Write_Resp
<LI><a href="#[1c5]">&gt;&gt;</a>&nbsp;&nbsp;&nbsp;Write_Cmd
</UL>

<P><STRONG><a name="[109]"></a>Pm_Resize_Host_Acl_Pckt</STRONG> (Thumb, 14 bytes, Stack size unknown bytes, rom_att.o(i.Pm_Resize_Host_Acl_Pckt))
<BR><BR>[Calls]<UL><LI><a href="#[26b]">&gt;&gt;</a>&nbsp;&nbsp;&nbsp;PM_Resize_Pckt_Pdu_Size
</UL>
<BR>[Called By]<UL><LI><a href="#[110]">&gt;&gt;</a>&nbsp;&nbsp;&nbsp;Att_Send_Write_Req_Pdu
<LI><a href="#[108]">&gt;&gt;</a>&nbsp;&nbsp;&nbsp;Att_Send_Find_By_Typ_Val_Req_Pdu
</UL>

<P><STRONG><a name="[eb]"></a>AES_general_enc</STRONG> (Thumb, 8 bytes, Stack size 4 bytes, crypto.o(i.AES_general_enc))
<BR><BR>[Stack]<UL><LI>Max Depth = 52<LI>Call Chain = AES_general_enc &rArr; AES_general_SW_enc
</UL>
<BR>[Calls]<UL><LI><a href="#[e6]">&gt;&gt;</a>&nbsp;&nbsp;&nbsp;AES_general_SW_enc
</UL>
<BR>[Called By]<UL><LI><a href="#[e9]">&gt;&gt;</a>&nbsp;&nbsp;&nbsp;AES_CMAC_Encrypt_Append
</UL>

<P><STRONG><a name="[ed]"></a>AES_keyschedule_enc_LL</STRONG> (Thumb, 332 bytes, Stack size 20 bytes, crypto.o(i.AES_keyschedule_enc_LL))
<BR><BR>[Stack]<UL><LI>Max Depth = 20<LI>Call Chain = AES_keyschedule_enc_LL
</UL>
<BR>[Called By]<UL><LI><a href="#[e4]">&gt;&gt;</a>&nbsp;&nbsp;&nbsp;AES_keyschedule_enc
</UL>

<P><STRONG><a name="[ec]"></a>AESstdInit</STRONG> (Thumb, 178 bytes, Stack size 24 bytes, crypto.o(i.AESstdInit))
<BR><BR>[Stack]<UL><LI>Max Depth = 76<LI>Call Chain = AESstdInit &rArr; AES_keyschedule_enc &rArr; AES_keyschedule_enc_LL
</UL>
<BR>[Calls]<UL><LI><a href="#[e4]">&gt;&gt;</a>&nbsp;&nbsp;&nbsp;AES_keyschedule_enc
</UL>
<BR>[Called By]<UL><LI><a href="#[e8]">&gt;&gt;</a>&nbsp;&nbsp;&nbsp;AES_CMAC_Encrypt_Init
</UL>

<P><STRONG><a name="[2e7]"></a>_printf_core</STRONG> (Thumb, 1020 bytes, Stack size 104 bytes, printf8.o(i._printf_core), UNUSED)
<BR><BR>[Calls]<UL><LI><a href="#[2e9]">&gt;&gt;</a>&nbsp;&nbsp;&nbsp;_printf_pre_padding
<LI><a href="#[2ea]">&gt;&gt;</a>&nbsp;&nbsp;&nbsp;_printf_post_padding
<LI><a href="#[df]">&gt;&gt;</a>&nbsp;&nbsp;&nbsp;__aeabi_uldivmod
</UL>
<BR>[Called By]<UL><LI><a href="#[2e6]">&gt;&gt;</a>&nbsp;&nbsp;&nbsp;__0printf$8
</UL>

<P><STRONG><a name="[2ea]"></a>_printf_post_padding</STRONG> (Thumb, 32 bytes, Stack size 24 bytes, printf8.o(i._printf_post_padding), UNUSED)
<BR><BR>[Called By]<UL><LI><a href="#[2e7]">&gt;&gt;</a>&nbsp;&nbsp;&nbsp;_printf_core
</UL>

<P><STRONG><a name="[2e9]"></a>_printf_pre_padding</STRONG> (Thumb, 44 bytes, Stack size 40 bytes, printf8.o(i._printf_pre_padding), UNUSED)
<BR><BR>[Called By]<UL><LI><a href="#[2e7]">&gt;&gt;</a>&nbsp;&nbsp;&nbsp;_printf_core
</UL>
<P>
<H3>
Undefined Global Symbols
</H3>
<P><STRONG><a name="[73]"></a>__arm_fini_</STRONG> (Unknown, 0 bytes, Stack size 0 bytes, UNDEFINED)
<BR><BR>[Called By]<UL><LI><a href="#[72]">&gt;&gt;</a>&nbsp;&nbsp;&nbsp;__rt_lib_shutdown_fini
</UL>
<HR></body></html>
