<html>
<body>
<pre>
<h1>µVision Build Log</h1>
<h2>Tool Versions:</h2>
IDE-Version: µVision V5.38.0.0
Copyright (C) 2022 ARM Ltd and ARM Germany GmbH. All rights reserved.
License Information: Selvakumar G EMCUS Flex license: MDK Essential 5.38 (Flex): 2 user(s) (mdk_essential) Support: May 2024
 
Tool Versions:
Toolchain:       MDK Essential 5.38 (Flex): 2 user(s)  Version: 5.38.0.0
Toolchain Path:  C:\Keil_v5\ARM\ARMCC\Bin
C Compiler:      Armcc.exe V5.06 update 7 (build 960)
Assembler:       Armasm.exe V5.06 update 7 (build 960)
Linker/Locator:  ArmLink.exe V5.06 update 7 (build 960)
Library Manager: ArmAr.exe V5.06 update 7 (build 960)
Hex Converter:   FromElf.exe V5.06 update 7 (build 960)
CPU DLL:         SARMCM3.DLL V5.38.0.0
Dialog DLL:      DARMCM1.DLL V1.19.6.0
Target DLL:      STLink\ST-LINKIII-KEIL_SWO.dll V3.1.0.0
Dialog DLL:      TARMCM1.DLL V1.14.6.0
 
<h2>Project:</h2>
C:\Users\SelvakumarG\Desktop\BLE_Test\New_sdk\BlueNRG-1_2 DK 3.2.3\Project\BLE_Examples\BLE_SensorDemo_Central\MDK-ARM\BlueNRG-2\BLE_SensorDemo_Central.uvprojx
Project File Date:  11/16/2024

<h2>Output:</h2>
*** Using Compiler 'V5.06 update 7 (build 960)', folder: 'C:\Keil_v5\ARM\ARMCC\Bin'
Rebuild target 'Release'
compiling osal.c...
assembling context_switch.s...
compiling miscutil.c...
compiling clock.c...
compiling BlueNRG1_dma.c...
compiling BlueNRG1_adc.c...
compiling BlueNRG1_flash.c...
compiling sleep.c...
compiling BlueNRG1_gpio.c...
compiling BlueNRG1_mft.c...
compiling BlueNRG1_pka.c...
compiling BlueNRG1_i2c.c...
compiling BlueNRG1_rtc.c...
compiling BlueNRG1_sysCtrl.c...
compiling master_events_CB.c...
compiling BlueNRG1_spi.c...
compiling BlueNRG1_uart.c...
compiling misc.c...
compiling BlueNRG1_wdg.c...
compiling LPS25HB.c...
compiling SDK_EVAL_Button.c...
compiling SDK_EVAL_Com.c...
compiling SDK_EVAL_Config.c...
compiling LSM6DS3.c...
compiling SDK_EVAL_Led.c...
compiling SDK_EVAL_I2C.c...
compiling stack_user_cfg.c...
compiling SDK_EVAL_SPI.c...
compiling system_BlueNRG1.c...
compiling BlueNRG1_it.c...
compiling gatt_db.c...
compiling SensorDemo_central_role_main.c...
linking...
Program Size: Code=103348 RO-data=1556 RW-data=784 ZI-data=17228  
FromELF: creating hex file...
After Build - User command #1: fromelf.exe --bin Release\Objects\BLE_SensorDemo_Central.axf --output Release\Objects\BLE_SensorDemo_Central.bin
".\Release\Objects\BLE_SensorDemo_Central.axf" - 0 Error(s), 0 Warning(s).

<h2>Software Packages used:</h2>

Package Vendor: Keil
                http://www.keil.com/pack/Keil.STBlueNRG-2_DFP.1.0.1.pack
                Keil.STBlueNRG-2_DFP.1.0.1
                STMicroelectronics BlueNRG-2 Series Device Support

<h2>Collection of Component include folders:</h2>

<h2>Collection of Component Files used:</h2>
Build Time Elapsed:  00:00:09
</pre>
</body>
</html>
