Component: ARM Compiler 5.06 update 7 (build 960) Tool: armlink [4d3601]

==============================================================================

Section Cross References

    context_switch.o(. text) refers to system_bluenrg1.o(.savedMSP) for savedMSP
    context_switch.o(. text) refers to system_bluenrg1.o(.data) for savedICSR
    context_switch.o(. text) refers to system_bluenrg1.o(.data) for savedSHCSR
    context_switch.o(. text) refers to system_bluenrg1.o(.data) for savedNVIC_ISPR
    fifo.o(i._fifo_get) refers to osal.o(i.Osal_MemCpy) for Osal_MemCpy
    fifo.o(i._fifo_get) refers to uidiv.o(.text) for __aeabi_uidivmod
    fifo.o(i.fifo_discard) refers to uidiv.o(.text) for __aeabi_uidivmod
    fifo.o(i.fifo_discard_var_len_item) refers to fifo.o(i.fifo_get) for fifo_get
    fifo.o(i.fifo_discard_var_len_item) refers to fifo.o(i.fifo_discard) for fifo_discard
    fifo.o(i.fifo_get) refers to fifo.o(i._fifo_get) for _fifo_get
    fifo.o(i.fifo_get_ptr_var_len_item) refers to fifo.o(i.fifo_get_ptr) for fifo_get_ptr
    fifo.o(i.fifo_get_var_len_item) refers to fifo.o(i.fifo_get) for fifo_get
    fifo.o(i.fifo_get_var_len_item) refers to fifo.o(i._fifo_get) for _fifo_get
    fifo.o(i.fifo_put) refers to osal.o(i.Osal_MemCpy) for Osal_MemCpy
    fifo.o(i.fifo_put) refers to uidiv.o(.text) for __aeabi_uidivmod
    fifo.o(i.fifo_put_var_len_item) refers to osal.o(i.Osal_MemCpy) for Osal_MemCpy
    fifo.o(i.fifo_put_var_len_item) refers to uidiv.o(.text) for __aeabi_uidivmod
    miscutil.o(i.BLEPLAT_get_part_info) refers to miscutil.o(i.HAL_GetPartInfo) for HAL_GetPartInfo
    miscutil.o(i.HAL_CrashHandler) refers to miscutil.o(.__crash_RAM) for .__crash_RAM
    miscutil.o(i.HAL_GetCrashInfo) refers to memmove.o(.text) for __aeabi_memcpy4
    miscutil.o(i.HAL_GetCrashInfo) refers to miscutil.o(.__crash_RAM) for .__crash_RAM
    osal.o(i.Osal_MemCmp) refers to memcmp.o(.text) for memcmp
    osal.o(i.Osal_MemCpy) refers to memmove.o(.text) for memcpy
    osal.o(i.Osal_MemSet) refers to memseta.o(.text) for memset
    sleep.o(i.BlueNRG_InternalSleep) refers to miscutil.o(i.HAL_GetPartInfo) for HAL_GetPartInfo
    sleep.o(i.BlueNRG_InternalSleep) refers to system_bluenrg1.o(i.SET_BORconfigStatus) for SET_BORconfigStatus
    sleep.o(i.BlueNRG_InternalSleep) refers to misc.o(i.SystemSleepCmd) for SystemSleepCmd
    sleep.o(i.BlueNRG_InternalSleep) refers to context_switch.o(. text) for CS_contextSave
    sleep.o(i.BlueNRG_InternalSleep) refers to system_bluenrg1.o(.intvec) for __vector_table
    sleep.o(i.BlueNRG_InternalSleep) refers to sleep.o(.data) for .data
    sleep.o(i.BlueNRG_InternalSleep) refers to sleep.o(.bss) for .bss
    sleep.o(i.BlueNRG_InternalSleep) refers to system_bluenrg1.o(.flash_sw_lock) for flash_sw_lock
    sleep.o(i.BlueNRG_InternalSleep) refers to system_bluenrg1.o(.rfTimeout) for rfTimeout
    sleep.o(i.BlueNRG_InternalSleep) refers to system_bluenrg1.o(.wakeupFromSleepFlag) for wakeupFromSleepFlag
    sleep.o(i.BlueNRG_InternalSleep) refers to system_bluenrg1.o(i.DeviceConfiguration) for DeviceConfiguration
    sleep.o(i.BlueNRG_InternalSleep) refers to bluenrg1_sysctrl.o(i.SysCtrl_GetWakeupResetReason) for SysCtrl_GetWakeupResetReason
    sleep.o(i.BlueNRG_InternalSleep) refers to system_bluenrg1.o(.data) for savedNVIC_ISPR
    sleep.o(i.BlueNRG_InternalSleep) refers to system_bluenrg1.o(.data) for savedSHCSR
    sleep.o(i.BlueNRG_InternalSleep) refers to system_bluenrg1.o(.data) for savedICSR
    sleep.o(i.BlueNRG_InternalSleep) refers to system_bluenrg1.o(.bss.__blue_RAM) for __blue_RAM
    sleep.o(i.BlueNRG_Sleep) refers to bluenrg_main_func_speed.o(i.BlueNRG_Stack_Perform_Deep_Sleep_Check) for BlueNRG_Stack_Perform_Deep_Sleep_Check
    sleep.o(i.BlueNRG_Sleep) refers to sleep.o(i.HAL_VTIMER_TimerSleepCheck) for HAL_VTIMER_TimerSleepCheck
    sleep.o(i.BlueNRG_Sleep) refers to transport_layer.o(i.App_SleepMode_Check) for App_SleepMode_Check
    sleep.o(i.BlueNRG_Sleep) refers to sleep.o(i.BlueNRG_InternalSleep) for BlueNRG_InternalSleep
    sleep.o(i.BlueNRG_Sleep) refers to system_bluenrg1.o(.wakeupFromSleepFlag) for wakeupFromSleepFlag
    sleep.o(i.BlueNRG_Sleep) refers to sleep.o(.bss) for .bss
    bluenrg1_adc.o(i.ADC_CompensateOutputValue) refers to fmul.o(.text) for __aeabi_fmul
    bluenrg1_adc.o(i.ADC_CompensateOutputValue) refers to fadd.o(.text) for __aeabi_fsub
    bluenrg1_adc.o(i.ADC_CompensateOutputValue) refers to bluenrg1_adc.o(.data) for .data
    bluenrg1_adc.o(i.ADC_ConvertBatterySensor) refers to bluenrg1_adc.o(i.ADC_ConvertSingleEndedVoltage) for ADC_ConvertSingleEndedVoltage
    bluenrg1_adc.o(i.ADC_ConvertBatterySensor) refers to fmul.o(.text) for __aeabi_fmul
    bluenrg1_adc.o(i.ADC_ConvertDifferentialVoltage) refers to ffltui.o(.text) for __aeabi_ui2f
    bluenrg1_adc.o(i.ADC_ConvertDifferentialVoltage) refers to fflti.o(.text) for __aeabi_i2f
    bluenrg1_adc.o(i.ADC_ConvertDifferentialVoltage) refers to fdiv.o(.text) for __aeabi_fdiv
[...]
    0x10056218   0x10056218   0x00000054   Code   RO         3015    i.aci_gatt_write_resp_process  dtm_cmd_db.o
    0x1005626c   0x1005626c   0x00000008   Code   RO         4701    i.aci_gatt_write_without_resp  libbluenrg1_stack.a(bluenrg_gatt_aci.o)
    0x10056274   0x10056274   0x0000004e   Code   RO         3016    i.aci_gatt_write_without_resp_process  dtm_cmd_db.o
    0x100562c2   0x100562c2   0x00000034   Code   RO         3017    i.aci_hal_end_of_radio_activity_event  dtm_cmd_db.o
    0x100562f6   0x100562f6   0x00000040   Code   RO         3018    i.aci_hal_fw_error_event  dtm_cmd_db.o
    0x10056336   0x10056336   0x00000002   PAD
    0x10056338   0x10056338   0x0000005c   Code   RO         5418    i.aci_hal_fw_error_event_push  libbluenrg1_stack.a(gatt_server.o)
    0x10056394   0x10056394   0x00000008   Code   RO         4795    i.aci_hal_get_anchor_period  libbluenrg1_stack.a(hci.o)
    0x1005639c   0x1005639c   0x00000052   Code   RO         3019    i.aci_hal_get_anchor_period_process  dtm_cmd_db.o
    0x100563ee   0x100563ee   0x00000002   PAD
    0x100563f0   0x100563f0   0x00000090   Code   RO         4252    i.aci_hal_get_firmware_details  dtm_cmds.o
    0x10056480   0x10056480   0x000000ca   Code   RO         3020    i.aci_hal_get_firmware_details_process  dtm_cmd_db.o
    0x1005654a   0x1005654a   0x00000002   PAD
    0x1005654c   0x1005654c   0x0000000c   Code   RO         4704    i.aci_hal_get_fw_build_number  libbluenrg1_stack.a(bluenrg_hal_aci.o)
    0x10056558   0x10056558   0x00000048   Code   RO         3021    i.aci_hal_get_fw_build_number_process  dtm_cmd_db.o
    0x100565a0   0x100565a0   0x00000054   Code   RO         4975    i.aci_hal_get_link_status  libbluenrg1_stack.a(ll_routines_support.o)
    0x100565f4   0x100565f4   0x00000058   Code   RO         3022    i.aci_hal_get_link_status_process  dtm_cmd_db.o
    0x1005664c   0x1005664c   0x00000018   Code   RO         4706    i.aci_hal_le_tx_test_packet_number  libbluenrg1_stack.a(bluenrg_hal_aci.o)
    0x10056664   0x10056664   0x00000046   Code   RO         3023    i.aci_hal_le_tx_test_packet_number_process  dtm_cmd_db.o
    0x100566aa   0x100566aa   0x00000008   Code   RO         4707    i.aci_hal_read_config_data  libbluenrg1_stack.a(bluenrg_hal_aci.o)
    0x100566b2   0x100566b2   0x0000006c   Code   RO         3024    i.aci_hal_read_config_data_process  dtm_cmd_db.o
    0x1005671e   0x1005671e   0x0000003c   Code   RO         3025    i.aci_hal_scan_req_report_event  dtm_cmd_db.o
    0x1005675a   0x1005675a   0x00000002   PAD
    0x1005675c   0x1005675c   0x00000020   Code   RO         4708    i.aci_hal_set_event_mask  libbluenrg1_stack.a(bluenrg_hal_aci.o)
    0x1005677c   0x1005677c   0x0000003a   Code   RO         3026    i.aci_hal_set_event_mask_process  dtm_cmd_db.o
    0x100567b6   0x100567b6   0x00000002   PAD
    0x100567b8   0x100567b8   0x00000010   Code   RO         4780    i.aci_hal_set_radio_activity_mask  libbluenrg1_stack.a(hal.o)
    0x100567c8   0x100567c8   0x0000003e   Code   RO         3027    i.aci_hal_set_radio_activity_mask_process  dtm_cmd_db.o
    0x10056806   0x10056806   0x00000008   Code   RO         4709    i.aci_hal_set_tx_power_level  libbluenrg1_stack.a(bluenrg_hal_aci.o)
    0x1005680e   0x1005680e   0x0000003a   Code   RO         3028    i.aci_hal_set_tx_power_level_process  dtm_cmd_db.o
    0x10056848   0x10056848   0x000000e0   Code   RO         4710    i.aci_hal_tone_start  libbluenrg1_stack.a(bluenrg_hal_aci.o)
    0x10056928   0x10056928   0x0000003a   Code   RO         3029    i.aci_hal_tone_start_process  dtm_cmd_db.o
    0x10056962   0x10056962   0x00000002   PAD
    0x10056964   0x10056964   0x00000044   Code   RO         4711    i.aci_hal_tone_stop  libbluenrg1_stack.a(bluenrg_hal_aci.o)
    0x100569a8   0x100569a8   0x00000036   Code   RO         3030    i.aci_hal_tone_stop_process  dtm_cmd_db.o
    0x100569de   0x100569de   0x00000002   PAD
    0x100569e0   0x100569e0   0x00000040   Code   RO         4253    i.aci_hal_transmitter_test_packets  dtm_cmds.o
    0x10056a20   0x10056a20   0x00000044   Code   RO         3031    i.aci_hal_transmitter_test_packets_process  dtm_cmd_db.o
    0x10056a64   0x10056a64   0x0000001c   Code   RO         4254    i.aci_hal_updater_start  dtm_cmds.o
    0x10056a80   0x10056a80   0x00000036   Code   RO         3032    i.aci_hal_updater_start_process  dtm_cmd_db.o
    0x10056ab6   0x10056ab6   0x00000008   Code   RO         4712    i.aci_hal_write_config_data  libbluenrg1_stack.a(bluenrg_hal_aci.o)
    0x10056abe   0x10056abe   0x00000042   Code   RO         3033    i.aci_hal_write_config_data_process  dtm_cmd_db.o
    0x10056b00   0x10056b00   0x00000048   Code   RO         3034    i.aci_l2cap_command_reject_event  dtm_cmd_db.o
    0x10056b48   0x10056b48   0x00000018   Code   RO         4715    i.aci_l2cap_connection_parameter_update_req  libbluenrg1_stack.a(bluenrg_l2cap_aci.o)
    0x10056b60   0x10056b60   0x00000060   Code   RO         3035    i.aci_l2cap_connection_parameter_update_req_process  dtm_cmd_db.o
    0x10056bc0   0x10056bc0   0x0000001a   Code   RO         1856    i.aci_l2cap_connection_parameter_update_resp  stack_user_cfg.o
    0x10056bda   0x10056bda   0x0000002a   Code   RO         4716    i.aci_l2cap_connection_parameter_update_resp_api  libbluenrg1_stack.a(bluenrg_l2cap_aci.o)
    0x10056c04   0x10056c04   0x00000080   Code   RO         3036    i.aci_l2cap_connection_parameter_update_resp_process  dtm_cmd_db.o
    0x10056c84   0x10056c84   0x0000003e   Code   RO         3037    i.aci_l2cap_connection_update_req_event  dtm_cmd_db.o
    0x10056cc2   0x10056cc2   0x00000002   PAD
    0x10056cc4   0x10056cc4   0x00000098   Code   RO         5470    i.aci_l2cap_connection_update_req_event_push  libbluenrg1_stack.a(l2cap.o)
    0x10056d5c   0x10056d5c   0x00000034   Code   RO         3038    i.aci_l2cap_connection_update_resp_event  dtm_cmd_db.o
    0x10056d90   0x10056d90   0x00000042   Code   RO         3039    i.aci_l2cap_proc_timeout_event  dtm_cmd_db.o
    0x10056dd2   0x10056dd2   0x0000001e   Code   RO         4255    i.aci_test_report   dtm_cmds.o
    0x10056df0   0x10056df0   0x0000006e   Code   RO         3040    i.aci_test_report_process  dtm_cmd_db.o
    0x10056e5e   0x10056e5e   0x00000008   Code   RO         4256    i.aci_test_rx_start  dtm_cmds.o
    0x10056e66   0x10056e66   0x00000048   Code   RO         3041    i.aci_test_rx_start_process  dtm_cmd_db.o
    0x10056eae   0x10056eae   0x0000001c   Code   RO         4257    i.aci_test_stop     dtm_cmds.o
    0x10056eca   0x10056eca   0x00000038   Code   RO         3042    i.aci_test_stop_process  dtm_cmd_db.o
    0x10056f02   0x10056f02   0x00000008   Code   RO         4258    i.aci_test_tx_notification_start  dtm_cmds.o
    0x10056f0a   0x10056f0a   0x00000056   Code   RO         3043    i.aci_test_tx_notification_start_process  dtm_cmd_db.o
    0x10056f60   0x10056f60   0x00000008   Code   RO         4259    i.aci_test_tx_write_command_start  dtm_cmds.o
    0x10056f68   0x10056f68   0x0000004c   Code   RO         3044    i.aci_test_tx_write_command_start_process  dtm_cmd_db.o
    0x10056fb4   0x10056fb4   0x00000004   Code   RO         5276    i.acl_list_first    libbluenrg1_stack.a(acl_list.o)
    0x10056fb8   0x10056fb8   0x00000026   Code   RO         5277    i.acl_list_full_on_packt  libbluenrg1_stack.a(acl_list.o)
    0x10056fde   0x10056fde   0x00000010   Code   RO         5280    i.acl_list_init     libbluenrg1_stack.a(acl_list.o)
    0x10056fee   0x10056fee   0x00000026   Code   RO         5281    i.acl_list_insert_head  libbluenrg1_stack.a(acl_list.o)
    0x10057014   0x10057014   0x0000002c   Code   RO         5282    i.acl_list_insert_tail  libbluenrg1_stack.a(acl_list.o)
    0x10057040   0x10057040   0x0000000e   Code   RO         5283    i.acl_list_is_empty  libbluenrg1_stack.a(acl_list.o)
    0x1005704e   0x1005704e   0x00000044   Code   RO         5285    i.acl_list_remove   libbluenrg1_stack.a(acl_list.o)
    0x10057092   0x10057092   0x0000002e   Code   RO         5286    i.acl_list_remove_head  libbluenrg1_stack.a(acl_list.o)
    0x100570c0   0x100570c0   0x00000260   Code   RO         5499    i.adapt_slot        libbluenrg1_stack.a(multi_master_time.o)
    0x10057320   0x10057320   0x0000001e   Code   RO         4991    i.addr_u32_from_u8  libbluenrg1_stack.a(rom_ll_isr_routines.o)
    0x1005733e   0x1005733e   0x00000020   Code   RO         5602    i.addr_u32_from_u8  libbluenrg1_stack.a(rom_ll_ll_routines.o)
    0x1005735e   0x1005735e   0x00000002   PAD
    0x10057360   0x10057360   0x0000008c   Code   RO         4766    i.advParamsCheckAndSet  libbluenrg1_stack.a(gap.o)
    0x100573ec   0x100573ec   0x000002d0   Code   RO         5500    i.advance_slave_timing_MultiSlave  libbluenrg1_stack.a(multi_master_time.o)
    0x100576bc   0x100576bc   0x0000006c   Code   RO         4475    i.advance_spi_dma   transport_layer.o
    0x10057728   0x10057728   0x00000158   Code   RO         5021    i.advance_transmit  libbluenrg1_stack.a(routines_support.o)
    0x10057880   0x10057880   0x0000067c   Code   RO         5289    i.advance_wakeup_timer  libbluenrg1_stack.a(advance_wakeup_time.o)
    0x10057efc   0x10057efc   0x0000004c   Code   RO         5501    i.anchor_replace    libbluenrg1_stack.a(multi_master_time.o)
    0x10057f48   0x10057f48   0x0000001c   Code   RO         4781    i.ble_HAL_Init      libbluenrg1_stack.a(hal.o)
    0x10057f64   0x10057f64   0x000000f4   Code   RO         4992    i.cancel_connect_master  libbluenrg1_stack.a(rom_ll_isr_routines.o)
    0x10058058   0x10058058   0x00000008   Code   RO         1857    i.cancel_connect_master_ucfg  stack_user_cfg.o
    0x10058060   0x10058060   0x000001a8   Code   RO         5502    i.cancel_current_master  libbluenrg1_stack.a(multi_master_time.o)
    0x10058208   0x10058208   0x00000080   Code   RO         4994    i.cancel_master     libbluenrg1_stack.a(rom_ll_isr_routines.o)
    0x10058288   0x10058288   0x000000c4   Code   RO         5447    i.cancel_slave      libbluenrg1_stack.a(isr_routines.o)
    0x1005834c   0x1005834c   0x00000024   Code   RO         5172    i.cb_aci_att_exchange_mtu_resp_event  libbluenrg1_stack.a(aci_events.o)
    0x10058370   0x10058370   0x00000020   Code   RO         5173    i.cb_aci_att_exec_write_resp_event  libbluenrg1_stack.a(aci_events.o)
    0x10058390   0x10058390   0x00000024   Code   RO         5174    i.cb_aci_att_find_by_type_value_resp_event  libbluenrg1_stack.a(aci_events.o)
    0x100583b4   0x100583b4   0x00000028   Code   RO         5175    i.cb_aci_att_find_info_resp_event  libbluenrg1_stack.a(aci_events.o)
    0x100583dc   0x100583dc   0x0000002c   Code   RO         5176    i.cb_aci_att_prepare_write_resp_event  libbluenrg1_stack.a(aci_events.o)
    0x10058408   0x10058408   0x00000024   Code   RO         5177    i.cb_aci_att_read_blob_resp_event  libbluenrg1_stack.a(aci_events.o)
    0x1005842c   0x1005842c   0x00000028   Code   RO         5178    i.cb_aci_att_read_by_group_type_resp_event  libbluenrg1_stack.a(aci_events.o)
    0x10058454   0x10058454   0x00000028   Code   RO         5179    i.cb_aci_att_read_by_type_resp_event  libbluenrg1_stack.a(aci_events.o)
    0x1005847c   0x1005847c   0x00000024   Code   RO         5180    i.cb_aci_att_read_multiple_resp_event  libbluenrg1_stack.a(aci_events.o)
    0x100584a0   0x100584a0   0x00000024   Code   RO         5181    i.cb_aci_att_read_resp_event  libbluenrg1_stack.a(aci_events.o)
    0x100584c4   0x100584c4   0x00000024   Code   RO         5182    i.cb_aci_att_write_resp_event  libbluenrg1_stack.a(aci_events.o)
    0x100584e8   0x100584e8   0x00000020   Code   RO         5183    i.cb_aci_gap_addr_not_resolved_event  libbluenrg1_stack.a(aci_events.o)
    0x10058508   0x10058508   0x00000020   Code   RO         5184    i.cb_aci_gap_authorization_req_event  libbluenrg1_stack.a(aci_events.o)
    0x10058528   0x10058528   0x0000001c   Code   RO         5185    i.cb_aci_gap_bond_lost_event  libbluenrg1_stack.a(aci_events.o)
    0x10058544   0x10058544   0x00000020   Code   RO         5186    i.cb_aci_gap_device_found_event  libbluenrg1_stack.a(aci_events.o)
    0x10058564   0x10058564   0x00000024   Code   RO         5187    i.cb_aci_gap_keypress_notification_event  libbluenrg1_stack.a(aci_events.o)
    0x10058588   0x10058588   0x0000001c   Code   RO         5188    i.cb_aci_gap_limited_discoverable_event  libbluenrg1_stack.a(aci_events.o)
    0x100585a4   0x100585a4   0x00000024   Code   RO         5189    i.cb_aci_gap_numeric_comparison_value_event  libbluenrg1_stack.a(aci_events.o)
    0x100585c8   0x100585c8   0x00000024   Code   RO         5190    i.cb_aci_gap_pairing_complete_event  libbluenrg1_stack.a(aci_events.o)
    0x100585ec   0x100585ec   0x00000020   Code   RO         5191    i.cb_aci_gap_pass_key_req_event  libbluenrg1_stack.a(aci_events.o)
    0x1005860c   0x1005860c   0x00000028   Code   RO         5192    i.cb_aci_gap_proc_complete_event  libbluenrg1_stack.a(aci_events.o)
    0x10058634   0x10058634   0x0000001c   Code   RO         5193    i.cb_aci_gap_slave_security_initiated_event  libbluenrg1_stack.a(aci_events.o)
    0x10058650   0x10058650   0x0000002c   Code   RO         5194    i.cb_aci_gatt_attribute_modified_event  libbluenrg1_stack.a(aci_events.o)
    0x1005867c   0x1005867c   0x00000028   Code   RO         5195    i.cb_aci_gatt_disc_read_char_by_uuid_resp_event  libbluenrg1_stack.a(aci_events.o)
    0x100586a4   0x100586a4   0x00000028   Code   RO         5196    i.cb_aci_gatt_error_resp_event  libbluenrg1_stack.a(aci_events.o)
    0x100586cc   0x100586cc   0x00000028   Code   RO         5197    i.cb_aci_gatt_indication_event  libbluenrg1_stack.a(aci_events.o)
    0x100586f4   0x100586f4   0x00000028   Code   RO         5198    i.cb_aci_gatt_notification_event  libbluenrg1_stack.a(aci_events.o)
    0x1005871c   0x1005871c   0x00000016   Code   RO         5199    i.cb_aci_gatt_prepare_write_permit_req_event  libbluenrg1_stack.a(aci_events.o)
    0x10058732   0x10058732   0x00000002   PAD
    0x10058734   0x10058734   0x00000024   Code   RO         5200    i.cb_aci_gatt_proc_complete_event  libbluenrg1_stack.a(aci_events.o)
    0x10058758   0x10058758   0x00000020   Code   RO         5201    i.cb_aci_gatt_proc_timeout_event  libbluenrg1_stack.a(aci_events.o)
    0x10058778   0x10058778   0x00000010   Code   RO         5202    i.cb_aci_gatt_read_multi_permit_req_event  libbluenrg1_stack.a(aci_events.o)
    0x10058788   0x10058788   0x00000010   Code   RO         5203    i.cb_aci_gatt_read_permit_req_event  libbluenrg1_stack.a(aci_events.o)
    0x10058798   0x10058798   0x0000000a   Code   RO         5204    i.cb_aci_gatt_server_confirmation_event  libbluenrg1_stack.a(aci_events.o)
    0x100587a2   0x100587a2   0x0000000e   Code   RO         5205    i.cb_aci_gatt_tx_pool_available_event  libbluenrg1_stack.a(aci_events.o)
    0x100587b0   0x100587b0   0x00000012   Code   RO         5206    i.cb_aci_gatt_write_permit_req_event  libbluenrg1_stack.a(aci_events.o)
    0x100587c2   0x100587c2   0x00000010   Code   RO         5207    i.cb_aci_hal_fw_error_event  libbluenrg1_stack.a(aci_events.o)
    0x100587d2   0x100587d2   0x00000002   PAD
    0x100587d4   0x100587d4   0x00000028   Code   RO         5208    i.cb_aci_hal_scan_req_report_event  libbluenrg1_stack.a(aci_events.o)
    0x100587fc   0x100587fc   0x00000016   Code   RO         5209    i.cb_aci_l2cap_command_reject_event  libbluenrg1_stack.a(aci_events.o)
    0x10058812   0x10058812   0x00000002   PAD
    0x10058814   0x10058814   0x00000034   Code   RO         5210    i.cb_aci_l2cap_connection_update_req_event  libbluenrg1_stack.a(aci_events.o)
    0x10058848   0x10058848   0x00000024   Code   RO         5211    i.cb_aci_l2cap_connection_update_resp_event  libbluenrg1_stack.a(aci_events.o)
    0x1005886c   0x1005886c   0x00000024   Code   RO         5212    i.cb_aci_l2cap_proc_timeout_event  libbluenrg1_stack.a(aci_events.o)
    0x10058890   0x10058890   0x00000002   Code   RO         5213    i.cb_hci_data_buffer_overflow_event  libbluenrg1_stack.a(aci_events.o)
    0x10058892   0x10058892   0x00000002   PAD
    0x10058894   0x10058894   0x00000024   Code   RO         5214    i.cb_hci_disconnection_complete_event  libbluenrg1_stack.a(aci_events.o)
    0x100588b8   0x100588b8   0x00000024   Code   RO         5215    i.cb_hci_encryption_change_event  libbluenrg1_stack.a(aci_events.o)
    0x100588dc   0x100588dc   0x00000024   Code   RO         5216    i.cb_hci_encryption_key_refresh_complete_event  libbluenrg1_stack.a(aci_events.o)
    0x10058900   0x10058900   0x00000024   Code   RO         5217    i.cb_hci_le_advertising_report_event  libbluenrg1_stack.a(aci_events.o)
    0x10058924   0x10058924   0x00000044   Code   RO         5218    i.cb_hci_le_connection_complete_event  libbluenrg1_stack.a(aci_events.o)
    0x10058968   0x10058968   0x00000030   Code   RO         5219    i.cb_hci_le_connection_update_complete_event  libbluenrg1_stack.a(aci_events.o)
    0x10058998   0x10058998   0x00000030   Code   RO         5220    i.cb_hci_le_data_length_change_event  libbluenrg1_stack.a(aci_events.o)
    0x100589c8   0x100589c8   0x00000024   Code   RO         5221    i.cb_hci_le_direct_advertising_report_event  libbluenrg1_stack.a(aci_events.o)
    0x100589ec   0x100589ec   0x0000004c   Code   RO         5222    i.cb_hci_le_enhanced_connection_complete_event  libbluenrg1_stack.a(aci_events.o)
    0x10058a38   0x10058a38   0x00000028   Code   RO         5223    i.cb_hci_le_generate_dhkey_complete_event  libbluenrg1_stack.a(aci_events.o)
    0x10058a60   0x10058a60   0x00000028   Code   RO         5224    i.cb_hci_le_long_term_key_request_event  libbluenrg1_stack.a(aci_events.o)
    0x10058a88   0x10058a88   0x00000028   Code   RO         5225    i.cb_hci_le_read_local_p256_public_key_complete_event  libbluenrg1_stack.a(aci_events.o)
    0x10058ab0   0x10058ab0   0x0000002c   Code   RO         5226    i.cb_hci_le_read_remote_used_features_complete_event  libbluenrg1_stack.a(aci_events.o)
    0x10058adc   0x10058adc   0x0000000a   Code   RO         5227    i.cb_hci_number_of_completed_packets_event  libbluenrg1_stack.a(aci_events.o)
    0x10058ae6   0x10058ae6   0x00000002   PAD
    0x10058ae8   0x10058ae8   0x00000028   Code   RO         5228    i.cb_hci_read_remote_version_information_complete_event  libbluenrg1_stack.a(aci_events.o)
    0x10058b10   0x10058b10   0x00000016   Code   RO         5229    i.cb_hci_rx_acl_data_event  libbluenrg1_stack.a(aci_events.o)
    0x10058b26   0x10058b26   0x00000022   Code   RO         5619    i.chan_remap        libbluenrg1_stack.a(rom_ll_routines_support.o)
    0x10058b48   0x10058b48   0x00000012   Code   RO         4782    i.char_copy         libbluenrg1_stack.a(hal.o)
    0x10058b5a   0x10058b5a   0x00000002   PAD
    0x10058b5c   0x10058b5c   0x000000cc   Code   RO         4957    i.check_access_address_patched  libbluenrg1_stack.a(ll_routines_master.o)
    0x10058c28   0x10058c28   0x00000104   Code   RO         2742    i.coldStartConfiguration  dtm_boot.o
    0x10058d2c   0x10058d2c   0x00000020   Code   RO         5620    i.convert_power     libbluenrg1_stack.a(rom_ll_routines_support.o)
    0x10058d4c   0x10058d4c   0x00000012   Code   RO         4866    i.copy_4_u32        libbluenrg1_stack.a(ll_isr.o)
    0x10058d5e   0x10058d5e   0x00000020   Code   RO         5736    i.copy_swap_buffer  libbluenrg1_stack.a(utils.o)
    0x10058d7e   0x10058d7e   0x00000002   PAD
    0x10058d80   0x10058d80   0x00000084   Code   RO         4867    i.copy_tx_data_packet  libbluenrg1_stack.a(ll_isr.o)
    0x10058e04   0x10058e04   0x00000004   Code   RO         1858    i.data_length_extension_csr_ucfg  stack_user_cfg.o
    0x10058e08   0x10058e08   0x00000002   Code   RO         2599    i.dtm_void_function  bluenrg1_it.o
    0x10058e0a   0x10058e0a   0x00000002   PAD
    0x10058e0c   0x10058e0c   0x00000074   Code   RO         4868    i.encrypt           libbluenrg1_stack.a(ll_isr.o)
    0x10058e80   0x10058e80   0x0000006c   Code   RO         5230    i.fifoBuf_getFreeHeader  libbluenrg1_stack.a(aci_events.o)
    0x10058eec   0x10058eec   0x0000000a   Code   RO         5231    i.fifoCtrl_init     libbluenrg1_stack.a(aci_events.o)
    0x10058ef6   0x10058ef6   0x00000038   Code   RO           60    i.fifo_discard      fifo.o
    0x10058f2e   0x10058f2e   0x0000001c   Code   RO           61    i.fifo_discard_var_len_item  fifo.o
    0x10058f4a   0x10058f4a   0x00000008   Code   RO           62    i.fifo_flush        fifo.o
    0x10058f52   0x10058f52   0x0000000a   Code   RO           63    i.fifo_get          fifo.o
    0x10058f5c   0x10058f5c   0x00000032   Code   RO           64    i.fifo_get_ptr      fifo.o
    0x10058f8e   0x10058f8e   0x00000018   Code   RO           65    i.fifo_get_ptr_var_len_item  fifo.o
    0x10058fa6   0x10058fa6   0x00000028   Code   RO           66    i.fifo_get_var_len_item  fifo.o
    0x10058fce   0x10058fce   0x00000010   Code   RO           67    i.fifo_init         fifo.o
    0x10058fde   0x10058fde   0x0000006a   Code   RO           69    i.fifo_put_var_len_item  fifo.o
    0x10059048   0x10059048   0x00000016   Code   RO           70    i.fifo_size         fifo.o
    0x1005905e   0x1005905e   0x00000002   PAD
    0x10059060   0x10059060   0x00000018   Code   RO         4869    i.full_state_func_call_init  libbluenrg1_stack.a(ll_isr.o)
    0x10059078   0x10059078   0x00000014   Code   RO         4767    i.gapClearAllModeFlags  libbluenrg1_stack.a(gap.o)
    0x1005908c   0x1005908c   0x00000014   Code   RO         4995    i.get_adv_addr      libbluenrg1_stack.a(rom_ll_isr_routines.o)
    0x100590a0   0x100590a0   0x00000048   Code   RO         5503    i.get_advertiser    libbluenrg1_stack.a(multi_master_time.o)
    0x100590e8   0x100590e8   0x00000088   Code   RO         5504    i.get_connection_no  libbluenrg1_stack.a(multi_master_time.o)
    0x10059170   0x10059170   0x00000034   Code   RO         5505    i.get_next_free_slot  libbluenrg1_stack.a(multi_master_time.o)
    0x100591a4   0x100591a4   0x00000014   Code   RO         4996    i.get_scan_addr     libbluenrg1_stack.a(rom_ll_isr_routines.o)
    0x100591b8   0x100591b8   0x00000048   Code   RO         5506    i.get_scan_connection  libbluenrg1_stack.a(multi_master_time.o)
    0x10059200   0x10059200   0x0000029c   Code   RO         4997    i.go_to_connect     libbluenrg1_stack.a(rom_ll_isr_routines.o)
    0x1005949c   0x1005949c   0x000001c0   Code   RO         5448    i.go_to_connect_master  libbluenrg1_stack.a(isr_routines.o)
    0x1005965c   0x1005965c   0x00000034   Code   RO         4783    i.hal_radio_activity_state_callback_check  libbluenrg1_stack.a(hal.o)
    0x10059690   0x10059690   0x0000001c   Code   RO         4784    i.hal_radio_activity_state_init  libbluenrg1_stack.a(hal.o)
    0x100596ac   0x100596ac   0x00000040   Code   RO         4785    i.hal_read_radio_activity_state  libbluenrg1_stack.a(hal.o)
    0x100596ec   0x100596ec   0x00000008   Code   RO         4797    i.hci_disconnect    libbluenrg1_stack.a(hci.o)
    0x100596f4   0x100596f4   0x0000003e   Code   RO         3046    i.hci_disconnect_process  dtm_cmd_db.o
    0x10059732   0x10059732   0x00000024   Code   RO         3047    i.hci_disconnection_complete_event  dtm_cmd_db.o
    0x10059756   0x10059756   0x00000024   Code   RO         3048    i.hci_encryption_change_event  dtm_cmd_db.o
    0x1005977a   0x1005977a   0x00000002   PAD
    0x1005977c   0x1005977c   0x0000005c   Code   RO         4958    i.hci_encryption_change_event_push  libbluenrg1_stack.a(ll_routines_master.o)
    0x100597d8   0x100597d8   0x00000024   Code   RO         3049    i.hci_encryption_key_refresh_complete_event  dtm_cmd_db.o
    0x100597fc   0x100597fc   0x00000058   Code   RO         4959    i.hci_encryption_key_refresh_complete_event_push  libbluenrg1_stack.a(ll_routines_master.o)
    0x10059854   0x10059854   0x00000020   Code   RO         3050    i.hci_hardware_error_event  dtm_cmd_db.o
    0x10059874   0x10059874   0x000000ec   Code   RO         4349    i.hci_input         hci_parser.o
    0x10059960   0x10059960   0x00000008   Code   RO         1859    i.hci_le_add_device_to_resolving_list  stack_user_cfg.o
    0x10059968   0x10059968   0x00000042   Code   RO         4852    i.hci_le_add_device_to_resolving_list_api  libbluenrg1_stack.a(hci_privacy.o)
    0x100599aa   0x100599aa   0x00000042   Code   RO         3051    i.hci_le_add_device_to_resolving_list_process  dtm_cmd_db.o
    0x100599ec   0x100599ec   0x00000032   Code   RO         4798    i.hci_le_add_device_to_white_list  libbluenrg1_stack.a(hci.o)
    0x10059a1e   0x10059a1e   0x0000003c   Code   RO         3052    i.hci_le_add_device_to_white_list_process  dtm_cmd_db.o
    0x10059a5a   0x10059a5a   0x00000088   Code   RO         3053    i.hci_le_advertising_report_event  dtm_cmd_db.o
    0x10059ae2   0x10059ae2   0x00000002   PAD
    0x10059ae4   0x10059ae4   0x00000094   Code   RO         4960    i.hci_le_advertising_report_event_push  libbluenrg1_stack.a(ll_routines_master.o)
    0x10059b78   0x10059b78   0x00000008   Code   RO         1860    i.hci_le_clear_resolving_list  stack_user_cfg.o
    0x10059b80   0x10059b80   0x00000008   Code   RO         4853    i.hci_le_clear_resolving_list_api  libbluenrg1_stack.a(hci_privacy.o)
    0x10059b88   0x10059b88   0x00000036   Code   RO         3054    i.hci_le_clear_resolving_list_process  dtm_cmd_db.o
    0x10059bbe   0x10059bbe   0x00000008   Code   RO         4799    i.hci_le_clear_white_list  libbluenrg1_stack.a(hci.o)
    0x10059bc6   0x10059bc6   0x00000036   Code   RO         3055    i.hci_le_clear_white_list_process  dtm_cmd_db.o
    0x10059bfc   0x10059bfc   0x0000005a   Code   RO         3056    i.hci_le_connection_complete_event  dtm_cmd_db.o
    0x10059c56   0x10059c56   0x00000002   PAD
    0x10059c58   0x10059c58   0x00000088   Code   RO         4961    i.hci_le_connection_complete_event_push  libbluenrg1_stack.a(ll_routines_master.o)
    0x10059ce0   0x10059ce0   0x00000010   Code   RO         1861    i.hci_le_connection_update  stack_user_cfg.o
    0x10059cf0   0x10059cf0   0x00000022   Code   RO         4800    i.hci_le_connection_update_api  libbluenrg1_stack.a(hci.o)
    0x10059d12   0x10059d12   0x00000040   Code   RO         3057    i.hci_le_connection_update_complete_event  dtm_cmd_db.o
    0x10059d52   0x10059d52   0x00000002   PAD
    0x10059d54   0x10059d54   0x0000006c   Code   RO         4962    i.hci_le_connection_update_complete_event_push  libbluenrg1_stack.a(ll_routines_master.o)
    0x10059dc0   0x10059dc0   0x00000058   Code   RO         4801    i.hci_le_connection_update_param_check  libbluenrg1_stack.a(hci.o)
    0x10059e18   0x10059e18   0x00000074   Code   RO         3058    i.hci_le_connection_update_process  dtm_cmd_db.o
    0x10059e8c   0x10059e8c   0x00000030   Code   RO         1862    i.hci_le_create_connection  stack_user_cfg.o
    0x10059ebc   0x10059ebc   0x00000092   Code   RO         4802    i.hci_le_create_connection_api  libbluenrg1_stack.a(hci.o)
    0x10059f4e   0x10059f4e   0x00000008   Code   RO         1863    i.hci_le_create_connection_cancel  stack_user_cfg.o
    0x10059f56   0x10059f56   0x00000008   Code   RO         4803    i.hci_le_create_connection_cancel_api  libbluenrg1_stack.a(hci.o)
    0x10059f5e   0x10059f5e   0x00000034   Code   RO         3059    i.hci_le_create_connection_cancel_process  dtm_cmd_db.o
    0x10059f92   0x10059f92   0x000000a0   Code   RO         3060    i.hci_le_create_connection_process  dtm_cmd_db.o
    0x1005a032   0x1005a032   0x00000030   Code   RO         3061    i.hci_le_data_length_change_event  dtm_cmd_db.o
    0x1005a062   0x1005a062   0x00000078   Code   RO         3062    i.hci_le_direct_advertising_report_event  dtm_cmd_db.o
    0x1005a0da   0x1005a0da   0x00000002   PAD
    0x1005a0dc   0x1005a0dc   0x0000008c   Code   RO         4923    i.hci_le_direct_advertising_report_event_push  libbluenrg1_stack.a(ll_privacy.o)
    0x1005a168   0x1005a168   0x0000000a   Code   RO         4804    i.hci_le_encrypt    libbluenrg1_stack.a(hci.o)
    0x1005a172   0x1005a172   0x0000004a   Code   RO         3063    i.hci_le_encrypt_process  dtm_cmd_db.o
    0x1005a1bc   0x1005a1bc   0x0000007a   Code   RO         3064    i.hci_le_enhanced_connection_complete_event  dtm_cmd_db.o
    0x1005a236   0x1005a236   0x00000008   Code   RO         1864    i.hci_le_generate_dhkey  stack_user_cfg.o
    0x1005a23e   0x1005a23e   0x00000002   PAD
    0x1005a240   0x1005a240   0x0000007c   Code   RO         4805    i.hci_le_generate_dhkey_api  libbluenrg1_stack.a(hci.o)
    0x1005a2bc   0x1005a2bc   0x00000032   Code   RO         3065    i.hci_le_generate_dhkey_complete_event  dtm_cmd_db.o
    0x1005a2ee   0x1005a2ee   0x00000036   Code   RO         3066    i.hci_le_generate_dhkey_process  dtm_cmd_db.o
    0x1005a324   0x1005a324   0x00000036   Code   RO         3067    i.hci_le_long_term_key_request_event  dtm_cmd_db.o
    0x1005a35a   0x1005a35a   0x0000000e   Code   RO         4806    i.hci_le_long_term_key_request_reply  libbluenrg1_stack.a(hci.o)
    0x1005a368   0x1005a368   0x00000054   Code   RO         3068    i.hci_le_long_term_key_request_reply_process  dtm_cmd_db.o
    0x1005a3bc   0x1005a3bc   0x0000000e   Code   RO         4807    i.hci_le_long_term_key_requested_negative_reply  libbluenrg1_stack.a(hci.o)
    0x1005a3ca   0x1005a3ca   0x00000052   Code   RO         3069    i.hci_le_long_term_key_requested_negative_reply_process  dtm_cmd_db.o
    0x1005a41c   0x1005a41c   0x00000008   Code   RO         4808    i.hci_le_rand       libbluenrg1_stack.a(hci.o)
    0x1005a424   0x1005a424   0x00000046   Code   RO         3070    i.hci_le_rand_process  dtm_cmd_db.o
    0x1005a46a   0x1005a46a   0x00000008   Code   RO         4809    i.hci_le_read_advertising_channel_tx_power  libbluenrg1_stack.a(hci.o)
    0x1005a472   0x1005a472   0x00000046   Code   RO         3071    i.hci_le_read_advertising_channel_tx_power_process  dtm_cmd_db.o
    0x1005a4b8   0x1005a4b8   0x00000038   Code   RO         4810    i.hci_le_read_buffer_size  libbluenrg1_stack.a(hci.o)
    0x1005a4f0   0x1005a4f0   0x00000052   Code   RO         3072    i.hci_le_read_buffer_size_process  dtm_cmd_db.o
    0x1005a542   0x1005a542   0x00000008   Code   RO         4811    i.hci_le_read_channel_map  libbluenrg1_stack.a(hci.o)
    0x1005a54a   0x1005a54a   0x0000005c   Code   RO         3073    i.hci_le_read_channel_map_process  dtm_cmd_db.o
    0x1005a5a6   0x1005a5a6   0x00000008   Code   RO         1865    i.hci_le_read_local_p256_public_key  stack_user_cfg.o
    0x1005a5ae   0x1005a5ae   0x00000002   PAD
    0x1005a5b0   0x1005a5b0   0x0000003c   Code   RO         4812    i.hci_le_read_local_p256_public_key_api  libbluenrg1_stack.a(hci.o)
    0x1005a5ec   0x1005a5ec   0x00000032   Code   RO         3074    i.hci_le_read_local_p256_public_key_complete_event  dtm_cmd_db.o
    0x1005a61e   0x1005a61e   0x00000036   Code   RO         3075    i.hci_le_read_local_p256_public_key_process  dtm_cmd_db.o
    0x1005a654   0x1005a654   0x00000008   Code   RO         1866    i.hci_le_read_local_resolvable_address  stack_user_cfg.o
    0x1005a65c   0x1005a65c   0x00000028   Code   RO         4854    i.hci_le_read_local_resolvable_address_api  libbluenrg1_stack.a(hci_privacy.o)
    0x1005a684   0x1005a684   0x0000004c   Code   RO         3076    i.hci_le_read_local_resolvable_address_process  dtm_cmd_db.o
    0x1005a6d0   0x1005a6d0   0x0000000a   Code   RO         4813    i.hci_le_read_local_supported_features  libbluenrg1_stack.a(hci.o)
    0x1005a6da   0x1005a6da   0x00000046   Code   RO         3077    i.hci_le_read_local_supported_features_process  dtm_cmd_db.o
    0x1005a720   0x1005a720   0x00000008   Code   RO         1867    i.hci_le_read_maximum_data_length  stack_user_cfg.o
    0x1005a728   0x1005a728   0x00000008   Code   RO         4814    i.hci_le_read_maximum_data_length_api  libbluenrg1_stack.a(hci.o)
    0x1005a730   0x1005a730   0x00000076   Code   RO         3078    i.hci_le_read_maximum_data_length_process  dtm_cmd_db.o
    0x1005a7a6   0x1005a7a6   0x00000008   Code   RO         1868    i.hci_le_read_peer_resolvable_address  stack_user_cfg.o
    0x1005a7ae   0x1005a7ae   0x00000028   Code   RO         4855    i.hci_le_read_peer_resolvable_address_api  libbluenrg1_stack.a(hci_privacy.o)
    0x1005a7d6   0x1005a7d6   0x0000004c   Code   RO         3079    i.hci_le_read_peer_resolvable_address_process  dtm_cmd_db.o
    0x1005a822   0x1005a822   0x00000002   PAD
    0x1005a824   0x1005a824   0x00000018   Code   RO         4815    i.hci_le_read_remote_used_features  libbluenrg1_stack.a(hci.o)
    0x1005a83c   0x1005a83c   0x0000003a   Code   RO         3080    i.hci_le_read_remote_used_features_complete_event  dtm_cmd_db.o
    0x1005a876   0x1005a876   0x0000003e   Code   RO         3081    i.hci_le_read_remote_used_features_process  dtm_cmd_db.o
    0x1005a8b4   0x1005a8b4   0x00000008   Code   RO         1869    i.hci_le_read_resolving_list_size  stack_user_cfg.o
    0x1005a8bc   0x1005a8bc   0x0000000e   Code   RO         4856    i.hci_le_read_resolving_list_size_api  libbluenrg1_stack.a(hci_privacy.o)
    0x1005a8ca   0x1005a8ca   0x00000046   Code   RO         3082    i.hci_le_read_resolving_list_size_process  dtm_cmd_db.o
    0x1005a910   0x1005a910   0x00000008   Code   RO         1870    i.hci_le_read_suggested_default_data_length  stack_user_cfg.o
    0x1005a918   0x1005a918   0x00000008   Code   RO         4816    i.hci_le_read_suggested_default_data_length_api  libbluenrg1_stack.a(hci.o)
    0x1005a920   0x1005a920   0x00000056   Code   RO         3083    i.hci_le_read_suggested_default_data_length_process  dtm_cmd_db.o
    0x1005a976   0x1005a976   0x0000000a   Code   RO         4817    i.hci_le_read_supported_states  libbluenrg1_stack.a(hci.o)
    0x1005a980   0x1005a980   0x00000046   Code   RO         3084    i.hci_le_read_supported_states_process  dtm_cmd_db.o
    0x1005a9c6   0x1005a9c6   0x0000000e   Code   RO         4818    i.hci_le_read_transmit_power  libbluenrg1_stack.a(hci.o)
    0x1005a9d4   0x1005a9d4   0x00000050   Code   RO         3085    i.hci_le_read_transmit_power_process  dtm_cmd_db.o
    0x1005aa24   0x1005aa24   0x0000000e   Code   RO         4819    i.hci_le_read_white_list_size  libbluenrg1_stack.a(hci.o)
    0x1005aa32   0x1005aa32   0x00000046   Code   RO         3086    i.hci_le_read_white_list_size_process  dtm_cmd_db.o
    0x1005aa78   0x1005aa78   0x0000002c   Code   RO         4820    i.hci_le_receiver_test  libbluenrg1_stack.a(hci.o)
    0x1005aaa4   0x1005aaa4   0x00000038   Code   RO         3087    i.hci_le_receiver_test_process  dtm_cmd_db.o
    0x1005aadc   0x1005aadc   0x00000008   Code   RO         1871    i.hci_le_remove_device_from_resolving_list  stack_user_cfg.o
    0x1005aae4   0x1005aae4   0x00000018   Code   RO         4857    i.hci_le_remove_device_from_resolving_list_api  libbluenrg1_stack.a(hci_privacy.o)
    0x1005aafc   0x1005aafc   0x0000003c   Code   RO         3088    i.hci_le_remove_device_from_resolving_list_process  dtm_cmd_db.o
    0x1005ab38   0x1005ab38   0x00000024   Code   RO         4821    i.hci_le_remove_device_from_white_list  libbluenrg1_stack.a(hci.o)
    0x1005ab5c   0x1005ab5c   0x0000003c   Code   RO         3089    i.hci_le_remove_device_from_white_list_process  dtm_cmd_db.o
    0x1005ab98   0x1005ab98   0x00000008   Code   RO         1872    i.hci_le_set_address_resolution_enable  stack_user_cfg.o
    0x1005aba0   0x1005aba0   0x00000014   Code   RO         4858    i.hci_le_set_address_resolution_enable_api  libbluenrg1_stack.a(hci_privacy.o)
    0x1005abb4   0x1005abb4   0x00000038   Code   RO         3090    i.hci_le_set_address_resolution_enable_process  dtm_cmd_db.o
    0x1005abec   0x1005abec   0x00000040   Code   RO         4822    i.hci_le_set_advertise_enable  libbluenrg1_stack.a(hci.o)
    0x1005ac2c   0x1005ac2c   0x00000038   Code   RO         3091    i.hci_le_set_advertise_enable_process  dtm_cmd_db.o
    0x1005ac64   0x1005ac64   0x00000016   Code   RO         4823    i.hci_le_set_advertising_data  libbluenrg1_stack.a(hci.o)
    0x1005ac7a   0x1005ac7a   0x0000003c   Code   RO         3092    i.hci_le_set_advertising_data_process  dtm_cmd_db.o
    0x1005acb6   0x1005acb6   0x00000002   PAD
    0x1005acb8   0x1005acb8   0x00000098   Code   RO         4824    i.hci_le_set_advertising_parameters  libbluenrg1_stack.a(hci.o)
    0x1005ad50   0x1005ad50   0x0000005a   Code   RO         3093    i.hci_le_set_advertising_parameters_process  dtm_cmd_db.o
    0x1005adaa   0x1005adaa   0x00000008   Code   RO         1873    i.hci_le_set_data_length  stack_user_cfg.o
    0x1005adb2   0x1005adb2   0x00000020   Code   RO         4825    i.hci_le_set_data_length_api  libbluenrg1_stack.a(hci.o)
    0x1005add2   0x1005add2   0x00000062   Code   RO         3094    i.hci_le_set_data_length_process  dtm_cmd_db.o
    0x1005ae34   0x1005ae34   0x00000040   Code   RO         4826    i.hci_le_set_event_mask  libbluenrg1_stack.a(hci.o)
    0x1005ae74   0x1005ae74   0x00000034   Code   RO         3095    i.hci_le_set_event_mask_process  dtm_cmd_db.o
    0x1005aea8   0x1005aea8   0x00000008   Code   RO         1874    i.hci_le_set_host_channel_classification  stack_user_cfg.o
    0x1005aeb0   0x1005aeb0   0x00000008   Code   RO         4827    i.hci_le_set_host_channel_classification_api  libbluenrg1_stack.a(hci.o)
    0x1005aeb8   0x1005aeb8   0x00000036   Code   RO         3096    i.hci_le_set_host_channel_classification_process  dtm_cmd_db.o
    0x1005aeee   0x1005aeee   0x00000008   Code   RO         1875    i.hci_le_set_privacy_mode  stack_user_cfg.o
    0x1005aef6   0x1005aef6   0x00000026   Code   RO         4859    i.hci_le_set_privacy_mode_api  libbluenrg1_stack.a(hci_privacy.o)
    0x1005af1c   0x1005af1c   0x0000003e   Code   RO         3097    i.hci_le_set_privacy_mode_process  dtm_cmd_db.o
    0x1005af5a   0x1005af5a   0x00000002   PAD
    0x1005af5c   0x1005af5c   0x00000058   Code   RO         4828    i.hci_le_set_random_address  libbluenrg1_stack.a(hci.o)
    0x1005afb4   0x1005afb4   0x00000036   Code   RO         3098    i.hci_le_set_random_address_process  dtm_cmd_db.o
    0x1005afea   0x1005afea   0x00000008   Code   RO         1876    i.hci_le_set_resolvable_private_address_timeout  stack_user_cfg.o
    0x1005aff2   0x1005aff2   0x00000008   Code   RO         4860    i.hci_le_set_resolvable_private_address_timeout_api  libbluenrg1_stack.a(hci_privacy.o)
    0x1005affa   0x1005affa   0x0000003e   Code   RO         3099    i.hci_le_set_resolvable_private_address_timeout_process  dtm_cmd_db.o
    0x1005b038   0x1005b038   0x00000008   Code   RO         1877    i.hci_le_set_scan_enable  stack_user_cfg.o
    0x1005b040   0x1005b040   0x0000004c   Code   RO         4829    i.hci_le_set_scan_enable_api  libbluenrg1_stack.a(hci.o)
    0x1005b08c   0x1005b08c   0x0000003a   Code   RO         3100    i.hci_le_set_scan_enable_process  dtm_cmd_db.o
    0x1005b0c6   0x1005b0c6   0x0000000c   Code   RO         1878    i.hci_le_set_scan_parameters  stack_user_cfg.o
    0x1005b0d2   0x1005b0d2   0x00000002   PAD
    0x1005b0d4   0x1005b0d4   0x00000058   Code   RO         4830    i.hci_le_set_scan_parameters_api  libbluenrg1_stack.a(hci.o)
    0x1005b12c   0x1005b12c   0x0000004e   Code   RO         3101    i.hci_le_set_scan_parameters_process  dtm_cmd_db.o
    0x1005b17a   0x1005b17a   0x00000016   Code   RO         4831    i.hci_le_set_scan_response_data  libbluenrg1_stack.a(hci.o)
    0x1005b190   0x1005b190   0x0000003c   Code   RO         3102    i.hci_le_set_scan_response_data_process  dtm_cmd_db.o
    0x1005b1cc   0x1005b1cc   0x00000008   Code   RO         1879    i.hci_le_start_encryption  stack_user_cfg.o
    0x1005b1d4   0x1005b1d4   0x0000001c   Code   RO         4832    i.hci_le_start_encryption_api  libbluenrg1_stack.a(hci.o)
    0x1005b1f0   0x1005b1f0   0x0000004e   Code   RO         3103    i.hci_le_start_encryption_process  dtm_cmd_db.o
    0x1005b23e   0x1005b23e   0x00000002   PAD
    0x1005b240   0x1005b240   0x00000024   Code   RO         4833    i.hci_le_test_end   libbluenrg1_stack.a(hci.o)
    0x1005b264   0x1005b264   0x0000004a   Code   RO         3104    i.hci_le_test_end_process  dtm_cmd_db.o
    0x1005b2ae   0x1005b2ae   0x00000002   PAD
    0x1005b2b0   0x1005b2b0   0x0000004c   Code   RO         4834    i.hci_le_transmitter_test  libbluenrg1_stack.a(hci.o)
    0x1005b2fc   0x1005b2fc   0x0000003c   Code   RO         3105    i.hci_le_transmitter_test_process  dtm_cmd_db.o
    0x1005b338   0x1005b338   0x00000008   Code   RO         1880    i.hci_le_write_suggested_default_data_length  stack_user_cfg.o
    0x1005b340   0x1005b340   0x0000001c   Code   RO         4835    i.hci_le_write_suggested_default_data_length_api  libbluenrg1_stack.a(hci.o)
    0x1005b35c   0x1005b35c   0x00000046   Code   RO         3106    i.hci_le_write_suggested_default_data_length_process  dtm_cmd_db.o
    0x1005b3a2   0x1005b3a2   0x00000002   PAD
    0x1005b3a4   0x1005b3a4   0x00000064   Code   RO         4836    i.hci_load_connParams  libbluenrg1_stack.a(hci.o)
    0x1005b408   0x1005b408   0x00000052   Code   RO         3107    i.hci_number_of_completed_packets_event  dtm_cmd_db.o
    0x1005b45a   0x1005b45a   0x00000002   PAD
    0x1005b45c   0x1005b45c   0x00000018   Code   RO         4837    i.hci_read_bd_addr  libbluenrg1_stack.a(hci.o)
    0x1005b474   0x1005b474   0x00000046   Code   RO         3108    i.hci_read_bd_addr_process  dtm_cmd_db.o
    0x1005b4ba   0x1005b4ba   0x00000090   Code   RO         4838    i.hci_read_local_supported_commands  libbluenrg1_stack.a(hci.o)
    0x1005b54a   0x1005b54a   0x0000004a   Code   RO         3109    i.hci_read_local_supported_commands_process  dtm_cmd_db.o
    0x1005b594   0x1005b594   0x00000014   Code   RO         4839    i.hci_read_local_supported_features  libbluenrg1_stack.a(hci.o)
    0x1005b5a8   0x1005b5a8   0x00000046   Code   RO         3110    i.hci_read_local_supported_features_process  dtm_cmd_db.o
    0x1005b5ee   0x1005b5ee   0x00000002   PAD
    0x1005b5f0   0x1005b5f0   0x00000024   Code   RO         4840    i.hci_read_local_version_information  libbluenrg1_stack.a(hci.o)
    0x1005b614   0x1005b614   0x0000009e   Code   RO         3111    i.hci_read_local_version_information_process  dtm_cmd_db.o
    0x1005b6b2   0x1005b6b2   0x00000002   PAD
    0x1005b6b4   0x1005b6b4   0x00000070   Code   RO         4841    i.hci_read_remote_version_information  libbluenrg1_stack.a(hci.o)
    0x1005b724   0x1005b724   0x00000034   Code   RO         3112    i.hci_read_remote_version_information_complete_event  dtm_cmd_db.o
    0x1005b758   0x1005b758   0x0000003c   Code   RO         3113    i.hci_read_remote_version_information_process  dtm_cmd_db.o
    0x1005b794   0x1005b794   0x00000016   Code   RO         4842    i.hci_read_rssi     libbluenrg1_stack.a(hci.o)
    0x1005b7aa   0x1005b7aa   0x0000005e   Code   RO         3114    i.hci_read_rssi_process  dtm_cmd_db.o
    0x1005b808   0x1005b808   0x00000038   Code   RO         4843    i.hci_read_transmit_power_level  libbluenrg1_stack.a(hci.o)
    0x1005b840   0x1005b840   0x00000060   Code   RO         3115    i.hci_read_transmit_power_level_process  dtm_cmd_db.o
    0x1005b8a0   0x1005b8a0   0x0000000a   Code   RO         4844    i.hci_reset         libbluenrg1_stack.a(hci.o)
    0x1005b8aa   0x1005b8aa   0x00000036   Code   RO         3116    i.hci_reset_process  dtm_cmd_db.o
    0x1005b8e0   0x1005b8e0   0x0000006c   Code   RO         4845    i.hci_rx_acl_data   libbluenrg1_stack.a(hci.o)
    0x1005b94c   0x1005b94c   0x0000004a   Code   RO         4350    i.hci_rx_acl_data_event  hci_parser.o
    0x1005b996   0x1005b996   0x00000002   PAD
    0x1005b998   0x1005b998   0x00000028   Code   RO         4846    i.hci_set_event_mask  libbluenrg1_stack.a(hci.o)
    0x1005b9c0   0x1005b9c0   0x00000034   Code   RO         3117    i.hci_set_event_mask_process  dtm_cmd_db.o
    0x1005b9f4   0x1005b9f4   0x000000c0   Code   RO         4847    i.hci_tx_acl_data   libbluenrg1_stack.a(hci.o)
    0x1005bab4   0x1005bab4   0x00000044   Code   RO         4848    i.hci_tx_acl_data_done  libbluenrg1_stack.a(hci.o)
    0x1005baf8   0x1005baf8   0x00000008   Code   RO         5367    i.int16ToLe2Byte    libbluenrg1_stack.a(gatt_client.o)
    0x1005bb00   0x1005bb00   0x0000000c   Code   RO         4963    i.int32ToLe3Byte    libbluenrg1_stack.a(ll_routines_master.o)
    0x1005bb0c   0x1005bb0c   0x00000010   Code   RO         4964    i.int32ToLe4Byte    libbluenrg1_stack.a(ll_routines_master.o)
    0x1005bb1c   0x1005bb1c   0x00000010   Code   RO         5034    i.int32ToLe4Byte    libbluenrg1_stack.a(securitymgr.o)
    0x1005bb2c   0x1005bb2c   0x00000010   Code   RO         5603    i.int32ToLe4Byte    libbluenrg1_stack.a(rom_ll_ll_routines.o)
    0x1005bb3c   0x1005bb3c   0x00000010   Code   RO         5651    i.int32ToLe4Byte    libbluenrg1_stack.a(sdb.o)
    0x1005bb4c   0x1005bb4c   0x00000040   Code   RO         5270    i.int_cb_hci_acl_data_ind_event  libbluenrg1_stack.a(acl.o)
    0x1005bb8c   0x1005bb8c   0x00000054   Code   RO         5271    i.int_cb_hci_acl_data_tx_cmpl_event  libbluenrg1_stack.a(acl.o)
    0x1005bbe0   0x1005bbe0   0x00000026   Code   RO         5250    i.int_cb_hci_disconnection_complete_event  libbluenrg1_stack.a(aci_events.o)
    0x1005bc06   0x1005bc06   0x0000001a   Code   RO         5251    i.int_cb_hci_encryption_change_event  libbluenrg1_stack.a(aci_events.o)
    0x1005bc20   0x1005bc20   0x0000001a   Code   RO         5252    i.int_cb_hci_encryption_key_refresh_complete_event  libbluenrg1_stack.a(aci_events.o)
    0x1005bc3a   0x1005bc3a   0x0000001e   Code   RO         5253    i.int_cb_hci_le_advertising_report_event  libbluenrg1_stack.a(aci_events.o)
    0x1005bc58   0x1005bc58   0x00000026   Code   RO         5254    i.int_cb_hci_le_connection_complete_event  libbluenrg1_stack.a(aci_events.o)
    0x1005bc7e   0x1005bc7e   0x00000010   Code   RO         5255    i.int_cb_hci_le_data_length_change_event  libbluenrg1_stack.a(aci_events.o)
    0x1005bc8e   0x1005bc8e   0x0000001e   Code   RO         5256    i.int_cb_hci_le_direct_advertising_report_event  libbluenrg1_stack.a(aci_events.o)
    0x1005bcac   0x1005bcac   0x00000026   Code   RO         5257    i.int_cb_hci_le_enhanced_connection_complete_event  libbluenrg1_stack.a(aci_events.o)
    0x1005bcd2   0x1005bcd2   0x0000001a   Code   RO         5258    i.int_cb_hci_le_generate_dhkey_complete_event  libbluenrg1_stack.a(aci_events.o)
    0x1005bcec   0x1005bcec   0x0000000c   Code   RO         5259    i.int_cb_hci_le_long_term_key_request_event  libbluenrg1_stack.a(aci_events.o)
    0x1005bcf8   0x1005bcf8   0x0000001a   Code   RO         5260    i.int_cb_hci_le_read_local_p256_public_key_complete_event  libbluenrg1_stack.a(aci_events.o)
    0x1005bd12   0x1005bd12   0x00000010   Code   RO         4987    i.isIdentityAddress  libbluenrg1_stack.a(rom_gap.o)
    0x1005bd22   0x1005bd22   0x0000001e   Code   RO         5737    i.is_Buffer_All_Set_To  libbluenrg1_stack.a(utils.o)
    0x1005bd40   0x1005bd40   0x0000004c   Code   RO         5604    i.is_connected      libbluenrg1_stack.a(rom_ll_ll_routines.o)
    0x1005bd8c   0x1005bd8c   0x00000034   Code   RO         5507    i.is_slave          libbluenrg1_stack.a(multi_master_time.o)
    0x1005bdc0   0x1005bdc0   0x00000020   Code   RO         5272    i.isr_Acl_Data_Indication_Queue_Full  libbluenrg1_stack.a(acl.o)
    0x1005bde0   0x1005bde0   0x00000020   Code   RO         5273    i.isr_Acl_Data_TX_Cmpl_Queue_Full  libbluenrg1_stack.a(acl.o)
    0x1005be00   0x1005be00   0x000003d0   Code   RO         4870    i.isr_advertise_state  libbluenrg1_stack.a(ll_isr.o)
    0x1005c1d0   0x1005c1d0   0x000006dc   Code   RO         4871    i.isr_connect_master_state  libbluenrg1_stack.a(ll_isr.o)
    0x1005c8ac   0x1005c8ac   0x000007e8   Code   RO         4872    i.isr_connect_slave_state  libbluenrg1_stack.a(ll_isr.o)
    0x1005d094   0x1005d094   0x00000660   Code   RO         4965    i.isr_event_handler  libbluenrg1_stack.a(ll_routines_master.o)
    0x1005d6f4   0x1005d6f4   0x000001fc   Code   RO         4966    i.isr_event_handler_scan_data  libbluenrg1_stack.a(ll_routines_master.o)
    0x1005d8f0   0x1005d8f0   0x00000008   Code   RO         1881    i.isr_event_handler_scan_data_ucfg  stack_user_cfg.o
    0x1005d8f8   0x1005d8f8   0x000001f4   Code   RO         5443    i.isr_postproc      libbluenrg1_stack.a(isr_postproc.o)
    0x1005daec   0x1005daec   0x00000110   Code   RO         5573    i.isr_postproc1     libbluenrg1_stack.a(rom_ll_isr_postproc.o)
    0x1005dbfc   0x1005dbfc   0x00000016   Code   RO         5574    i.isr_postproc_encrypt_data  libbluenrg1_stack.a(rom_ll_isr_postproc.o)
    0x1005dc12   0x1005dc12   0x00000002   PAD
    0x1005dc14   0x1005dc14   0x00000734   Code   RO         4873    i.isr_scan_state    libbluenrg1_stack.a(ll_isr.o)
    0x1005e348   0x1005e348   0x00000038   Code   RO         4874    i.isr_test_rx_state  libbluenrg1_stack.a(ll_isr.o)
    0x1005e380   0x1005e380   0x00000068   Code   RO         4875    i.isr_test_tx_state  libbluenrg1_stack.a(ll_isr.o)
    0x1005e3e8   0x1005e3e8   0x0000002c   Code   RO         4876    i.isr_unknown_state  libbluenrg1_stack.a(ll_isr.o)
    0x1005e414   0x1005e414   0x0000000a   Code   RO         4998    i.le2ByteToInt16    libbluenrg1_stack.a(rom_ll_isr_routines.o)
    0x1005e41e   0x1005e41e   0x0000000a   Code   RO         5368    i.le2ByteToInt16    libbluenrg1_stack.a(gatt_client.o)
    0x1005e428   0x1005e428   0x00000016   Code   RO         4999    i.le4ByteToInt32    libbluenrg1_stack.a(rom_ll_isr_routines.o)
    0x1005e43e   0x1005e43e   0x00000016   Code   RO         5013    i.le4ByteToInt32    libbluenrg1_stack.a(rom_ll_ll_routines_master.o)
    0x1005e454   0x1005e454   0x00000016   Code   RO         5035    i.le4ByteToInt32    libbluenrg1_stack.a(securitymgr.o)
    0x1005e46a   0x1005e46a   0x00000016   Code   RO         5605    i.le4ByteToInt32    libbluenrg1_stack.a(rom_ll_ll_routines.o)
    0x1005e480   0x1005e480   0x00000078   Code   RO         4947    i.ll_write_supported_data  libbluenrg1_stack.a(ll_routines.o)
    0x1005e4f8   0x1005e4f8   0x00000008   Code   RO         1882    i.ll_write_supported_data_ucfg  stack_user_cfg.o
    0x1005e500   0x1005e500   0x0000004c   Code   RO         4653    i.load_scanParams   libbluenrg1_stack.a(bluenrg_gap_aci.o)
    0x1005e54c   0x1005e54c   0x00000248   Code   RO         5369    i.long_write_procedure  libbluenrg1_stack.a(gatt_client.o)
    0x1005e794   0x1005e794   0x00000020   Code   RO         5627    i.machine_time_trans  libbluenrg1_stack.a(rom_ll_timehandling.o)
    0x1005e7b4   0x1005e7b4   0x00000080   Code   RO         4322    i.main              dtm_main.o
    0x1005e834   0x1005e834   0x00000004   Code   RO         1883    i.master_csr_ucfg   stack_user_cfg.o
    0x1005e838   0x1005e838   0x000000b8   Code   RO         5476    i.mem_alloc_ctx_init  libbluenrg1_stack.a(mem_alloc.o)
    0x1005e8f0   0x1005e8f0   0x00000008   Code   RO         5022    i.microseconds_to_machine_time  libbluenrg1_stack.a(routines_support.o)
    0x1005e8f8   0x1005e8f8   0x0000001c   Code   RO         5621    i.modulo_37         libbluenrg1_stack.a(rom_ll_routines_support.o)
    0x1005e914   0x1005e914   0x00000018   Code   RO         5508    i.nsar_init         libbluenrg1_stack.a(multi_master_time.o)
    0x1005e92c   0x1005e92c   0x0000001c   Code   RO         5509    i.nsar_insertSlotListEntry  libbluenrg1_stack.a(multi_master_time.o)
    0x1005e948   0x1005e948   0x000000c0   Code   RO         5510    i.nsar_searchBestFreeSlot  libbluenrg1_stack.a(multi_master_time.o)
    0x1005ea08   0x1005ea08   0x0000007c   Code   RO         5511    i.nsar_searchMaxFreeSlot  libbluenrg1_stack.a(multi_master_time.o)
    0x1005ea84   0x1005ea84   0x00000022   Code   RO         5512    i.nsar_updateBestFreeSlot  libbluenrg1_stack.a(multi_master_time.o)
    0x1005eaa6   0x1005eaa6   0x00000002   PAD
    0x1005eaa8   0x1005eaa8   0x0000006c   Code   RO         5513    i.nsar_updateSlotListEntry  libbluenrg1_stack.a(multi_master_time.o)
    0x1005eb14   0x1005eb14   0x0000006c   Code   RO         4351    i.packet_received   hci_parser.o
    0x1005eb80   0x1005eb80   0x00000050   Code   RO         2707    i.parse_cmd         cmd.o
    0x1005ebd0   0x1005ebd0   0x0000006c   Code   RO         4476    i.process_command   transport_layer.o
    0x1005ec3c   0x1005ec3c   0x0000007c   Code   RO         4949    i.read_rssi         libbluenrg1_stack.a(ll_routines.o)
    0x1005ecb8   0x1005ecb8   0x00000074   Code   RO         5515    i.request_connect_slot  libbluenrg1_stack.a(multi_master_time.o)
    0x1005ed2c   0x1005ed2c   0x00000094   Code   RO         5516    i.request_scan_slot  libbluenrg1_stack.a(multi_master_time.o)
    0x1005edc0   0x1005edc0   0x000000c8   Code   RO         5517    i.reschedule_wakeup_slot  libbluenrg1_stack.a(multi_master_time.o)
    0x1005ee88   0x1005ee88   0x00000014   Code   RO         1106    i.rev_memcmp        bluenrg1_pka.o
    0x1005ee9c   0x1005ee9c   0x0000001a   Code   RO         4925    i.scan_connection_or_advertiser  libbluenrg1_stack.a(ll_privacy.o)
    0x1005eeb6   0x1005eeb6   0x00000002   PAD
    0x1005eeb8   0x1005eeb8   0x000000b0   Code   RO         5518    i.schedule_advertise_slot  libbluenrg1_stack.a(multi_master_time.o)
    0x1005ef68   0x1005ef68   0x00000164   Code   RO         5652    i.sdb_delete        libbluenrg1_stack.a(sdb.o)
    0x1005f0cc   0x1005f0cc   0x000000c4   Code   RO         5653    i.sdb_find_client_data  libbluenrg1_stack.a(sdb.o)
    0x1005f190   0x1005f190   0x00000018   Code   RO         5654    i.sdb_get_gatt_db_start_address  libbluenrg1_stack.a(sdb.o)
    0x1005f1a8   0x1005f1a8   0x00000020   Code   RO         5655    i.sdb_invalidate_record  libbluenrg1_stack.a(sdb.o)
    0x1005f1c8   0x1005f1c8   0x00000014   Code   RO         5656    i.sdb_read_address_type  libbluenrg1_stack.a(sdb.o)
    0x1005f1dc   0x1005f1dc   0x00000024   Code   RO         5657    i.sdb_read_record   libbluenrg1_stack.a(sdb.o)
    0x1005f200   0x1005f200   0x00000014   Code   RO         5658    i.sdb_read_record_validity  libbluenrg1_stack.a(sdb.o)
    0x1005f214   0x1005f214   0x0000007c   Code   RO         5659    i.sdb_write_record  libbluenrg1_stack.a(sdb.o)
    0x1005f290   0x1005f290   0x00000004   Code   RO         1884    i.secure_connections_csr_ucfg  stack_user_cfg.o
    0x1005f294   0x1005f294   0x00000010   Code   RO         4477    i.send_command      transport_layer.o
    0x1005f2a4   0x1005f2a4   0x00000008   Code   RO         4478    i.send_event        transport_layer.o
    0x1005f2ac   0x1005f2ac   0x00000038   Code   RO         4479    i.send_event_isr    transport_layer.o
    0x1005f2e4   0x1005f2e4   0x00000046   Code   RO         5370    i.send_gatt_event   libbluenrg1_stack.a(gatt_client.o)
    0x1005f32a   0x1005f32a   0x00000002   PAD
    0x1005f32c   0x1005f32c   0x00000104   Code   RO         4768    i.setGapAdvData     libbluenrg1_stack.a(gap.o)
    0x1005f430   0x1005f430   0x00000088   Code   RO         5628    i.set_freq          libbluenrg1_stack.a(rom_ll_timehandling.o)
    0x1005f4b8   0x1005f4b8   0x0000001c   Code   RO         5629    i.set_sca           libbluenrg1_stack.a(rom_ll_timehandling.o)
    0x1005f4d4   0x1005f4d4   0x00000010   Code   RO         4786    i.set_string        libbluenrg1_stack.a(hal.o)
    0x1005f4e4   0x1005f4e4   0x00000208   Code   RO         5023    i.slave_advance     libbluenrg1_stack.a(routines_support.o)
    0x1005f6ec   0x1005f6ec   0x000000c6   Code   RO         5673    i.sma_CMAC_generate_tag  libbluenrg1_stack.a(smp_algo_sap.o)
    0x1005f7b2   0x1005f7b2   0x00000036   Code   RO         5674    i.sma_Calculate_Hash  libbluenrg1_stack.a(smp_algo_sap.o)
    0x1005f7e8   0x1005f7e8   0x0000007e   Code   RO         5675    i.sma_generate_subkeys  libbluenrg1_stack.a(smp_algo_sap.o)
    0x1005f866   0x1005f866   0x0000002c   Code   RO         5676    i.sma_left_shift    libbluenrg1_stack.a(smp_algo_sap.o)
    0x1005f892   0x1005f892   0x00000018   Code   RO         5036    i.smp_Build_AuthReq_Field  libbluenrg1_stack.a(securitymgr.o)
    0x1005f8aa   0x1005f8aa   0x00000002   PAD
    0x1005f8ac   0x1005f8ac   0x00000038   Code   RO         5037    i.smp_Build_Pairing_ReqResp_Packet  libbluenrg1_stack.a(securitymgr.o)
    0x1005f8e4   0x1005f8e4   0x00000034   Code   RO         5038    i.smp_Check_Incoming_Pairing_Parameters  libbluenrg1_stack.a(securitymgr.o)
    0x1005f918   0x1005f918   0x0000009c   Code   RO         5039    i.smp_Determine_Key_Association_Method  libbluenrg1_stack.a(securitymgr.o)
    0x1005f9b4   0x1005f9b4   0x00000184   Code   RO         5040    i.smp_Execute_Actions_wrt_Current_State  libbluenrg1_stack.a(securitymgr.o)
    0x1005fb38   0x1005fb38   0x0000004e   Code   RO         5041    i.smp_Execute_Actions_wrt_Current_State_MI_excerpt  libbluenrg1_stack.a(securitymgr.o)
    0x1005fb86   0x1005fb86   0x00000008   Code   RO         1885    i.smp_Execute_Actions_wrt_Current_State_MI_excerpt_ucfg  stack_user_cfg.o
    0x1005fb8e   0x1005fb8e   0x00000012   Code   RO         5043    i.smp_Execute_Actions_wrt_Current_State_sc_MI_excerpt_phase2as2  libbluenrg1_stack.a(securitymgr.o)
    0x1005fba0   0x1005fba0   0x00000008   Code   RO         1886    i.smp_Execute_Actions_wrt_Current_State_sc_MI_excerpt_phase2as2_ucfg  stack_user_cfg.o
    0x1005fba8   0x1005fba8   0x00000058   Code   RO         5045    i.smp_Execute_Actions_wrt_Current_State_sc_excerpt_phase2as2  libbluenrg1_stack.a(securitymgr.o)
    0x1005fc00   0x1005fc00   0x00000008   Code   RO         1887    i.smp_Execute_Actions_wrt_Current_State_sc_excerpt_phase2as2_ucfg  stack_user_cfg.o
    0x1005fc08   0x1005fc08   0x00000058   Code   RO         5047    i.smp_Execute_Actions_wrt_Current_State_sc_excerpt_phase_1_to_2  libbluenrg1_stack.a(securitymgr.o)
    0x1005fc60   0x1005fc60   0x00000008   Code   RO         1888    i.smp_Execute_Actions_wrt_Current_State_sc_excerpt_phase_1_to_2_ucfg  stack_user_cfg.o
    0x1005fc68   0x1005fc68   0x00000078   Code   RO         5049    i.smp_Get_Long_Term_Key  libbluenrg1_stack.a(securitymgr.o)
    0x1005fce0   0x1005fce0   0x00000088   Code   RO         5050    i.smp_Get_Pairing_Parameters_From_Peer_Packet  libbluenrg1_stack.a(securitymgr.o)
    0x1005fd68   0x1005fd68   0x00000032   Code   RO         5709    i.smp_Keys_Distribution_Complete  libbluenrg1_stack.a(smp_common.o)
    0x1005fd9a   0x1005fd9a   0x00000002   PAD
    0x1005fd9c   0x1005fd9c   0x00000118   Code   RO         5051    i.smp_Keys_Distribution_Send  libbluenrg1_stack.a(securitymgr.o)
    0x1005feb4   0x1005feb4   0x00000140   Code   RO         5052    i.smp_LP_MI_Compute_c1_Confirm_Value  libbluenrg1_stack.a(securitymgr.o)
    0x1005fff4   0x1005fff4   0x00000150   Code   RO         5053    i.smp_LP_SR_Compute_c1_Confirm_Value  libbluenrg1_stack.a(securitymgr.o)
    0x10060144   0x10060144   0x00000088   Code   RO         5054    i.smp_MI_Start_Encryption  libbluenrg1_stack.a(securitymgr.o)
    0x100601cc   0x100601cc   0x00000008   Code   RO         1889    i.smp_MI_Start_Encryption_ucfg  stack_user_cfg.o
    0x100601d4   0x100601d4   0x00000088   Code   RO         5056    i.smp_Process_Rx_Packet_Exception_Cases_sc_excerpt  libbluenrg1_stack.a(securitymgr.o)
    0x1006025c   0x1006025c   0x00000008   Code   RO         1890    i.smp_Process_Rx_Packet_Exception_Cases_sc_excerpt_ucfg  stack_user_cfg.o
    0x10060264   0x10060264   0x00000068   Code   RO         5058    i.smp_Process_Rx_Packet_wrt_Current_State_MI_excerpt  libbluenrg1_stack.a(securitymgr.o)
    0x100602cc   0x100602cc   0x00000008   Code   RO         1891    i.smp_Process_Rx_Packet_wrt_Current_State_MI_excerpt_ucfg  stack_user_cfg.o
    0x100602d4   0x100602d4   0x00000118   Code   RO         5060    i.smp_Process_Rx_Packet_wrt_Current_State_SR_excerpt  libbluenrg1_stack.a(securitymgr.o)
    0x100603ec   0x100603ec   0x00000050   Code   RO         5061    i.smp_Process_Rx_Packet_wrt_Current_State_sc_excerpt  libbluenrg1_stack.a(securitymgr.o)
    0x1006043c   0x1006043c   0x00000008   Code   RO         1892    i.smp_Process_Rx_Packet_wrt_Current_State_sc_excerpt_ucfg  stack_user_cfg.o
    0x10060444   0x10060444   0x00000078   Code   RO         5063    i.smp_Set_Key_Association_Method  libbluenrg1_stack.a(securitymgr.o)
    0x100604bc   0x100604bc   0x00000080   Code   RO         5064    i.smp____MI_PairingConfirm_Receive  libbluenrg1_stack.a(securitymgr.o)
    0x1006053c   0x1006053c   0x00000074   Code   RO         5065    i.smp____MI_PairingConfirm_Send  libbluenrg1_stack.a(securitymgr.o)
    0x100605b0   0x100605b0   0x000000e4   Code   RO         5066    i.smp____MI_PairingRandom_Receive  libbluenrg1_stack.a(securitymgr.o)
    0x10060694   0x10060694   0x0000006c   Code   RO         5067    i.smp____MI_PairingResponse_Receive  libbluenrg1_stack.a(securitymgr.o)
    0x10060700   0x10060700   0x00000094   Code   RO         5068    i.smp____MI_SecurityRequest_Receive  libbluenrg1_stack.a(securitymgr.o)
    0x10060794   0x10060794   0x0000005c   Code   RO         5093    i.smp____SC_Phase_2AS2_DHKeyCheck_Send  libbluenrg1_stack.a(smp_scv42_caf.o)
    0x100607f0   0x100607f0   0x00000134   Code   RO         5094    i.smp____SC_Phase_2AS2_Generate_DHKeyCheck  libbluenrg1_stack.a(smp_scv42_caf.o)
    0x10060924   0x10060924   0x00000030   Code   RO         5095    i.smp____SC_Phase_2AS2__Set_Addresses  libbluenrg1_stack.a(smp_scv42_caf.o)
    0x10060954   0x10060954   0x0000007a   Code   RO         5069    i.smp____SR_PairingConfirm_Receive  libbluenrg1_stack.a(securitymgr.o)
    0x100609ce   0x100609ce   0x00000002   PAD
    0x100609d0   0x100609d0   0x00000114   Code   RO         5070    i.smp____SR_PairingRandom_Receive  libbluenrg1_stack.a(securitymgr.o)
    0x10060ae4   0x10060ae4   0x0000017c   Code   RO         5071    i.smp____SR_PairingRequest_Receive  libbluenrg1_stack.a(securitymgr.o)
    0x10060c60   0x10060c60   0x00000050   Code   RO         5096    i.smp____sc_verify_peer_pk_and_generate_dhkey  libbluenrg1_stack.a(smp_scv42_caf.o)
    0x10060cb0   0x10060cb0   0x00000148   Code   RO         5710    i.smp_add_pairing_record_to_bonding_database  libbluenrg1_stack.a(smp_common.o)
    0x10060df8   0x10060df8   0x00000110   Code   RO         5711    i.smp_cmn_pairing_phase_3_keys_receiving  libbluenrg1_stack.a(smp_common.o)
    0x10060f08   0x10060f08   0x00000066   Code   RO         5072    i.smp_cmn_process_rx_packet_wrt_current_state  libbluenrg1_stack.a(securitymgr.o)
    0x10060f6e   0x10060f6e   0x00000002   PAD
    0x10060f70   0x10060f70   0x00000044   Code   RO         5712    i.smp_find_remote_device_index  libbluenrg1_stack.a(smp_common.o)
    0x10060fb4   0x10060fb4   0x00000038   Code   RO         5713    i.smp_flush_rx_queues  libbluenrg1_stack.a(smp_common.o)
    0x10060fec   0x10060fec   0x0000001e   Code   RO         5714    i.smp_get_CSRK      libbluenrg1_stack.a(smp_common.o)
    0x1006100a   0x1006100a   0x00000002   PAD
    0x1006100c   0x1006100c   0x0000003c   Code   RO         5715    i.smp_get_local_identity_address  libbluenrg1_stack.a(smp_common.o)
    0x10061048   0x10061048   0x0000004c   Code   RO         5716    i.smp_is_any_pairing_ongoing  libbluenrg1_stack.a(smp_common.o)
    0x10061094   0x10061094   0x00000038   Code   RO         5717    i.smp_keys_distribution_start  libbluenrg1_stack.a(smp_common.o)
    0x100610cc   0x100610cc   0x0000003c   Code   RO         5718    i.smp_oob_check_is_remote_data_present  libbluenrg1_stack.a(smp_common.o)
    0x10061108   0x10061108   0x00000048   Code   RO         5719    i.smp_oob_get_remote_data_reference  libbluenrg1_stack.a(smp_common.o)
    0x10061150   0x10061150   0x00000034   Code   RO         5720    i.smp_pairing_2octets_packet_send  libbluenrg1_stack.a(smp_common.o)
    0x10061184   0x10061184   0x00000078   Code   RO         5721    i.smp_pairing_completed  libbluenrg1_stack.a(smp_common.o)
    0x100611fc   0x100611fc   0x00000016   Code   RO         5722    i.smp_pairing_failed_receive  libbluenrg1_stack.a(smp_common.o)
    0x10061212   0x10061212   0x0000002a   Code   RO         5723    i.smp_pairing_failed_send  libbluenrg1_stack.a(smp_common.o)
    0x1006123c   0x1006123c   0x00000064   Code   RO         5724    i.smp_pairing_process_abort  libbluenrg1_stack.a(smp_common.o)
    0x100612a0   0x100612a0   0x000000f0   Code   RO         5725    i.smp_repeated_attacks_protection  libbluenrg1_stack.a(smp_common.o)
    0x10061390   0x10061390   0x00000030   Code   RO         5073    i.smp_sc_MI_PairingConfirm_Send_sc_excerpt  libbluenrg1_stack.a(securitymgr.o)
    0x100613c0   0x100613c0   0x00000008   Code   RO         1893    i.smp_sc_MI_PairingConfirm_Send_sc_excerpt_ucfg  stack_user_cfg.o
    0x100613c8   0x100613c8   0x00000044   Code   RO         5075    i.smp_sc_MI_PairingRandom_Receive_sc_excerpt1  libbluenrg1_stack.a(securitymgr.o)
    0x1006140c   0x1006140c   0x00000008   Code   RO         1894    i.smp_sc_MI_PairingRandom_Receive_sc_excerpt1_ucfg  stack_user_cfg.o
    0x10061414   0x10061414   0x00000068   Code   RO         5077    i.smp_sc_MI_PairingRandom_Receive_sc_excerpt2  libbluenrg1_stack.a(securitymgr.o)
    0x1006147c   0x1006147c   0x00000008   Code   RO         1895    i.smp_sc_MI_PairingRandom_Receive_sc_excerpt2_ucfg  stack_user_cfg.o
    0x10061484   0x10061484   0x00000034   Code   RO         5079    i.smp_sc_MI_PairingResponse_Receive_sc_excerpt  libbluenrg1_stack.a(securitymgr.o)
    0x100614b8   0x100614b8   0x00000008   Code   RO         1896    i.smp_sc_MI_PairingResponse_Receive_sc_excerpt_ucfg  stack_user_cfg.o
    0x100614c0   0x100614c0   0x0000002c   Code   RO         5081    i.smp_sc_MI_Pairing_Phase_2AS1_Start_sc_excerpt  libbluenrg1_stack.a(securitymgr.o)
    0x100614ec   0x100614ec   0x00000008   Code   RO         1897    i.smp_sc_MI_Pairing_Phase_2AS1_Start_sc_excerpt_ucfg  stack_user_cfg.o
    0x100614f4   0x100614f4   0x00000034   Code   RO         5083    i.smp_sc_SR_PairingConfirm_Receive_sc_excerpt  libbluenrg1_stack.a(securitymgr.o)
    0x10061528   0x10061528   0x00000008   Code   RO         1898    i.smp_sc_SR_PairingConfirm_Receive_sc_excerpt_ucfg  stack_user_cfg.o
    0x10061530   0x10061530   0x0000009c   Code   RO         5085    i.smp_sc_SR_PairingRandom_Receive_sc_excerpt  libbluenrg1_stack.a(securitymgr.o)
    0x100615cc   0x100615cc   0x00000008   Code   RO         1899    i.smp_sc_SR_PairingRandom_Receive_sc_excerpt_ucfg  stack_user_cfg.o
    0x100615d4   0x100615d4   0x00000030   Code   RO         5087    i.smp_sc_SR_Pairing_Phase_2AS1_Start_sc_excerpt  libbluenrg1_stack.a(securitymgr.o)
    0x10061604   0x10061604   0x00000008   Code   RO         1900    i.smp_sc_SR_Pairing_Phase_2AS1_Start_sc_excerpt_ucfg  stack_user_cfg.o
    0x1006160c   0x1006160c   0x00000030   Code   RO         5097    i.smp_sc_check_for_ecc_pk_generation_request  libbluenrg1_stack.a(smp_scv42_caf.o)
    0x1006163c   0x1006163c   0x00000008   Code   RO         1901    i.smp_sc_check_for_ecc_pk_generation_request_ucfg  stack_user_cfg.o
    0x10061644   0x10061644   0x00000038   Code   RO         5099    i.smp_sc_continue_on_exclusive_sc_pairing  libbluenrg1_stack.a(smp_scv42_caf.o)
    0x1006167c   0x1006167c   0x00000008   Code   RO         1902    i.smp_sc_continue_on_exclusive_sc_pairing_ucfg  stack_user_cfg.o
    0x10061684   0x10061684   0x00000020   Code   RO         5101    i.smp_sc_force_debug_private_key  libbluenrg1_stack.a(smp_scv42_caf.o)
    0x100616a4   0x100616a4   0x00000044   Code   RO         5102    i.smp_sc_generate_new_local_oob_data  libbluenrg1_stack.a(smp_scv42_caf.o)
    0x100616e8   0x100616e8   0x00000008   Code   RO         1903    i.smp_sc_generate_new_local_oob_data_ucfg  stack_user_cfg.o
    0x100616f0   0x100616f0   0x00000074   Code   RO         5121    i.smp_sc_hci_le_generate_dhkey_complete_evt_hndl  libbluenrg1_stack.a(smp_scv42_sap.o)
    0x10061764   0x10061764   0x00000008   Code   RO         1904    i.smp_sc_hci_le_generate_dhkey_complete_evt_hndl_ucfg  stack_user_cfg.o
    0x1006176c   0x1006176c   0x0000003c   Code   RO         5123    i.smp_sc_hci_le_read_local_p256_public_key_complete_evt_hndl  libbluenrg1_stack.a(smp_scv42_sap.o)
    0x100617a8   0x100617a8   0x00000008   Code   RO         1905    i.smp_sc_hci_le_read_local_p256_public_key_complete_evt_hndl_ucfg  stack_user_cfg.o
    0x100617b0   0x100617b0   0x00000038   Code   RO         5104    i.smp_sc_init       libbluenrg1_stack.a(smp_scv42_caf.o)
    0x100617e8   0x100617e8   0x00000008   Code   RO         1906    i.smp_sc_init_ucfg  stack_user_cfg.o
    0x100617f0   0x100617f0   0x00000040   Code   RO         5106    i.smp_sc_is_another_sc_pairing_ongoing  libbluenrg1_stack.a(smp_scv42_caf.o)
    0x10061830   0x10061830   0x00000010   Code   RO         5107    i.smp_sc_is_debug_key_usage_forced  libbluenrg1_stack.a(smp_scv42_caf.o)
    0x10061840   0x10061840   0x0000008c   Code   RO         5108    i.smp_sc_pairing_oob_confirm_receive_verify  libbluenrg1_stack.a(smp_scv42_caf.o)
    0x100618cc   0x100618cc   0x00000084   Code   RO         5109    i.smp_sc_pairing_public_key_receive  libbluenrg1_stack.a(smp_scv42_caf.o)
    0x10061950   0x10061950   0x0000006c   Code   RO         5110    i.smp_sc_pairing_public_key_send  libbluenrg1_stack.a(smp_scv42_caf.o)
    0x100619bc   0x100619bc   0x00000072   Code   RO         5111    i.smp_sc_phase_2as2_dhkey_check_receive  libbluenrg1_stack.a(smp_scv42_caf.o)
    0x10061a2e   0x10061a2e   0x00000002   PAD
    0x10061a30   0x10061a30   0x000000a4   Code   RO         5112    i.smp_sc_phase_2as2_start  libbluenrg1_stack.a(smp_scv42_caf.o)
    0x10061ad4   0x10061ad4   0x00000018   Code   RO         5113    i.smp_sc_submit_ecc_pk_generation_request  libbluenrg1_stack.a(smp_scv42_caf.o)
    0x10061aec   0x10061aec   0x00000074   Code   RO         5114    i.smp_sc_update_statistics_on_pairing_complete  libbluenrg1_stack.a(smp_scv42_caf.o)
    0x10061b60   0x10061b60   0x00000008   Code   RO         1907    i.smp_sc_update_statistics_on_pairing_complete_ucfg  stack_user_cfg.o
    0x10061b68   0x10061b68   0x00000044   Code   RO         5726    i.smp_search_blacklist  libbluenrg1_stack.a(smp_common.o)
    0x10061bac   0x10061bac   0x00000038   Code   RO         5089    i.smp_send_packet   libbluenrg1_stack.a(securitymgr.o)
    0x10061be4   0x10061be4   0x00000038   Code   RO         5727    i.smp_update_statistics_on_pairing_complete  libbluenrg1_stack.a(smp_common.o)
    0x10061c1c   0x10061c1c   0x000000d0   Code   RO         5519    i.start_timebase    libbluenrg1_stack.a(multi_master_time.o)
    0x10061cec   0x10061cec   0x00000008   Code   RO         1908    i.state_func_call_init_csr_ucfg  stack_user_cfg.o
    0x10061cf4   0x10061cf4   0x0000001e   Code   RO         5419    i.store_data        libbluenrg1_stack.a(gatt_server.o)
    0x10061d12   0x10061d12   0x00000002   PAD
    0x10061d14   0x10061d14   0x0000013c   Code   RO         5024    i.swap_slaves       libbluenrg1_stack.a(routines_support.o)
    0x10061e50   0x10061e50   0x0000000a   Code   RO         5025    i.swap_u16          libbluenrg1_stack.a(routines_support.o)
    0x10061e5a   0x10061e5a   0x0000000a   Code   RO         5520    i.swap_u16          libbluenrg1_stack.a(multi_master_time.o)
    0x10061e64   0x10061e64   0x0000000a   Code   RO         5026    i.swap_u32          libbluenrg1_stack.a(routines_support.o)
    0x10061e6e   0x10061e6e   0x0000000a   Code   RO         5027    i.swap_u8           libbluenrg1_stack.a(routines_support.o)
    0x10061e78   0x10061e78   0x00000010   Code   RO         5630    i.system_time_trans  libbluenrg1_stack.a(rom_ll_timehandling.o)
    0x10061e88   0x10061e88   0x00000030   Code   RO         5631    i.system_time_trans_ext  libbluenrg1_stack.a(rom_ll_timehandling.o)
    0x10061eb8   0x10061eb8   0x0000000e   Code   RO         5632    i.time_offset1      libbluenrg1_stack.a(rom_ll_timehandling.o)
    0x10061ec6   0x10061ec6   0x00000002   PAD
    0x10061ec8   0x10061ec8   0x00000010   Code   RO         5633    i.time_offset2      libbluenrg1_stack.a(rom_ll_timehandling.o)
    0x10061ed8   0x10061ed8   0x00000038   Code   RO         5521    i.timebase_start_connect  libbluenrg1_stack.a(multi_master_time.o)
    0x10061f10   0x10061f10   0x00000094   Code   RO         4480    i.transport_layer_init  transport_layer.o
    0x10061fa4   0x10061fa4   0x00000050   Code   RO         4481    i.transport_layer_spi_receive_data  transport_layer.o
    0x10061ff4   0x10061ff4   0x0000006c   Code   RO         4482    i.transport_layer_spi_send_data  transport_layer.o
    0x10062060   0x10062060   0x000000ac   Code   RO         4483    i.transport_layer_tick  transport_layer.o
    0x1006210c   0x1006210c   0x00000104   Code   RO         4484    i.transport_layer_tick_SPI  transport_layer.o
    0x10062210   0x10062210   0x00000068   Code   RO         4485    i.transport_layer_tick_UART  transport_layer.o
    0x10062278   0x10062278   0x00000074   Code   RO         4486    i.transport_layer_tick_UARTSLEEP  transport_layer.o
    0x100622ec   0x100622ec   0x00000024   Code   RO         4487    i.transport_layer_uart_send_data  transport_layer.o
    0x10062310   0x10062310   0x0000003c   Code   RO         4488    i.transport_layer_uartsleep_send_data  transport_layer.o
    0x1006234c   0x1006234c   0x0000002e   Code   RO         5000    i.unpack_channel_map  libbluenrg1_stack.a(rom_ll_isr_routines.o)
    0x1006237a   0x1006237a   0x00000048   Code   RO         5001    i.unpack_update_request  libbluenrg1_stack.a(rom_ll_isr_routines.o)
    0x100623c2   0x100623c2   0x00000024   Code   RO         5622    i.wait_for_RadioConfig_ready  libbluenrg1_stack.a(rom_ll_routines_support.o)
    0x100623e6   0x100623e6   0x00000024   Code   RO         5575    i.wait_for_aes_ready  libbluenrg1_stack.a(rom_ll_isr_postproc.o)
    0x1006240a   0x1006240a   0x00000002   PAD
    0x1006240c   0x1006240c   0x0000007c   Code   RO         4968    i.wait_for_prescheduled_slot_cancellation  libbluenrg1_stack.a(ll_routines_master.o)
    0x10062488   0x10062488   0x0000007c   Code   RO         5014    i.wait_for_prescheduled_slot_cancellation  libbluenrg1_stack.a(rom_ll_ll_routines_master.o)
    0x10062504   0x10062504   0x0000007c   Code   RO         5606    i.wait_for_prescheduled_slot_cancellation  libbluenrg1_stack.a(rom_ll_ll_routines.o)
    0x10062580   0x10062580   0x0000002c   Code   RO         5607    i.write_radio_config  libbluenrg1_stack.a(rom_ll_ll_routines.o)
    0x100625ac   0x100625ac   0x00000018   Data   RO         2600    .constdata          bluenrg1_it.o
    0x100625c4   0x100625c4   0x0000000c   Data   RO         2744    .constdata          dtm_boot.o
    0x100625d0   0x100625d0   0x00000520   Data   RO         3118    .constdata          dtm_cmd_db.o
    0x10062af0   0x10062af0   0x00000003   Data   RO         4260    .constdata          dtm_cmds.o
    0x10062af3   0x10062af3   0x00000001   PAD
    0x10062af4   0x10062af4   0x0000005c   Data   RO         4399    .constdata          hw_config.o
    0x10062b50   0x10062b50   0x00000024   Data   RO         4490    .constdata          transport_layer.o
    0x10062b74   0x10062b74   0x0000001a   Data   RO         4878    .constdata          libbluenrg1_stack.a(ll_isr.o)
    0x10062b8e   0x10062b8e   0x00000002   PAD
    0x10062b90   0x10062b90   0x00000019   Data   RO         5090    .constdata          libbluenrg1_stack.a(securitymgr.o)
    0x10062ba9   0x10062ba9   0x00000060   Data   RO         5116    .constdata          libbluenrg1_stack.a(smp_scv42_caf.o)
    0x10062c09   0x10062c09   0x00000003   PAD
    0x10062c0c   0x10062c0c   0x0000011c   Data   RO         5261    .constdata          libbluenrg1_stack.a(aci_events.o)
    0x10062d28   0x10062d28   0x00000040   Data   RO         5531    .constdata          libbluenrg1_stack.a(pka.o)
    0x10062d68   0x10062d68   0x00000010   Data   RO         5634    .constdata          libbluenrg1_stack.a(rom_ll_timehandling.o)
    0x10062d78   0x10062d78   0x00000010   Data   RO         5677    .constdata          libbluenrg1_stack.a(smp_algo_sap.o)
    0x10062d88   0x10062d88   0x00000010   Data   RO         5763    .constdata          libbluenrg1_stack.a(att.o)
    0x10062d98   0x10062d98   0x00000128   Data   RO         5804    .constdata          libcrypto.a(crypto.o)
    0x10062ec0   0x10062ec0   0x000000a0   Data   RO         5905    Region$$Table       anon$$obj.o


    Execution Region BLOCK_STACKLIB_FLASH_DATA (Exec base: 0x1007f000, Load base: 0x10062f60, Size: 0x00000838, Max: 0x00001000, ABSOLUTE, UNINIT)

    Exec Addr    Load Addr    Size         Type   Attr      Idx    E Section Name        Object

    0x1007f000        -       0x00000800   Zero   RW         2747    .noinit.stacklib_flash_data  dtm_boot.o
    0x1007f800        -       0x00000038   Zero   RW         2748    .noinit.stacklib_stored_device_id_data  dtm_boot.o


    Execution Region ota_sw_activation_block (Exec base: 0x20000004, Load base: 0x10062f60, Size: 0x00000000, Max: 0x00000004, ABSOLUTE, UNINIT)

    **** No section assigned to this execution region ****


    Execution Region savedMSP_block (Exec base: 0x20000008, Load base: 0x10062f60, Size: 0x00000004, Max: 0x00000004, ABSOLUTE)

    Exec Addr    Load Addr    Size         Type   Attr      Idx    E Section Name        Object

    0x20000008   0x10062f60   0x00000004   Data   RW         2415    .savedMSP           system_bluenrg1.o


    Execution Region wakeupFromSleepFlag_block (Exec base: 0x2000000c, Load base: 0x10062f64, Size: 0x00000004, Max: 0x00000004, ABSOLUTE)

    Exec Addr    Load Addr    Size         Type   Attr      Idx    E Section Name        Object

    0x2000000c   0x10062f64   0x00000001   Data   RW         2416    .wakeupFromSleepFlag  system_bluenrg1.o


    Execution Region app_base_block (Exec base: 0x20000010, Load base: 0x10062f68, Size: 0x00000004, Max: 0x00000004, ABSOLUTE)

    Exec Addr    Load Addr    Size         Type   Attr      Idx    E Section Name        Object

    0x20000010   0x10062f68   0x00000004   Data   RW         2405    .app_base           system_bluenrg1.o


    Execution Region flash_sw_lock_block (Exec base: 0x20000014, Load base: 0x10062f6c, Size: 0x00000004, Max: 0x00000004, ABSOLUTE)

    Exec Addr    Load Addr    Size         Type   Attr      Idx    E Section Name        Object

    0x20000014   0x10062f6c   0x00000004   Data   RW         2411    .flash_sw_lock      system_bluenrg1.o


    Execution Region rfTimeout_block (Exec base: 0x20000018, Load base: 0x10062f70, Size: 0x00000004, Max: 0x00000004, ABSOLUTE)

    Exec Addr    Load Addr    Size         Type   Attr      Idx    E Section Name        Object

    0x20000018   0x10062f70   0x00000004   Data   RW         2414    .rfTimeout          system_bluenrg1.o


    Execution Region BOR_config_block (Exec base: 0x2000001c, Load base: 0x10062f74, Size: 0x00000008, Max: 0x00000008, ABSOLUTE)

    Exec Addr    Load Addr    Size         Type   Attr      Idx    E Section Name        Object

    0x2000001c   0x10062f74   0x00000007   Data   RW         2403    .BOR_config         system_bluenrg1.o


    Execution Region Blue_Flag_Ram_block (Exec base: 0x20000030, Load base: 0x10062f7c, Size: 0x00000004, Max: 0x00000004, ABSOLUTE)

    Exec Addr    Load Addr    Size         Type   Attr      Idx    E Section Name        Object

    0x20000030   0x10062f7c   0x00000004   Data   RW         2404    .__blueflag_RAM     system_bluenrg1.o


    Execution Region Crash_Info_block (Exec base: 0x20000034, Load base: 0x10062f80, Size: 0x00000028, Max: 0x00000028, ABSOLUTE, UNINIT)

    Exec Addr    Load Addr    Size         Type   Attr      Idx    E Section Name        Object

    0x20000034        -       0x00000028   Zero   RW          148    .__crash_RAM        miscutil.o


    Execution Region BLUE (Exec base: 0x200000c0, Load base: 0x10062f80, Size: 0x0000020c, Max: 0x0000020c, ABSOLUTE, COMPRESSED[0x00000008])

    Exec Addr    Load Addr    Size         Type   Attr      Idx    E Section Name        Object

    0x200000c0   COMPRESSED   0x0000020c   Data   RW         2407    .bss.__blue_RAM     system_bluenrg1.o


    Execution Region REGION_RAM2 (Exec base: 0x200002cc, Load base: 0x10062f88, Size: 0x00000acc, Max: 0x00005d34, ABSOLUTE)

    Exec Addr    Load Addr    Size         Type   Attr      Idx    E Section Name        Object

    0x200002cc   0x10062f88   0x00000001   Data   RW         1107    .data               bluenrg1_pka.o
    0x200002cd   0x10062f89   0x00000003   PAD
    0x200002d0   0x10062f8c   0x00000004   Data   RW         2408    .data               system_bluenrg1.o
    0x200002d4   0x10062f90   0x00000004   Data   RW         2409    .data               system_bluenrg1.o
    0x200002d8   0x10062f94   0x00000004   Data   RW         2410    .data               system_bluenrg1.o
    0x200002dc   0x10062f98   0x00000004   Data   RW         2601    .data               bluenrg1_it.o
    0x200002e0   0x10062f9c   0x00000051   Data   RW         2745    .data               dtm_boot.o
    0x20000331   0x10062fed   0x00000001   PAD
    0x20000332   0x10062fee   0x0000000a   Data   RW         4353    .data               hci_parser.o
    0x2000033c   0x10062ff8   0x00000004   Data   RW         4400    .data               hw_config.o
    0x20000340   0x10062ffc   0x00000018   Data   RW         4491    .data               transport_layer.o
    0x20000358   0x10063014   0x00000048   Data   RW         4879    .data               libbluenrg1_stack.a(ll_isr.o)
    0x200003a0   0x1006305c   0x00000002   Data   RW         4969    .data               libbluenrg1_stack.a(ll_routines_master.o)
    0x200003a2   0x1006305e   0x00000002   PAD
    0x200003a4   0x10063060   0x00000004   Data   RW         5478    .data               libbluenrg1_stack.a(mem_alloc.o)
    0x200003a8   0x10063064   0x00000002   Data   RW         5532    .data               libbluenrg1_stack.a(pka.o)
    0x200003aa   0x10063066   0x00000002   PAD
    0x200003ac   0x10063068   0x00000004   Data   RW         5728    .data               libbluenrg1_stack.a(smp_common.o)
    0x200003b0        -       0x00000020   Zero   RW         2406    .bss                system_bluenrg1.o
    0x200003d0        -       0x0000000e   Zero   RW         2743    .bss                dtm_boot.o
    0x200003de   0x1006306c   0x00000002   PAD
    0x200003e0        -       0x00000028   Zero   RW         2813    .bss                dtm_burst.o
    0x20000408        -       0x00000206   Zero   RW         4352    .bss                hci_parser.o
    0x2000060e   0x1006306c   0x00000002   PAD
    0x20000610        -       0x00000742   Zero   RW         4489    .bss                transport_layer.o
    0x20000d52        -       0x00000010   Zero   RW         4926    .bss                libbluenrg1_stack.a(ll_privacy.o)
    0x20000d62   0x1006306c   0x00000002   PAD
    0x20000d64        -       0x00000034   Zero   RW         5477    .bss                libbluenrg1_stack.a(mem_alloc.o)


    Execution Region REGION_RAM3 (Exec base: 0x20000d98, Load base: 0x1006306c, Size: 0x00004578, Max: 0x00005d34, ABSOLUTE, UNINIT)

    Exec Addr    Load Addr    Size         Type   Attr      Idx    E Section Name        Object

    0x20000d98        -       0x00004578   Zero   RW         2746    .noinit.data        dtm_boot.o


    Execution Region ARM_LIB_STACKHEAP (Exec base: 0x20005400, Load base: 0x1006306c, Size: 0x00000c00, Max: 0x00000c00, ABSOLUTE)

    Exec Addr    Load Addr    Size         Type   Attr      Idx    E Section Name        Object

    0x20005400        -       0x00000c00   Zero   RW            2    ARM_LIB_STACKHEAP.bss  anon$$obj.o


==============================================================================

Image component sizes


      Code (inc. data)   RO Data    RW Data    ZI Data      Debug   Object Name

       154          4          0          0          0       6068   bluenrg1_dma.o
       116         34          0          0          0       2414   bluenrg1_flash.o
       374         12          0          0          0       6474   bluenrg1_gpio.o
       160         34         24          4          0      12085   bluenrg1_it.o
       392         86          0          1          0       5893   bluenrg1_pka.o
       324         54          0          0          0       6400   bluenrg1_spi.o
       176         20          0          0          0       1616   bluenrg1_sysctrl.o
       486         46          0          0          0       6559   bluenrg1_uart.o
        36         10          0          0          0       1141   bluenrg1_wdg.o
       104         16          0          0          0       3345   cmd.o
       160         36          0          0          0        544   context_switch.o
       672         98         12         81      19902       7794   dtm_boot.o
       636         60          0          0         40      10480   dtm_burst.o
     17656          0       1312          0          0     262098   dtm_cmd_db.o
       318         32          3          0          0       7767   dtm_cmds.o
       128          6          0          0          0        687   dtm_main.o
         0          0       4096          0          0      28314   dtm_updater_uart.o
       430          0          0          0          0       9418   fifo.o
       418         20          0         10        518       4618   hci_parser.o
      1472        106         92          4          0       7731   hw_config.o
       164         18          0          0          0       7636   misc.o
       236         42          0          0         40      12309   miscutil.o
        24          0          0          0          0       1994   osal.o
         0          0          0          0          0      26453   sleep.o
       874          0          0          0          0      66370   stack_user_cfg.o
       446         58        192        564         32      23604   system_bluenrg1.o
      1648        212         36         24       1858      21639   transport_layer.o

    ----------------------------------------------------------------------
     27722       1004       5928        696      27514     551451   Object Totals
         0          0        160          0       5120          0   (incl. Generated)
       118          0          1          8          4          0   (incl. Padding)

    ----------------------------------------------------------------------

      Code (inc. data)   RO Data    RW Data    ZI Data      Debug   Library Member Name

      3008        274        284          0          0          0   aci_events.o
       472         44          0          0          0          0   acl.o
       268          0          0          0          0          0   acl_list.o
      1660         40          0          0          0          0   advance_wakeup_time.o
       184          0          0          0          0          0   aes128cmac.o
      5796         94         16          0          0          0   att.o
      1448         28          0          0          0          0   bluenrg_gap_aci.o
      1010          4          0          0          0          0   bluenrg_gatt_aci.o
       384         32          0          0          0          0   bluenrg_hal_aci.o
        66          0          0          0          0          0   bluenrg_l2cap_aci.o
      1024        106          0          0          0          0   bluenrg_main_func.o
        88         10          0          0          0          0   bluenrg_main_func_speed.o
       296         18          0          0          0          0   device_id_data.o
      3530        174          0          0          0          0   gap.o
      6714        216          0          0          0          0   gatt_client.o
     10080        396          0          0          0          0   gatt_server.o
       926         56          0          0          0          0   hal.o
      3060        162          0          0          0          0   hci.o
       258          0          0          0          0          0   hci_privacy.o
       890        106          0          0          0          0   host_timer.o
       500         32          0          0          0          0   isr_postproc.o
       792         36          0          0          0          0   isr_routines.o
      2258         66          0          0          0          0   l2cap.o
      7960        312         26         72          0          0   ll_isr.o
      6130        258          0          0         16          0   ll_privacy.o
      1788        134          0          0          0          0   ll_routines.o
      4796        152          0          2          0          0   ll_routines_master.o
       376         42          0          0          0          0   ll_routines_support.o
       840         28          0          4         52          0   mem_alloc.o
      1122          0          0          0          0          0   mem_buff.o
      3724        148          0          0          0          0   multi_master_time.o
        76         16          0          0          0          0   nvm.o
       208         20         64          2          0          0   pka.o
       690         42          0          0          0          0   pm.o
      1448         10          0          0          0          0   rom_att.o
      1082         46          0          0          0          0   rom_gap.o
       538         48          0          0          0          0   rom_gap_rom.o
       218          8          0          0          0          0   rom_gatt_server.o
       114          0          0          0          0          0   rom_list.o
       330          8          0          0          0          0   rom_ll_isr_postproc.o
      1420         64          0          0          0          0   rom_ll_isr_routines.o
      3400        220          0          0          0          0   rom_ll_ll_routines.o
      1074         84          0          0          0          0   rom_ll_ll_routines_master.o
      1376        120          0          0          0          0   rom_ll_routines_support.o
       316         44         16          0          0          0   rom_ll_timehandling.o
      1394         48          0          0          0          0   routines_support.o
      2918         88          0          0          0          0   sdb.o
      6266        170         25          0          0          0   securitymgr.o
      1328         88         16          0          0          0   smp_algo_sap.o
      4334        194          0          4          0          0   smp_common.o
       112          4          0          0          0          0   smp_scv42_api.o
      1666        100         96          0          0          0   smp_scv42_caf.o
       210         14          0          0          0          0   smp_scv42_sap.o
        76          0          0          0          0          0   utils.o
      1998         30        296          0          0        608   crypto.o
        86          0          0          0          0          0   __dczerorl2.o
         0          0          0          0          0          0   entry.o
         0          0          0          0          0          0   entry10a.o
         0          0          0          0          0          0   entry11a.o
         4          0          0          0          0          0   entry12b.o
         8          4          0          0          0          0   entry3.o
         4          0          0          0          0          0   entry5.o
         0          0          0          0          0          0   entry7b.o
         0          0          0          0          0          0   entry8b.o
         8          4          0          0          0          0   entry9a.o
        30          0          0          0          0          0   handlers.o
        36          8          0          0          0         68   init.o
        26          0          0          0          0         72   memcmp.o
        66          0          0          0          0         68   memmove.o
        36          0          0          0          0        100   memseta.o
        44          0          0          0          0         72   uidiv.o
        20          0          0          0          0         60   uread4.o
        28          0          0          0          0         68   uread8.o
        18          0          0          0          0         60   uwrite4.o
        30          0          0          0          0         72   uwrite8.o

    ----------------------------------------------------------------------
    104610       4450        844         88         70       1248   Library Totals
       126          0          5          4          2          0   (incl. Padding)

    ----------------------------------------------------------------------

      Code (inc. data)   RO Data    RW Data    ZI Data      Debug   Library Name

    102042       4404        543         84         68          0   libbluenrg1_stack.a
      1998         30        296          0          0        608   libcrypto.a
       444         16          0          0          0        640   mc_p.l

    ----------------------------------------------------------------------
    104610       4450        844         88         70       1248   Library Totals

    ----------------------------------------------------------------------

==============================================================================


      Code (inc. data)   RO Data    RW Data    ZI Data      Debug   

    132332       5454       6772        784      27584     532111   Grand Totals
    132332       5454       6772        268      27584     532111   ELF Image Totals (compressed)
    132332       5454       6772        268          0          0   ROM Totals

==============================================================================

    Total RO  Size (Code + RO Data)               139104 ( 135.84kB)
    Total RW  Size (RW Data + ZI Data)             28368 (  27.70kB)
    Total ROM Size (Code + RO Data + RW Data)     139372 ( 136.11kB)

==============================================================================

