Component: ARM Compiler 5.06 update 7 (build 960) Tool: armlink [4d3601]

==============================================================================

Section Cross References

    clock.o(i.Clock_Time) refers to clock.o(.data) for .data
    clock.o(i.Clock_Wait) refers to clock.o(.data) for .data
    clock.o(i.SysCount_Handler) refers to clock.o(.data) for .data
    context_switch.o(. text) refers to system_bluenrg1.o(.savedMSP) for savedMSP
    context_switch.o(. text) refers to system_bluenrg1.o(.data) for savedICSR
    context_switch.o(. text) refers to system_bluenrg1.o(.data) for savedSHCSR
    context_switch.o(. text) refers to system_bluenrg1.o(.data) for savedNVIC_ISPR
    miscutil.o(i.BLEPLAT_get_part_info) refers to miscutil.o(i.HAL_GetPartInfo) for HAL_GetPartInfo
    miscutil.o(i.HAL_CrashHandler) refers to miscutil.o(.__crash_RAM) for .__crash_RAM
    miscutil.o(i.HAL_GetCrashInfo) refers to memmove.o(.text) for __aeabi_memcpy4
    miscutil.o(i.HAL_GetCrashInfo) refers to miscutil.o(.__crash_RAM) for .__crash_RAM
    osal.o(i.Osal_MemCmp) refers to memcmp.o(.text) for memcmp
    osal.o(i.Osal_MemCpy) refers to memmove.o(.text) for memcpy
    osal.o(i.Osal_MemSet) refers to memseta.o(.text) for memset
    sleep.o(i.BlueNRG_InternalSleep) refers to miscutil.o(i.HAL_GetPartInfo) for HAL_GetPartInfo
    sleep.o(i.BlueNRG_InternalSleep) refers to system_bluenrg1.o(i.SET_BORconfigStatus) for SET_BORconfigStatus
    sleep.o(i.BlueNRG_InternalSleep) refers to misc.o(i.SystemSleepCmd) for SystemSleepCmd
    sleep.o(i.BlueNRG_InternalSleep) refers to context_switch.o(. text) for CS_contextSave
    sleep.o(i.BlueNRG_InternalSleep) refers to system_bluenrg1.o(.intvec) for __vector_table
    sleep.o(i.BlueNRG_InternalSleep) refers to sleep.o(.data) for .data
    sleep.o(i.BlueNRG_InternalSleep) refers to sleep.o(.bss) for .bss
    sleep.o(i.BlueNRG_InternalSleep) refers to system_bluenrg1.o(.flash_sw_lock) for flash_sw_lock
    sleep.o(i.BlueNRG_InternalSleep) refers to system_bluenrg1.o(.rfTimeout) for rfTimeout
    sleep.o(i.BlueNRG_InternalSleep) refers to system_bluenrg1.o(.wakeupFromSleepFlag) for wakeupFromSleepFlag
    sleep.o(i.BlueNRG_InternalSleep) refers to system_bluenrg1.o(i.DeviceConfiguration) for DeviceConfiguration
    sleep.o(i.BlueNRG_InternalSleep) refers to bluenrg1_sysctrl.o(i.SysCtrl_GetWakeupResetReason) for SysCtrl_GetWakeupResetReason
    sleep.o(i.BlueNRG_InternalSleep) refers to system_bluenrg1.o(.data) for savedNVIC_ISPR
    sleep.o(i.BlueNRG_InternalSleep) refers to system_bluenrg1.o(.data) for savedSHCSR
    sleep.o(i.BlueNRG_InternalSleep) refers to system_bluenrg1.o(.data) for savedICSR
    sleep.o(i.BlueNRG_InternalSleep) refers to system_bluenrg1.o(.bss.__blue_RAM) for __blue_RAM
    sleep.o(i.BlueNRG_Sleep) refers to bluenrg_main_func_speed.o(i.BlueNRG_Stack_Perform_Deep_Sleep_Check) for BlueNRG_Stack_Perform_Deep_Sleep_Check
    sleep.o(i.BlueNRG_Sleep) refers to sleep.o(i.HAL_VTIMER_TimerSleepCheck) for HAL_VTIMER_TimerSleepCheck
    sleep.o(i.BlueNRG_Sleep) refers to sensordemo_central_role_main.o(i.App_SleepMode_Check) for App_SleepMode_Check
    sleep.o(i.BlueNRG_Sleep) refers to sleep.o(i.BlueNRG_InternalSleep) for BlueNRG_InternalSleep
    sleep.o(i.BlueNRG_Sleep) refers to system_bluenrg1.o(.wakeupFromSleepFlag) for wakeupFromSleepFlag
    sleep.o(i.BlueNRG_Sleep) refers to sleep.o(.bss) for .bss
    bluenrg1_adc.o(i.ADC_CompensateOutputValue) refers to fmul.o(.text) for __aeabi_fmul
    bluenrg1_adc.o(i.ADC_CompensateOutputValue) refers to fadd.o(.text) for __aeabi_fsub
    bluenrg1_adc.o(i.ADC_CompensateOutputValue) refers to bluenrg1_adc.o(.data) for .data
    bluenrg1_adc.o(i.ADC_ConvertBatterySensor) refers to bluenrg1_adc.o(i.ADC_ConvertSingleEndedVoltage) for ADC_ConvertSingleEndedVoltage
    bluenrg1_adc.o(i.ADC_ConvertBatterySensor) refers to fmul.o(.text) for __aeabi_fmul
    bluenrg1_adc.o(i.ADC_ConvertDifferentialVoltage) refers to ffltui.o(.text) for __aeabi_ui2f
    bluenrg1_adc.o(i.ADC_ConvertDifferentialVoltage) refers to fflti.o(.text) for __aeabi_i2f
    bluenrg1_adc.o(i.ADC_ConvertDifferentialVoltage) refers to fdiv.o(.text) for __aeabi_fdiv
    bluenrg1_adc.o(i.ADC_ConvertDifferentialVoltage) refers to fadd.o(.text) for __aeabi_fadd
    bluenrg1_adc.o(i.ADC_ConvertDifferentialVoltage) refers to fmul.o(.text) for __aeabi_fmul
    bluenrg1_adc.o(i.ADC_ConvertSingleEndedVoltage) refers to fflti.o(.text) for __aeabi_i2f
    bluenrg1_adc.o(i.ADC_ConvertSingleEndedVoltage) refers to ffltui.o(.text) for __aeabi_ui2f
    bluenrg1_adc.o(i.ADC_ConvertSingleEndedVoltage) refers to fadd.o(.text) for __aeabi_fadd
    bluenrg1_adc.o(i.ADC_ConvertSingleEndedVoltage) refers to f2d.o(.text) for __aeabi_f2d
    bluenrg1_adc.o(i.ADC_ConvertSingleEndedVoltage) refers to fdiv.o(.text) for __aeabi_fdiv
    bluenrg1_adc.o(i.ADC_ConvertSingleEndedVoltage) refers to fmul.o(.text) for __aeabi_fmul
[...]
    0x1004c6d4   0x1004c6d4   0x000001e4   Code   RO         5241    i.Read_By_Grp_Type_Resp  libbluenrg1_stack.a(att.o)
    0x1004c8b8   0x1004c8b8   0x000002d4   Code   RO         5242    i.Read_By_Type_Resp  libbluenrg1_stack.a(att.o)
    0x1004cb8c   0x1004cb8c   0x00000194   Code   RO         5243    i.Read_Multi_Resp   libbluenrg1_stack.a(att.o)
    0x1004cd20   0x1004cd20   0x0000012a   Code   RO         5244    i.Read_Resp         libbluenrg1_stack.a(att.o)
    0x1004ce4a   0x1004ce4a   0x00000002   PAD
    0x1004ce4c   0x1004ce4c   0x0000016c   Code   RO         5052    i.SDB_Add_Record    libbluenrg1_stack.a(sdb.o)
    0x1004cfb8   0x1004cfb8   0x00000020   Code   RO         5053    i.SDB_Clear         libbluenrg1_stack.a(sdb.o)
    0x1004cfd8   0x1004cfd8   0x0000008c   Code   RO         5054    i.SDB_Find_Matching_LTK  libbluenrg1_stack.a(sdb.o)
    0x1004d064   0x1004d064   0x000000a8   Code   RO         5055    i.SDB_Find_Record   libbluenrg1_stack.a(sdb.o)
    0x1004d10c   0x1004d10c   0x00000038   Code   RO         5057    i.SDB_Get_Number_Of_Valid_Records  libbluenrg1_stack.a(sdb.o)
    0x1004d144   0x1004d144   0x000000b8   Code   RO         5058    i.SDB_flash_write_client_data  libbluenrg1_stack.a(sdb.o)
    0x1004d1fc   0x1004d1fc   0x000000d8   Code   RO         5059    i.SDB_get_security_data_record  libbluenrg1_stack.a(sdb.o)
    0x1004d2d4   0x1004d2d4   0x00000044   Code   RO         5060    i.SDB_read_peer_bonded_data  libbluenrg1_stack.a(sdb.o)
    0x1004d318   0x1004d318   0x0000003c   Code   RO         3129    i.SET_BORconfigStatus  system_bluenrg1.o
    0x1004d354   0x1004d354   0x00000028   Code   RO         5075    i.SMA_Diversify     libbluenrg1_stack.a(smp_algo_sap.o)
    0x1004d37c   0x1004d37c   0x00000024   Code   RO         5076    i.SMA_Generate_CSRK  libbluenrg1_stack.a(smp_algo_sap.o)
    0x1004d3a0   0x1004d3a0   0x00000028   Code   RO         5077    i.SMA_Generate_IRK  libbluenrg1_stack.a(smp_algo_sap.o)
    0x1004d3c8   0x1004d3c8   0x00000026   Code   RO         5078    i.SMA_LP_s1_Generate_STK  libbluenrg1_stack.a(smp_algo_sap.o)
    0x1004d3ee   0x1004d3ee   0x00000050   Code   RO         5079    i.SMA_SC_Gen_f4_Confirm  libbluenrg1_stack.a(smp_algo_sap.o)
    0x1004d43e   0x1004d43e   0x00000002   PAD
    0x1004d440   0x1004d440   0x000000e0   Code   RO         5080    i.SMA_SC_Gen_f5_Keys  libbluenrg1_stack.a(smp_algo_sap.o)
    0x1004d520   0x1004d520   0x00000084   Code   RO         5081    i.SMA_SC_Gen_f6_Check_Val  libbluenrg1_stack.a(smp_algo_sap.o)
    0x1004d5a4   0x1004d5a4   0x00000058   Code   RO         5082    i.SMA_SC_Gen_g2_NumComp_Val  libbluenrg1_stack.a(smp_algo_sap.o)
    0x1004d5fc   0x1004d5fc   0x00000074   Code   RO         5083    i.SMA_generate_EDIV_recovery_DIV  libbluenrg1_stack.a(smp_algo_sap.o)
    0x1004d670   0x1004d670   0x00000034   Code   RO         5144    i.SMP_ACI_sc_numeric_comparison_response  libbluenrg1_stack.a(smp_scv42_api.o)
    0x1004d6a4   0x1004d6a4   0x00000044   Code   RO         5093    i.SMP_Init          libbluenrg1_stack.a(smp_common.o)
    0x1004d6e8   0x1004d6e8   0x0000015c   Code   RO         3942    i.SMP_MI_PairingRequest_Send  libbluenrg1_stack.a(securitymgr.o)
    0x1004d844   0x1004d844   0x00000194   Code   RO         3943    i.SMP_Process_Q     libbluenrg1_stack.a(securitymgr.o)
    0x1004d9d8   0x1004d9d8   0x00000044   Code   RO         5094    i.SMP_Protocol_Timer_cb  libbluenrg1_stack.a(smp_common.o)
    0x1004da1c   0x1004da1c   0x00000030   Code   RO         5096    i.SMP_aci_passkey_response  libbluenrg1_stack.a(smp_common.o)
    0x1004da4c   0x1004da4c   0x000000f8   Code   RO         5098    i.SMP_acl_data_hndl  libbluenrg1_stack.a(smp_common.o)
    0x1004db44   0x1004db44   0x00000020   Code   RO         5101    i.SMP_check_encryption_key_size  libbluenrg1_stack.a(smp_common.o)
    0x1004db64   0x1004db64   0x00000048   Code   RO         5102    i.SMP_check_is_device_bonded  libbluenrg1_stack.a(smp_common.o)
    0x1004dbac   0x1004dbac   0x00000094   Code   RO         5103    i.SMP_connection_complete_handler  libbluenrg1_stack.a(smp_common.o)
    0x1004dc40   0x1004dc40   0x0000001c   Code   RO         5104    i.SMP_forget_device_by_conn_handle  libbluenrg1_stack.a(smp_common.o)
    0x1004dc5c   0x1004dc5c   0x0000002e   Code   RO         5105    i.SMP_get_link_status  libbluenrg1_stack.a(smp_common.o)
    0x1004dc8a   0x1004dc8a   0x00000002   PAD
    0x1004dc8c   0x1004dc8c   0x0000004c   Code   RO         5106    i.SMP_get_remote_device_list_item  libbluenrg1_stack.a(smp_common.o)
    0x1004dcd8   0x1004dcd8   0x00000040   Code   RO         5108    i.SMP_hci_disconnection_complete_evt_hndl  libbluenrg1_stack.a(smp_common.o)
    0x1004dd18   0x1004dd18   0x00000130   Code   RO         5109    i.SMP_hci_encryption_change_evt_hndl  libbluenrg1_stack.a(smp_common.o)
    0x1004de48   0x1004de48   0x0000002e   Code   RO         5110    i.SMP_hci_le_connection_complete_evt_hndl  libbluenrg1_stack.a(smp_common.o)
    0x1004de76   0x1004de76   0x00000052   Code   RO         5111    i.SMP_hci_le_enhanced_connection_complete_evt_hndl  libbluenrg1_stack.a(smp_common.o)
    0x1004dec8   0x1004dec8   0x00000038   Code   RO         5112    i.SMP_hci_le_long_term_key_request_evt_hndl  libbluenrg1_stack.a(smp_common.o)
    0x1004df00   0x1004df00   0x00000078   Code   RO         5113    i.SMP_repeated_attacks_timer_cb  libbluenrg1_stack.a(smp_common.o)
    0x1004df78   0x1004df78   0x00000040   Code   RO         5114    i.SMP_reset_timer   libbluenrg1_stack.a(smp_common.o)
    0x1004dfb8   0x1004dfb8   0x00000022   Code   RO         4031    i.SMP_sc_force_debug_key_usage  libbluenrg1_stack.a(smp_scv42_sap.o)
    0x1004dfda   0x1004dfda   0x00000002   PAD
    0x1004dfdc   0x1004dfdc   0x00000028   Code   RO         5115    i.SMP_set_authentication_req  libbluenrg1_stack.a(smp_common.o)
    0x1004e004   0x1004e004   0x0000003c   Code   RO         5117    i.SMP_set_io_capabilities  libbluenrg1_stack.a(smp_common.o)
    0x1004e040   0x1004e040   0x0000007a   Code   RO         5119    i.SMP_validate_signed_packet  libbluenrg1_stack.a(smp_common.o)
    0x1004e0ba   0x1004e0ba   0x0000004e   Code   RO         5084    i.SM_Generate_Resolvable_Private_Address  libbluenrg1_stack.a(smp_algo_sap.o)
    0x1004e108   0x1004e108   0x00000022   Code   RO         5085    i.SM_Resolve_Private_Address  libbluenrg1_stack.a(smp_algo_sap.o)
    0x1004e12a   0x1004e12a   0x00000002   Code   RO         3130    i.SPI_Handler       system_bluenrg1.o
    0x1004e12c   0x1004e12c   0x00000002   Code   RO         3331    i.SVC_Handler       bluenrg1_it.o
    0x1004e12e   0x1004e12e   0x00000002   PAD
    0x1004e130   0x1004e130   0x0000001c   Code   RO         2172    i.SdkEvalComIOConfig  sdk_eval_com.o
    0x1004e14c   0x1004e14c   0x0000001a   Code   RO         2173    i.SdkEvalComIOProcessInputData  sdk_eval_com.o
    0x1004e166   0x1004e166   0x00000014   Code   RO         2176    i.SdkEvalComIOTxFifoNotEmpty  sdk_eval_com.o
    0x1004e17a   0x1004e17a   0x00000010   Code   RO         2178    i.SdkEvalComUARTBusy  sdk_eval_com.o
    0x1004e18a   0x1004e18a   0x00000002   PAD
    0x1004e18c   0x1004e18c   0x000000a0   Code   RO         2179    i.SdkEvalComUartInit  sdk_eval_com.o
    0x1004e22c   0x1004e22c   0x00000020   Code   RO         2180    i.SdkEvalComUartIrqConfig  sdk_eval_com.o
    0x1004e24c   0x1004e24c   0x0000000c   Code   RO         2282    i.SdkEvalGetVersion  sdk_eval_config.o
    0x1004e258   0x1004e258   0x0000000c   Code   RO         2283    i.SdkEvalIdentification  sdk_eval_config.o
    0x1004e264   0x1004e264   0x00000016   Code   RO         2181    i.SdkEvalUart_Send_Data  sdk_eval_com.o
    0x1004e27a   0x1004e27a   0x00000002   PAD
    0x1004e27c   0x1004e27c   0x00000050   Code   RO         4831    i.Select_Next_Notification_Client  libbluenrg1_stack.a(gatt_server.o)
    0x1004e2cc   0x1004e2cc   0x0000004c   Code   RO         4832    i.Send_Notif_Or_Ind  libbluenrg1_stack.a(gatt_server.o)
    0x1004e318   0x1004e318   0x00000050   Code   RO         3763    i.Set_Host_Timer_value  libbluenrg1_stack.a(host_timer.o)
    0x1004e368   0x1004e368   0x00000048   Code   RO         3132    i.Set_RF_FrontEnd   system_bluenrg1.o
    0x1004e3b0   0x1004e3b0   0x00000024   Code   RO         5279    i.Start_Gatt_Timer  libbluenrg1_stack.a(rom_gatt_server.o)
    0x1004e3d4   0x1004e3d4   0x0000001c   Code   RO         5280    i.Stop_Gatt_Timer   libbluenrg1_stack.a(rom_gatt_server.o)
    0x1004e3f0   0x1004e3f0   0x00000010   Code   RO            8    i.SysCount_Handler  clock.o
    0x1004e400   0x1004e400   0x00000098   Code   RO         1417    i.SysCtrl_GetWakeupResetReason  bluenrg1_sysctrl.o
    0x1004e498   0x1004e498   0x00000018   Code   RO         1418    i.SysCtrl_PeripheralClockCmd  bluenrg1_sysctrl.o
    0x1004e4b0   0x1004e4b0   0x00000008   Code   RO         3332    i.SysTick_Handler   bluenrg1_it.o
    0x1004e4b8   0x1004e4b8   0x000000b8   Code   RO         3134    i.SystemInit        system_bluenrg1.o
    0x1004e570   0x1004e570   0x00000018   Code   RO         1709    i.SystemSleepCmd    misc.o
    0x1004e588   0x1004e588   0x0000007c   Code   RO         3764    i.TimerCallback     libbluenrg1_stack.a(host_timer.o)
    0x1004e604   0x1004e604   0x00000014   Code   RO         3765    i.Timer_ExpiryCallback  libbluenrg1_stack.a(host_timer.o)
    0x1004e618   0x1004e618   0x00000034   Code   RO         3766    i.Timer_Init        libbluenrg1_stack.a(host_timer.o)
    0x1004e64c   0x1004e64c   0x0000011c   Code   RO         3767    i.Timer_ProcessQ    libbluenrg1_stack.a(host_timer.o)
    0x1004e768   0x1004e768   0x00000022   Code   RO         3768    i.Timer_StartOneShot  libbluenrg1_stack.a(host_timer.o)
    0x1004e78a   0x1004e78a   0x00000002   PAD
    0x1004e78c   0x1004e78c   0x00000074   Code   RO         3769    i.Timer_StartOneShot_sysTime32  libbluenrg1_stack.a(host_timer.o)
    0x1004e800   0x1004e800   0x00000058   Code   RO         3770    i.Timer_StopOneShot  libbluenrg1_stack.a(host_timer.o)
    0x1004e858   0x1004e858   0x00000024   Code   RO         3772    i.Timer_sysTime32_convMachineTime  libbluenrg1_stack.a(host_timer.o)
    0x1004e87c   0x1004e87c   0x0000001c   Code   RO         1463    i.UART_Cmd          bluenrg1_uart.o
    0x1004e898   0x1004e898   0x0000001c   Code   RO         1466    i.UART_GetFlagStatus  bluenrg1_uart.o
    0x1004e8b4   0x1004e8b4   0x00000002   Code   RO         3333    i.UART_Handler      bluenrg1_it.o
    0x1004e8b6   0x1004e8b6   0x00000002   PAD
    0x1004e8b8   0x1004e8b8   0x00000018   Code   RO         1468    i.UART_ITConfig     bluenrg1_uart.o
    0x1004e8d0   0x1004e8d0   0x00000138   Code   RO         1469    i.UART_Init         bluenrg1_uart.o
    0x1004ea08   0x1004ea08   0x00000018   Code   RO         1474    i.UART_RxFifoIrqLevelConfig  bluenrg1_uart.o
    0x1004ea20   0x1004ea20   0x00000010   Code   RO         1476    i.UART_SendData     bluenrg1_uart.o
    0x1004ea30   0x1004ea30   0x00000002   Code   RO         3136    i.WDG_Handler       system_bluenrg1.o
    0x1004ea32   0x1004ea32   0x0000000a   Code   RO         5038    i.WindowWiden1      libbluenrg1_stack.a(rom_ll_timehandling.o)
    0x1004ea3c   0x1004ea3c   0x00000010   Code   RO         5039    i.WindowWiden2      libbluenrg1_stack.a(rom_ll_timehandling.o)
    0x1004ea4c   0x1004ea4c   0x000001bc   Code   RO         5062    i.Write_Client_Data  libbluenrg1_stack.a(sdb.o)
    0x1004ec08   0x1004ec08   0x0000012c   Code   RO         5245    i.Write_Cmd         libbluenrg1_stack.a(att.o)
    0x1004ed34   0x1004ed34   0x0000013c   Code   RO         5246    i.Write_Resp        libbluenrg1_stack.a(att.o)
    0x1004ee70   0x1004ee70   0x000000e8   Code   RO         3636    i._BlueNRG_Stack_Initialization  libbluenrg1_stack.a(bluenrg_main_func.o)
    0x1004ef58   0x1004ef58   0x0000006c   Code   RO         3672    i._GAP_Parse_Advertising_Report  libbluenrg1_stack.a(gap.o)
    0x1004efc4   0x1004efc4   0x00000020   Code   RO         5542    i.__0printf$8       mc_p.l(printf8.o)
    0x1004efe4   0x1004efe4   0x0000001a   Code   RO         3792    i.__ARM_common_memcpy1_6  libbluenrg1_stack.a(ll_isr.o)
    0x1004effe   0x1004effe   0x0000001a   Code   RO         2100    i.__ARM_common_switch8  lsm6ds3.o
    0x1004f018   0x1004f018   0x000000c0   Code   RO         3138    i.__low_level_init  system_bluenrg1.o
    0x1004f0d8   0x1004f0d8   0x0000000e   Code   RO         5663    i.__scatterload_copy  mc_p.l(handlers.o)
    0x1004f0e6   0x1004f0e6   0x00000002   Code   RO         5664    i.__scatterload_null  mc_p.l(handlers.o)
    0x1004f0e8   0x1004f0e8   0x0000000e   Code   RO         5665    i.__scatterload_zeroinit  mc_p.l(handlers.o)
    0x1004f0f6   0x1004f0f6   0x00000002   PAD
    0x1004f0f8   0x1004f0f8   0x00000428   Code   RO         5549    i._printf_core      mc_p.l(printf8.o)
    0x1004f520   0x1004f520   0x00000020   Code   RO         5550    i._printf_post_padding  mc_p.l(printf8.o)
    0x1004f540   0x1004f540   0x0000002c   Code   RO         5551    i._printf_pre_padding  mc_p.l(printf8.o)
    0x1004f56c   0x1004f56c   0x00000002   Code   RO         4487    i.aci_att_exchange_mtu_resp_event  libbluenrg1_stack.a(aci_events.o)
    0x1004f56e   0x1004f56e   0x00000002   Code   RO         4488    i.aci_att_exec_write_resp_event  libbluenrg1_stack.a(aci_events.o)
    0x1004f570   0x1004f570   0x00000002   Code   RO         4489    i.aci_att_find_by_type_value_resp_event  libbluenrg1_stack.a(aci_events.o)
    0x1004f572   0x1004f572   0x00000002   PAD
    0x1004f574   0x1004f574   0x00000078   Code   RO         4773    i.aci_att_find_by_type_value_resp_event_push  libbluenrg1_stack.a(gatt_client.o)
    0x1004f5ec   0x1004f5ec   0x00000008   Code   RO         1740    i.aci_att_find_info_resp_event  master_events_cb.o
    0x1004f5f4   0x1004f5f4   0x0000007c   Code   RO         4774    i.aci_att_find_info_resp_event_push  libbluenrg1_stack.a(gatt_client.o)
    0x1004f670   0x1004f670   0x00000002   Code   RO         4491    i.aci_att_prepare_write_resp_event  libbluenrg1_stack.a(aci_events.o)
    0x1004f672   0x1004f672   0x00000008   Code   RO         1741    i.aci_att_read_blob_resp_event  master_events_cb.o
    0x1004f67a   0x1004f67a   0x00000002   PAD
    0x1004f67c   0x1004f67c   0x00000074   Code   RO         4776    i.aci_att_read_blob_resp_event_push  libbluenrg1_stack.a(gatt_client.o)
    0x1004f6f0   0x1004f6f0   0x00000008   Code   RO         1742    i.aci_att_read_by_group_type_resp_event  master_events_cb.o
    0x1004f6f8   0x1004f6f8   0x0000007c   Code   RO         4777    i.aci_att_read_by_group_type_resp_event_push  libbluenrg1_stack.a(gatt_client.o)
    0x1004f774   0x1004f774   0x00000008   Code   RO         1743    i.aci_att_read_by_type_resp_event  master_events_cb.o
    0x1004f77c   0x1004f77c   0x0000007c   Code   RO         4778    i.aci_att_read_by_type_resp_event_push  libbluenrg1_stack.a(gatt_client.o)
    0x1004f7f8   0x1004f7f8   0x00000002   Code   RO         4495    i.aci_att_read_multiple_resp_event  libbluenrg1_stack.a(aci_events.o)
    0x1004f7fa   0x1004f7fa   0x00000002   PAD
    0x1004f7fc   0x1004f7fc   0x00000074   Code   RO         4779    i.aci_att_read_multiple_resp_event_push  libbluenrg1_stack.a(gatt_client.o)
    0x1004f870   0x1004f870   0x00000008   Code   RO         1744    i.aci_att_read_resp_event  master_events_cb.o
    0x1004f878   0x1004f878   0x00000074   Code   RO         4780    i.aci_att_read_resp_event_push  libbluenrg1_stack.a(gatt_client.o)
    0x1004f8ec   0x1004f8ec   0x00000002   Code   RO         4497    i.aci_att_write_resp_event  libbluenrg1_stack.a(aci_events.o)
    0x1004f8ee   0x1004f8ee   0x00000002   PAD
    0x1004f8f0   0x1004f8f0   0x00000028   Code   RO         4498    i.aci_event_fifo_push  libbluenrg1_stack.a(aci_events.o)
    0x1004f918   0x1004f918   0x000000bc   Code   RO         4499    i.aci_event_fifo_push_header  libbluenrg1_stack.a(aci_events.o)
    0x1004f9d4   0x1004f9d4   0x00000002   Code   RO         4500    i.aci_gap_addr_not_resolved_event  libbluenrg1_stack.a(aci_events.o)
    0x1004f9d6   0x1004f9d6   0x00000002   Code   RO         4501    i.aci_gap_authorization_req_event  libbluenrg1_stack.a(aci_events.o)
    0x1004f9d8   0x1004f9d8   0x00000054   Code   RO         5120    i.aci_gap_authorization_req_event_push  libbluenrg1_stack.a(smp_common.o)
    0x1004fa2c   0x1004fa2c   0x00000002   Code   RO         4502    i.aci_gap_bond_lost_event  libbluenrg1_stack.a(aci_events.o)
    0x1004fa2e   0x1004fa2e   0x00000008   Code   RO         3582    i.aci_gap_clear_security_db  libbluenrg1_stack.a(bluenrg_gap_aci.o)
    0x1004fa36   0x1004fa36   0x00000020   Code   RO         2582    i.aci_gap_create_connection  stack_user_cfg.o
    0x1004fa56   0x1004fa56   0x0000005a   Code   RO         3584    i.aci_gap_create_connection_api  libbluenrg1_stack.a(bluenrg_gap_aci.o)
    0x1004fab0   0x1004fab0   0x00000002   Code   RO         4503    i.aci_gap_device_found_event  libbluenrg1_stack.a(aci_events.o)
    0x1004fab2   0x1004fab2   0x00000030   Code   RO         3589    i.aci_gap_init      libbluenrg1_stack.a(bluenrg_gap_aci.o)
    0x1004fae2   0x1004fae2   0x00000002   Code   RO         4504    i.aci_gap_keypress_notification_event  libbluenrg1_stack.a(aci_events.o)
    0x1004fae4   0x1004fae4   0x00000002   Code   RO         4505    i.aci_gap_limited_discoverable_event  libbluenrg1_stack.a(aci_events.o)
    0x1004fae6   0x1004fae6   0x00000002   PAD
    0x1004fae8   0x1004fae8   0x00000050   Code   RO         3674    i.aci_gap_limited_discoverable_event_push  libbluenrg1_stack.a(gap.o)
    0x1004fb38   0x1004fb38   0x00000008   Code   RO         2583    i.aci_gap_numeric_comparison_value_confirm_yesno  stack_user_cfg.o
    0x1004fb40   0x1004fb40   0x00000014   Code   RO         3591    i.aci_gap_numeric_comparison_value_confirm_yesno_api  libbluenrg1_stack.a(bluenrg_gap_aci.o)
    0x1004fb54   0x1004fb54   0x00000008   Code   RO         1745    i.aci_gap_numeric_comparison_value_event  master_events_cb.o
    0x1004fb5c   0x1004fb5c   0x00000058   Code   RO         3945    i.aci_gap_numeric_comparison_value_event_push  libbluenrg1_stack.a(securitymgr.o)
    0x1004fbb4   0x1004fbb4   0x00000008   Code   RO         1746    i.aci_gap_pairing_complete_event  master_events_cb.o
    0x1004fbbc   0x1004fbbc   0x0000005c   Code   RO         5121    i.aci_gap_pairing_complete_event_push  libbluenrg1_stack.a(smp_common.o)
    0x1004fc18   0x1004fc18   0x00000008   Code   RO         1747    i.aci_gap_pass_key_req_event  master_events_cb.o
    0x1004fc20   0x1004fc20   0x00000018   Code   RO         3592    i.aci_gap_pass_key_resp  libbluenrg1_stack.a(bluenrg_gap_aci.o)
    0x1004fc38   0x1004fc38   0x00000008   Code   RO         1748    i.aci_gap_proc_complete_event  master_events_cb.o
    0x1004fc40   0x1004fc40   0x00000074   Code   RO         3675    i.aci_gap_proc_complete_event_push  libbluenrg1_stack.a(gap.o)
    0x1004fcb4   0x1004fcb4   0x00000008   Code   RO         2585    i.aci_gap_send_pairing_req  stack_user_cfg.o
    0x1004fcbc   0x1004fcbc   0x0000000a   Code   RO         3596    i.aci_gap_send_pairing_req_api  libbluenrg1_stack.a(bluenrg_gap_aci.o)
    0x1004fcc6   0x1004fcc6   0x00000002   PAD
    0x1004fcc8   0x1004fcc8   0x00000094   Code   RO         3597    i.aci_gap_set_authentication_requirement  libbluenrg1_stack.a(bluenrg_gap_aci.o)
    0x1004fd5c   0x1004fd5c   0x00000010   Code   RO         3603    i.aci_gap_set_io_capability  libbluenrg1_stack.a(bluenrg_gap_aci.o)
    0x1004fd6c   0x1004fd6c   0x00000002   Code   RO         4510    i.aci_gap_slave_security_initiated_event  libbluenrg1_stack.a(aci_events.o)
    0x1004fd6e   0x1004fd6e   0x00000020   Code   RO         2586    i.aci_gap_start_auto_connection_establish_proc  stack_user_cfg.o
    0x1004fd8e   0x1004fd8e   0x00000034   Code   RO         3610    i.aci_gap_start_auto_connection_establish_proc_api  libbluenrg1_stack.a(bluenrg_gap_aci.o)
    0x1004fdc2   0x1004fdc2   0x00000008   Code   RO         2589    i.aci_gap_start_general_discovery_proc  stack_user_cfg.o
    0x1004fdca   0x1004fdca   0x00000008   Code   RO         3613    i.aci_gap_start_general_discovery_proc_api  libbluenrg1_stack.a(bluenrg_gap_aci.o)
    0x1004fdd2   0x1004fdd2   0x00000008   Code   RO         2590    i.aci_gap_start_limited_discovery_proc  stack_user_cfg.o
    0x1004fdda   0x1004fdda   0x00000008   Code   RO         3614    i.aci_gap_start_limited_discovery_proc_api  libbluenrg1_stack.a(bluenrg_gap_aci.o)
    0x1004fde2   0x1004fde2   0x00000008   Code   RO         3618    i.aci_gap_terminate  libbluenrg1_stack.a(bluenrg_gap_aci.o)
    0x1004fdea   0x1004fdea   0x00000008   Code   RO         2594    i.aci_gap_terminate_gap_proc  stack_user_cfg.o
    0x1004fdf2   0x1004fdf2   0x00000008   Code   RO         3619    i.aci_gap_terminate_gap_proc_api  libbluenrg1_stack.a(bluenrg_gap_aci.o)
    0x1004fdfa   0x1004fdfa   0x0000000c   Code   RO         4662    i.aci_gatt_allow_read  libbluenrg1_stack.a(bluenrg_gatt_aci.o)
    0x1004fe06   0x1004fe06   0x0000000c   Code   RO         1749    i.aci_gatt_attribute_modified_event  master_events_cb.o
    0x1004fe12   0x1004fe12   0x00000002   PAD
    0x1004fe14   0x1004fe14   0x00000078   Code   RO         5247    i.aci_gatt_attribute_modified_event_push  libbluenrg1_stack.a(att.o)
    0x1004fe8c   0x1004fe8c   0x00000008   Code   RO         4668    i.aci_gatt_disc_all_char_desc  libbluenrg1_stack.a(bluenrg_gatt_aci.o)
    0x1004fe94   0x1004fe94   0x00000008   Code   RO         4669    i.aci_gatt_disc_all_char_of_service  libbluenrg1_stack.a(bluenrg_gatt_aci.o)
    0x1004fe9c   0x1004fe9c   0x00000008   Code   RO         4670    i.aci_gatt_disc_all_primary_services  libbluenrg1_stack.a(bluenrg_gatt_aci.o)
    0x1004fea4   0x1004fea4   0x00000002   Code   RO         4512    i.aci_gatt_disc_read_char_by_uuid_resp_event  libbluenrg1_stack.a(aci_events.o)
    0x1004fea6   0x1004fea6   0x00000002   PAD
    0x1004fea8   0x1004fea8   0x00000084   Code   RO         4781    i.aci_gatt_disc_read_char_by_uuid_resp_event_push  libbluenrg1_stack.a(gatt_client.o)
    0x1004ff2c   0x1004ff2c   0x00000008   Code   RO         1750    i.aci_gatt_error_resp_event  master_events_cb.o
    0x1004ff34   0x1004ff34   0x00000078   Code   RO         4782    i.aci_gatt_error_resp_event_push  libbluenrg1_stack.a(gatt_client.o)
    0x1004ffac   0x1004ffac   0x00000008   Code   RO         4674    i.aci_gatt_find_included_services  libbluenrg1_stack.a(bluenrg_gatt_aci.o)
    0x1004ffb4   0x1004ffb4   0x00000008   Code   RO         1751    i.aci_gatt_indication_event  master_events_cb.o
    0x1004ffbc   0x1004ffbc   0x00000090   Code   RO         4833    i.aci_gatt_indication_event_push  libbluenrg1_stack.a(gatt_server.o)
    0x1005004c   0x1005004c   0x00000008   Code   RO         4676    i.aci_gatt_init     libbluenrg1_stack.a(bluenrg_gatt_aci.o)
    0x10050054   0x10050054   0x00000008   Code   RO         1752    i.aci_gatt_notification_event  master_events_cb.o
    0x1005005c   0x1005005c   0x00000090   Code   RO         4834    i.aci_gatt_notification_event_push  libbluenrg1_stack.a(gatt_server.o)
    0x100500ec   0x100500ec   0x00000002   Code   RO         4516    i.aci_gatt_prepare_write_permit_req_event  libbluenrg1_stack.a(aci_events.o)
    0x100500ee   0x100500ee   0x00000008   Code   RO         1753    i.aci_gatt_proc_complete_event  master_events_cb.o
    0x100500f6   0x100500f6   0x00000002   PAD
    0x100500f8   0x100500f8   0x00000058   Code   RO         4783    i.aci_gatt_proc_complete_event_push  libbluenrg1_stack.a(gatt_client.o)
    0x10050150   0x10050150   0x00000002   Code   RO         4518    i.aci_gatt_proc_timeout_event  libbluenrg1_stack.a(aci_events.o)
    0x10050152   0x10050152   0x00000008   Code   RO         4678    i.aci_gatt_read_char_value  libbluenrg1_stack.a(bluenrg_gatt_aci.o)
    0x1005015a   0x1005015a   0x00000008   Code   RO         4681    i.aci_gatt_read_long_char_value  libbluenrg1_stack.a(bluenrg_gatt_aci.o)
    0x10050162   0x10050162   0x00000002   Code   RO         4519    i.aci_gatt_read_multi_permit_req_event  libbluenrg1_stack.a(aci_events.o)
    0x10050164   0x10050164   0x00000068   Code   RO         5248    i.aci_gatt_read_multi_permit_req_event_push  libbluenrg1_stack.a(att.o)
    0x100501cc   0x100501cc   0x00000008   Code   RO         1754    i.aci_gatt_read_permit_req_event  master_events_cb.o
    0x100501d4   0x100501d4   0x00000050   Code   RO         5249    i.aci_gatt_read_permit_req_event_push  libbluenrg1_stack.a(att.o)
    0x10050224   0x10050224   0x00000002   Code   RO         4521    i.aci_gatt_server_confirmation_event  libbluenrg1_stack.a(aci_events.o)
    0x10050226   0x10050226   0x00000008   Code   RO         1755    i.aci_gatt_tx_pool_available_event  master_events_cb.o
    0x1005022e   0x1005022e   0x00000022   Code   RO         4690    i.aci_gatt_update_char_value_ext  libbluenrg1_stack.a(bluenrg_gatt_aci.o)
    0x10050250   0x10050250   0x00000008   Code   RO         4691    i.aci_gatt_write_char_desc  libbluenrg1_stack.a(bluenrg_gatt_aci.o)
    0x10050258   0x10050258   0x00000008   Code   RO         4693    i.aci_gatt_write_char_value  libbluenrg1_stack.a(bluenrg_gatt_aci.o)
    0x10050260   0x10050260   0x00000008   Code   RO         1756    i.aci_gatt_write_permit_req_event  master_events_cb.o
    0x10050268   0x10050268   0x0000006c   Code   RO         5250    i.aci_gatt_write_permit_req_event_push  libbluenrg1_stack.a(att.o)
    0x100502d4   0x100502d4   0x0000001c   Code   RO         4696    i.aci_gatt_write_resp  libbluenrg1_stack.a(bluenrg_gatt_aci.o)
    0x100502f0   0x100502f0   0x00000008   Code   RO         4697    i.aci_gatt_write_without_resp  libbluenrg1_stack.a(bluenrg_gatt_aci.o)
    0x100502f8   0x100502f8   0x00000002   Code   RO         4847    i.aci_hal_end_of_radio_activity_event  libbluenrg1_stack.a(hal.o)
    0x100502fa   0x100502fa   0x00000016   Code   RO         3525    i.aci_hal_fw_error_event  sensordemo_central_role_main.o
    0x10050310   0x10050310   0x0000005c   Code   RO         4835    i.aci_hal_fw_error_event_push  libbluenrg1_stack.a(gatt_server.o)
    0x1005036c   0x1005036c   0x00000002   Code   RO         4525    i.aci_hal_scan_req_report_event  libbluenrg1_stack.a(aci_events.o)
    0x1005036e   0x1005036e   0x00000008   Code   RO         4705    i.aci_hal_set_tx_power_level  libbluenrg1_stack.a(bluenrg_hal_aci.o)
    0x10050376   0x10050376   0x00000008   Code   RO         4708    i.aci_hal_write_config_data  libbluenrg1_stack.a(bluenrg_hal_aci.o)
    0x1005037e   0x1005037e   0x00000002   Code   RO         4526    i.aci_l2cap_command_reject_event  libbluenrg1_stack.a(aci_events.o)
    0x10050380   0x10050380   0x0000001a   Code   RO         2595    i.aci_l2cap_connection_parameter_update_resp  stack_user_cfg.o
    0x1005039a   0x1005039a   0x0000002a   Code   RO         3626    i.aci_l2cap_connection_parameter_update_resp_api  libbluenrg1_stack.a(bluenrg_l2cap_aci.o)
    0x100503c4   0x100503c4   0x00000012   Code   RO         1757    i.aci_l2cap_connection_update_req_event  master_events_cb.o
    0x100503d6   0x100503d6   0x00000002   PAD
    0x100503d8   0x100503d8   0x00000098   Code   RO         4884    i.aci_l2cap_connection_update_req_event_push  libbluenrg1_stack.a(l2cap.o)
    0x10050470   0x10050470   0x00000002   Code   RO         4528    i.aci_l2cap_connection_update_resp_event  libbluenrg1_stack.a(aci_events.o)
    0x10050472   0x10050472   0x00000002   Code   RO         4529    i.aci_l2cap_proc_timeout_event  libbluenrg1_stack.a(aci_events.o)
    0x10050474   0x10050474   0x00000004   Code   RO         4634    i.acl_list_first    libbluenrg1_stack.a(acl_list.o)
    0x10050478   0x10050478   0x00000026   Code   RO         4635    i.acl_list_full_on_packt  libbluenrg1_stack.a(acl_list.o)
    0x1005049e   0x1005049e   0x00000010   Code   RO         4638    i.acl_list_init     libbluenrg1_stack.a(acl_list.o)
    0x100504ae   0x100504ae   0x00000026   Code   RO         4639    i.acl_list_insert_head  libbluenrg1_stack.a(acl_list.o)
    0x100504d4   0x100504d4   0x0000002c   Code   RO         4640    i.acl_list_insert_tail  libbluenrg1_stack.a(acl_list.o)
    0x10050500   0x10050500   0x0000000e   Code   RO         4641    i.acl_list_is_empty  libbluenrg1_stack.a(acl_list.o)
    0x1005050e   0x1005050e   0x00000044   Code   RO         4643    i.acl_list_remove   libbluenrg1_stack.a(acl_list.o)
    0x10050552   0x10050552   0x0000002e   Code   RO         4644    i.acl_list_remove_head  libbluenrg1_stack.a(acl_list.o)
    0x10050580   0x10050580   0x00000260   Code   RO         4913    i.adapt_slot        libbluenrg1_stack.a(multi_master_time.o)
    0x100507e0   0x100507e0   0x0000001e   Code   RO         3903    i.addr_u32_from_u8  libbluenrg1_stack.a(rom_ll_isr_routines.o)
    0x100507fe   0x100507fe   0x00000020   Code   RO         5015    i.addr_u32_from_u8  libbluenrg1_stack.a(rom_ll_ll_routines.o)
    0x1005081e   0x1005081e   0x00000002   PAD
    0x10050820   0x10050820   0x000002d0   Code   RO         4914    i.advance_slave_timing_MultiSlave  libbluenrg1_stack.a(multi_master_time.o)
    0x10050af0   0x10050af0   0x00000158   Code   RO         3933    i.advance_transmit  libbluenrg1_stack.a(routines_support.o)
    0x10050c48   0x10050c48   0x0000067c   Code   RO         4647    i.advance_wakeup_timer  libbluenrg1_stack.a(advance_wakeup_time.o)
    0x100512c4   0x100512c4   0x0000004c   Code   RO         4915    i.anchor_replace    libbluenrg1_stack.a(multi_master_time.o)
    0x10051310   0x10051310   0x0000001c   Code   RO         4849    i.ble_HAL_Init      libbluenrg1_stack.a(hal.o)
    0x1005132c   0x1005132c   0x000000f4   Code   RO         3904    i.cancel_connect_master  libbluenrg1_stack.a(rom_ll_isr_routines.o)
    0x10051420   0x10051420   0x00000008   Code   RO         2596    i.cancel_connect_master_ucfg  stack_user_cfg.o
    0x10051428   0x10051428   0x000001a8   Code   RO         4916    i.cancel_current_master  libbluenrg1_stack.a(multi_master_time.o)
    0x100515d0   0x100515d0   0x00000080   Code   RO         3906    i.cancel_master     libbluenrg1_stack.a(rom_ll_isr_routines.o)
    0x10051650   0x10051650   0x000000c4   Code   RO         4861    i.cancel_slave      libbluenrg1_stack.a(isr_routines.o)
    0x10051714   0x10051714   0x00000024   Code   RO         4530    i.cb_aci_att_exchange_mtu_resp_event  libbluenrg1_stack.a(aci_events.o)
    0x10051738   0x10051738   0x00000020   Code   RO         4531    i.cb_aci_att_exec_write_resp_event  libbluenrg1_stack.a(aci_events.o)
    0x10051758   0x10051758   0x00000024   Code   RO         4532    i.cb_aci_att_find_by_type_value_resp_event  libbluenrg1_stack.a(aci_events.o)
    0x1005177c   0x1005177c   0x00000028   Code   RO         4533    i.cb_aci_att_find_info_resp_event  libbluenrg1_stack.a(aci_events.o)
    0x100517a4   0x100517a4   0x0000002c   Code   RO         4534    i.cb_aci_att_prepare_write_resp_event  libbluenrg1_stack.a(aci_events.o)
    0x100517d0   0x100517d0   0x00000024   Code   RO         4535    i.cb_aci_att_read_blob_resp_event  libbluenrg1_stack.a(aci_events.o)
    0x100517f4   0x100517f4   0x00000028   Code   RO         4536    i.cb_aci_att_read_by_group_type_resp_event  libbluenrg1_stack.a(aci_events.o)
    0x1005181c   0x1005181c   0x00000028   Code   RO         4537    i.cb_aci_att_read_by_type_resp_event  libbluenrg1_stack.a(aci_events.o)
    0x10051844   0x10051844   0x00000024   Code   RO         4538    i.cb_aci_att_read_multiple_resp_event  libbluenrg1_stack.a(aci_events.o)
    0x10051868   0x10051868   0x00000024   Code   RO         4539    i.cb_aci_att_read_resp_event  libbluenrg1_stack.a(aci_events.o)
    0x1005188c   0x1005188c   0x00000024   Code   RO         4540    i.cb_aci_att_write_resp_event  libbluenrg1_stack.a(aci_events.o)
    0x100518b0   0x100518b0   0x00000020   Code   RO         4541    i.cb_aci_gap_addr_not_resolved_event  libbluenrg1_stack.a(aci_events.o)
    0x100518d0   0x100518d0   0x00000020   Code   RO         4542    i.cb_aci_gap_authorization_req_event  libbluenrg1_stack.a(aci_events.o)
    0x100518f0   0x100518f0   0x0000001c   Code   RO         4543    i.cb_aci_gap_bond_lost_event  libbluenrg1_stack.a(aci_events.o)
    0x1005190c   0x1005190c   0x00000020   Code   RO         4544    i.cb_aci_gap_device_found_event  libbluenrg1_stack.a(aci_events.o)
    0x1005192c   0x1005192c   0x00000024   Code   RO         4545    i.cb_aci_gap_keypress_notification_event  libbluenrg1_stack.a(aci_events.o)
    0x10051950   0x10051950   0x0000001c   Code   RO         4546    i.cb_aci_gap_limited_discoverable_event  libbluenrg1_stack.a(aci_events.o)
    0x1005196c   0x1005196c   0x00000024   Code   RO         4547    i.cb_aci_gap_numeric_comparison_value_event  libbluenrg1_stack.a(aci_events.o)
    0x10051990   0x10051990   0x00000024   Code   RO         4548    i.cb_aci_gap_pairing_complete_event  libbluenrg1_stack.a(aci_events.o)
    0x100519b4   0x100519b4   0x00000020   Code   RO         4549    i.cb_aci_gap_pass_key_req_event  libbluenrg1_stack.a(aci_events.o)
    0x100519d4   0x100519d4   0x00000028   Code   RO         4550    i.cb_aci_gap_proc_complete_event  libbluenrg1_stack.a(aci_events.o)
    0x100519fc   0x100519fc   0x0000001c   Code   RO         4551    i.cb_aci_gap_slave_security_initiated_event  libbluenrg1_stack.a(aci_events.o)
    0x10051a18   0x10051a18   0x0000002c   Code   RO         4552    i.cb_aci_gatt_attribute_modified_event  libbluenrg1_stack.a(aci_events.o)
    0x10051a44   0x10051a44   0x00000028   Code   RO         4553    i.cb_aci_gatt_disc_read_char_by_uuid_resp_event  libbluenrg1_stack.a(aci_events.o)
    0x10051a6c   0x10051a6c   0x00000028   Code   RO         4554    i.cb_aci_gatt_error_resp_event  libbluenrg1_stack.a(aci_events.o)
    0x10051a94   0x10051a94   0x00000028   Code   RO         4555    i.cb_aci_gatt_indication_event  libbluenrg1_stack.a(aci_events.o)
    0x10051abc   0x10051abc   0x00000028   Code   RO         4556    i.cb_aci_gatt_notification_event  libbluenrg1_stack.a(aci_events.o)
    0x10051ae4   0x10051ae4   0x00000016   Code   RO         4557    i.cb_aci_gatt_prepare_write_permit_req_event  libbluenrg1_stack.a(aci_events.o)
    0x10051afa   0x10051afa   0x00000002   PAD
    0x10051afc   0x10051afc   0x00000024   Code   RO         4558    i.cb_aci_gatt_proc_complete_event  libbluenrg1_stack.a(aci_events.o)
    0x10051b20   0x10051b20   0x00000020   Code   RO         4559    i.cb_aci_gatt_proc_timeout_event  libbluenrg1_stack.a(aci_events.o)
    0x10051b40   0x10051b40   0x00000010   Code   RO         4560    i.cb_aci_gatt_read_multi_permit_req_event  libbluenrg1_stack.a(aci_events.o)
    0x10051b50   0x10051b50   0x00000010   Code   RO         4561    i.cb_aci_gatt_read_permit_req_event  libbluenrg1_stack.a(aci_events.o)
    0x10051b60   0x10051b60   0x0000000a   Code   RO         4562    i.cb_aci_gatt_server_confirmation_event  libbluenrg1_stack.a(aci_events.o)
    0x10051b6a   0x10051b6a   0x0000000e   Code   RO         4563    i.cb_aci_gatt_tx_pool_available_event  libbluenrg1_stack.a(aci_events.o)
    0x10051b78   0x10051b78   0x00000012   Code   RO         4564    i.cb_aci_gatt_write_permit_req_event  libbluenrg1_stack.a(aci_events.o)
    0x10051b8a   0x10051b8a   0x00000010   Code   RO         4565    i.cb_aci_hal_fw_error_event  libbluenrg1_stack.a(aci_events.o)
    0x10051b9a   0x10051b9a   0x00000002   PAD
    0x10051b9c   0x10051b9c   0x00000028   Code   RO         4566    i.cb_aci_hal_scan_req_report_event  libbluenrg1_stack.a(aci_events.o)
    0x10051bc4   0x10051bc4   0x00000016   Code   RO         4567    i.cb_aci_l2cap_command_reject_event  libbluenrg1_stack.a(aci_events.o)
    0x10051bda   0x10051bda   0x00000002   PAD
    0x10051bdc   0x10051bdc   0x00000034   Code   RO         4568    i.cb_aci_l2cap_connection_update_req_event  libbluenrg1_stack.a(aci_events.o)
    0x10051c10   0x10051c10   0x00000024   Code   RO         4569    i.cb_aci_l2cap_connection_update_resp_event  libbluenrg1_stack.a(aci_events.o)
    0x10051c34   0x10051c34   0x00000024   Code   RO         4570    i.cb_aci_l2cap_proc_timeout_event  libbluenrg1_stack.a(aci_events.o)
    0x10051c58   0x10051c58   0x00000002   Code   RO         4571    i.cb_hci_data_buffer_overflow_event  libbluenrg1_stack.a(aci_events.o)
    0x10051c5a   0x10051c5a   0x00000002   PAD
    0x10051c5c   0x10051c5c   0x00000024   Code   RO         4572    i.cb_hci_disconnection_complete_event  libbluenrg1_stack.a(aci_events.o)
    0x10051c80   0x10051c80   0x00000024   Code   RO         4573    i.cb_hci_encryption_change_event  libbluenrg1_stack.a(aci_events.o)
    0x10051ca4   0x10051ca4   0x00000024   Code   RO         4574    i.cb_hci_encryption_key_refresh_complete_event  libbluenrg1_stack.a(aci_events.o)
    0x10051cc8   0x10051cc8   0x00000024   Code   RO         4575    i.cb_hci_le_advertising_report_event  libbluenrg1_stack.a(aci_events.o)
    0x10051cec   0x10051cec   0x00000044   Code   RO         4576    i.cb_hci_le_connection_complete_event  libbluenrg1_stack.a(aci_events.o)
    0x10051d30   0x10051d30   0x00000030   Code   RO         4577    i.cb_hci_le_connection_update_complete_event  libbluenrg1_stack.a(aci_events.o)
    0x10051d60   0x10051d60   0x00000030   Code   RO         4578    i.cb_hci_le_data_length_change_event  libbluenrg1_stack.a(aci_events.o)
    0x10051d90   0x10051d90   0x00000024   Code   RO         4579    i.cb_hci_le_direct_advertising_report_event  libbluenrg1_stack.a(aci_events.o)
    0x10051db4   0x10051db4   0x0000004c   Code   RO         4580    i.cb_hci_le_enhanced_connection_complete_event  libbluenrg1_stack.a(aci_events.o)
    0x10051e00   0x10051e00   0x00000028   Code   RO         4581    i.cb_hci_le_generate_dhkey_complete_event  libbluenrg1_stack.a(aci_events.o)
    0x10051e28   0x10051e28   0x00000028   Code   RO         4582    i.cb_hci_le_long_term_key_request_event  libbluenrg1_stack.a(aci_events.o)
    0x10051e50   0x10051e50   0x00000028   Code   RO         4583    i.cb_hci_le_read_local_p256_public_key_complete_event  libbluenrg1_stack.a(aci_events.o)
    0x10051e78   0x10051e78   0x0000002c   Code   RO         4584    i.cb_hci_le_read_remote_used_features_complete_event  libbluenrg1_stack.a(aci_events.o)
    0x10051ea4   0x10051ea4   0x0000000a   Code   RO         4585    i.cb_hci_number_of_completed_packets_event  libbluenrg1_stack.a(aci_events.o)
    0x10051eae   0x10051eae   0x00000002   PAD
    0x10051eb0   0x10051eb0   0x00000028   Code   RO         4586    i.cb_hci_read_remote_version_information_complete_event  libbluenrg1_stack.a(aci_events.o)
    0x10051ed8   0x10051ed8   0x00000016   Code   RO         4587    i.cb_hci_rx_acl_data_event  libbluenrg1_stack.a(aci_events.o)
    0x10051eee   0x10051eee   0x00000012   Code   RO         4850    i.char_copy         libbluenrg1_stack.a(hal.o)
    0x10051f00   0x10051f00   0x000000cc   Code   RO         3869    i.check_access_address_patched  libbluenrg1_stack.a(ll_routines_master.o)
    0x10051fcc   0x10051fcc   0x00000012   Code   RO         3778    i.copy_4_u32        libbluenrg1_stack.a(ll_isr.o)
    0x10051fde   0x10051fde   0x00000020   Code   RO         5149    i.copy_swap_buffer  libbluenrg1_stack.a(utils.o)
    0x10051ffe   0x10051ffe   0x00000002   PAD
    0x10052000   0x10052000   0x00000084   Code   RO         3779    i.copy_tx_data_packet  libbluenrg1_stack.a(ll_isr.o)
    0x10052084   0x10052084   0x00000004   Code   RO         2597    i.data_length_extension_csr_ucfg  stack_user_cfg.o
    0x10052088   0x10052088   0x000000a8   Code   RO         3421    i.deviceConnection  gatt_db.o
    0x10052130   0x10052130   0x00000084   Code   RO         3422    i.deviceDiscovery   gatt_db.o
    0x100521b4   0x100521b4   0x000000a4   Code   RO         3423    i.deviceInit        gatt_db.o
    0x10052258   0x10052258   0x000000b4   Code   RO         3424    i.enableSensorNotifications  gatt_db.o
    0x1005230c   0x1005230c   0x00000074   Code   RO         3780    i.encrypt           libbluenrg1_stack.a(ll_isr.o)
    0x10052380   0x10052380   0x000000a4   Code   RO         3425    i.extractCharacInfo  gatt_db.o
    0x10052424   0x10052424   0x0000006c   Code   RO         4588    i.fifoBuf_getFreeHeader  libbluenrg1_stack.a(aci_events.o)
    0x10052490   0x10052490   0x0000000a   Code   RO         4589    i.fifoCtrl_init     libbluenrg1_stack.a(aci_events.o)
    0x1005249a   0x1005249a   0x00000002   PAD
    0x1005249c   0x1005249c   0x00000150   Code   RO         3426    i.findCharcOfService  gatt_db.o
    0x100525ec   0x100525ec   0x0000000c   Code   RO         2184    i.fputc             sdk_eval_com.o
    0x100525f8   0x100525f8   0x00000018   Code   RO         3781    i.full_state_func_call_init  libbluenrg1_stack.a(ll_isr.o)
    0x10052610   0x10052610   0x00000014   Code   RO         3907    i.get_adv_addr      libbluenrg1_stack.a(rom_ll_isr_routines.o)
    0x10052624   0x10052624   0x00000048   Code   RO         4917    i.get_advertiser    libbluenrg1_stack.a(multi_master_time.o)
    0x1005266c   0x1005266c   0x00000088   Code   RO         4918    i.get_connection_no  libbluenrg1_stack.a(multi_master_time.o)
    0x100526f4   0x100526f4   0x00000034   Code   RO         4919    i.get_next_free_slot  libbluenrg1_stack.a(multi_master_time.o)
    0x10052728   0x10052728   0x00000014   Code   RO         3908    i.get_scan_addr     libbluenrg1_stack.a(rom_ll_isr_routines.o)
    0x1005273c   0x1005273c   0x00000048   Code   RO         4920    i.get_scan_connection  libbluenrg1_stack.a(multi_master_time.o)
    0x10052784   0x10052784   0x0000029c   Code   RO         3909    i.go_to_connect     libbluenrg1_stack.a(rom_ll_isr_routines.o)
    0x10052a20   0x10052a20   0x000001c0   Code   RO         4862    i.go_to_connect_master  libbluenrg1_stack.a(isr_routines.o)
    0x10052be0   0x10052be0   0x00000034   Code   RO         4851    i.hal_radio_activity_state_callback_check  libbluenrg1_stack.a(hal.o)
    0x10052c14   0x10052c14   0x0000001c   Code   RO         4852    i.hal_radio_activity_state_init  libbluenrg1_stack.a(hal.o)
    0x10052c30   0x10052c30   0x00000040   Code   RO         4853    i.hal_read_radio_activity_state  libbluenrg1_stack.a(hal.o)
    0x10052c70   0x10052c70   0x00000008   Code   RO         1758    i.hci_disconnection_complete_event  master_events_cb.o
    0x10052c78   0x10052c78   0x00000008   Code   RO         1759    i.hci_encryption_change_event  master_events_cb.o
    0x10052c80   0x10052c80   0x0000005c   Code   RO         3870    i.hci_encryption_change_event_push  libbluenrg1_stack.a(ll_routines_master.o)
    0x10052cdc   0x10052cdc   0x00000002   Code   RO         4593    i.hci_encryption_key_refresh_complete_event  libbluenrg1_stack.a(aci_events.o)
    0x10052cde   0x10052cde   0x00000002   PAD
    0x10052ce0   0x10052ce0   0x00000058   Code   RO         3871    i.hci_encryption_key_refresh_complete_event_push  libbluenrg1_stack.a(ll_routines_master.o)
    0x10052d38   0x10052d38   0x00000018   Code   RO         3526    i.hci_hardware_error_event  sensordemo_central_role_main.o
    0x10052d50   0x10052d50   0x00000008   Code   RO         1760    i.hci_le_advertising_report_event  master_events_cb.o
    0x10052d58   0x10052d58   0x00000094   Code   RO         3872    i.hci_le_advertising_report_event_push  libbluenrg1_stack.a(ll_routines_master.o)
    0x10052dec   0x10052dec   0x0000000a   Code   RO         1761    i.hci_le_connection_complete_event  master_events_cb.o
    0x10052df6   0x10052df6   0x00000002   PAD
    0x10052df8   0x10052df8   0x00000088   Code   RO         3873    i.hci_le_connection_complete_event_push  libbluenrg1_stack.a(ll_routines_master.o)
    0x10052e80   0x10052e80   0x00000002   Code   RO         4597    i.hci_le_connection_update_complete_event  libbluenrg1_stack.a(aci_events.o)
    0x10052e82   0x10052e82   0x00000002   PAD
    0x10052e84   0x10052e84   0x0000006c   Code   RO         3874    i.hci_le_connection_update_complete_event_push  libbluenrg1_stack.a(ll_routines_master.o)
    0x10052ef0   0x10052ef0   0x00000002   Code   RO         4598    i.hci_le_data_length_change_event  libbluenrg1_stack.a(aci_events.o)
    0x10052ef2   0x10052ef2   0x00000002   Code   RO         4599    i.hci_le_direct_advertising_report_event  libbluenrg1_stack.a(aci_events.o)
    0x10052ef4   0x10052ef4   0x0000008c   Code   RO         3835    i.hci_le_direct_advertising_report_event_push  libbluenrg1_stack.a(ll_privacy.o)
    0x10052f80   0x10052f80   0x0000000a   Code   RO         3696    i.hci_le_encrypt    libbluenrg1_stack.a(hci.o)
    0x10052f8a   0x10052f8a   0x00000002   Code   RO         4600    i.hci_le_enhanced_connection_complete_event  libbluenrg1_stack.a(aci_events.o)
    0x10052f8c   0x10052f8c   0x0000007c   Code   RO         3697    i.hci_le_generate_dhkey_api  libbluenrg1_stack.a(hci.o)
    0x10053008   0x10053008   0x00000002   Code   RO         4601    i.hci_le_generate_dhkey_complete_event  libbluenrg1_stack.a(aci_events.o)
    0x1005300a   0x1005300a   0x00000002   Code   RO         4602    i.hci_le_long_term_key_request_event  libbluenrg1_stack.a(aci_events.o)
    0x1005300c   0x1005300c   0x0000000e   Code   RO         3698    i.hci_le_long_term_key_request_reply  libbluenrg1_stack.a(hci.o)
    0x1005301a   0x1005301a   0x0000000e   Code   RO         3699    i.hci_le_long_term_key_requested_negative_reply  libbluenrg1_stack.a(hci.o)
    0x10053028   0x10053028   0x0000003c   Code   RO         3704    i.hci_le_read_local_p256_public_key_api  libbluenrg1_stack.a(hci.o)
    0x10053064   0x10053064   0x00000002   Code   RO         4603    i.hci_le_read_local_p256_public_key_complete_event  libbluenrg1_stack.a(aci_events.o)
    0x10053066   0x10053066   0x00000002   Code   RO         4604    i.hci_le_read_remote_used_features_complete_event  libbluenrg1_stack.a(aci_events.o)
    0x10053068   0x10053068   0x00000040   Code   RO         3718    i.hci_le_set_event_mask  libbluenrg1_stack.a(hci.o)
    0x100530a8   0x100530a8   0x00000064   Code   RO         3728    i.hci_load_connParams  libbluenrg1_stack.a(hci.o)
    0x1005310c   0x1005310c   0x00000002   Code   RO         4605    i.hci_number_of_completed_packets_event  libbluenrg1_stack.a(aci_events.o)
    0x1005310e   0x1005310e   0x00000002   Code   RO         4606    i.hci_read_remote_version_information_complete_event  libbluenrg1_stack.a(aci_events.o)
    0x10053110   0x10053110   0x0000006c   Code   RO         3737    i.hci_rx_acl_data   libbluenrg1_stack.a(hci.o)
    0x1005317c   0x1005317c   0x00000004   Code   RO         4607    i.hci_rx_acl_data_event  libbluenrg1_stack.a(aci_events.o)
    0x10053180   0x10053180   0x00000044   Code   RO         3740    i.hci_tx_acl_data_done  libbluenrg1_stack.a(hci.o)
    0x100531c4   0x100531c4   0x00000008   Code   RO         4784    i.int16ToLe2Byte    libbluenrg1_stack.a(gatt_client.o)
    0x100531cc   0x100531cc   0x0000000c   Code   RO         3875    i.int32ToLe3Byte    libbluenrg1_stack.a(ll_routines_master.o)
    0x100531d8   0x100531d8   0x00000010   Code   RO         3876    i.int32ToLe4Byte    libbluenrg1_stack.a(ll_routines_master.o)
    0x100531e8   0x100531e8   0x00000010   Code   RO         3946    i.int32ToLe4Byte    libbluenrg1_stack.a(securitymgr.o)
    0x100531f8   0x100531f8   0x00000010   Code   RO         5016    i.int32ToLe4Byte    libbluenrg1_stack.a(rom_ll_ll_routines.o)
    0x10053208   0x10053208   0x00000010   Code   RO         5064    i.int32ToLe4Byte    libbluenrg1_stack.a(sdb.o)
    0x10053218   0x10053218   0x00000040   Code   RO         4628    i.int_cb_hci_acl_data_ind_event  libbluenrg1_stack.a(acl.o)
    0x10053258   0x10053258   0x00000054   Code   RO         4629    i.int_cb_hci_acl_data_tx_cmpl_event  libbluenrg1_stack.a(acl.o)
    0x100532ac   0x100532ac   0x00000026   Code   RO         4608    i.int_cb_hci_disconnection_complete_event  libbluenrg1_stack.a(aci_events.o)
    0x100532d2   0x100532d2   0x0000001a   Code   RO         4609    i.int_cb_hci_encryption_change_event  libbluenrg1_stack.a(aci_events.o)
    0x100532ec   0x100532ec   0x0000001a   Code   RO         4610    i.int_cb_hci_encryption_key_refresh_complete_event  libbluenrg1_stack.a(aci_events.o)
    0x10053306   0x10053306   0x0000001e   Code   RO         4611    i.int_cb_hci_le_advertising_report_event  libbluenrg1_stack.a(aci_events.o)
    0x10053324   0x10053324   0x00000026   Code   RO         4612    i.int_cb_hci_le_connection_complete_event  libbluenrg1_stack.a(aci_events.o)
    0x1005334a   0x1005334a   0x00000010   Code   RO         4613    i.int_cb_hci_le_data_length_change_event  libbluenrg1_stack.a(aci_events.o)
    0x1005335a   0x1005335a   0x0000001e   Code   RO         4614    i.int_cb_hci_le_direct_advertising_report_event  libbluenrg1_stack.a(aci_events.o)
    0x10053378   0x10053378   0x00000026   Code   RO         4615    i.int_cb_hci_le_enhanced_connection_complete_event  libbluenrg1_stack.a(aci_events.o)
    0x1005339e   0x1005339e   0x0000001a   Code   RO         4616    i.int_cb_hci_le_generate_dhkey_complete_event  libbluenrg1_stack.a(aci_events.o)
    0x100533b8   0x100533b8   0x0000000c   Code   RO         4617    i.int_cb_hci_le_long_term_key_request_event  libbluenrg1_stack.a(aci_events.o)
    0x100533c4   0x100533c4   0x0000001a   Code   RO         4618    i.int_cb_hci_le_read_local_p256_public_key_complete_event  libbluenrg1_stack.a(aci_events.o)
    0x100533de   0x100533de   0x0000001e   Code   RO         5150    i.is_Buffer_All_Set_To  libbluenrg1_stack.a(utils.o)
    0x100533fc   0x100533fc   0x0000004c   Code   RO         5017    i.is_connected      libbluenrg1_stack.a(rom_ll_ll_routines.o)
    0x10053448   0x10053448   0x00000034   Code   RO         4921    i.is_slave          libbluenrg1_stack.a(multi_master_time.o)
    0x1005347c   0x1005347c   0x00000020   Code   RO         4630    i.isr_Acl_Data_Indication_Queue_Full  libbluenrg1_stack.a(acl.o)
    0x1005349c   0x1005349c   0x00000020   Code   RO         4631    i.isr_Acl_Data_TX_Cmpl_Queue_Full  libbluenrg1_stack.a(acl.o)
    0x100534bc   0x100534bc   0x000003d0   Code   RO         3782    i.isr_advertise_state  libbluenrg1_stack.a(ll_isr.o)
    0x1005388c   0x1005388c   0x000006dc   Code   RO         3783    i.isr_connect_master_state  libbluenrg1_stack.a(ll_isr.o)
    0x10053f68   0x10053f68   0x000007e8   Code   RO         3784    i.isr_connect_slave_state  libbluenrg1_stack.a(ll_isr.o)
    0x10054750   0x10054750   0x00000660   Code   RO         3877    i.isr_event_handler  libbluenrg1_stack.a(ll_routines_master.o)
    0x10054db0   0x10054db0   0x000001fc   Code   RO         3878    i.isr_event_handler_scan_data  libbluenrg1_stack.a(ll_routines_master.o)
    0x10054fac   0x10054fac   0x00000008   Code   RO         2620    i.isr_event_handler_scan_data_ucfg  stack_user_cfg.o
    0x10054fb4   0x10054fb4   0x000001f4   Code   RO         4857    i.isr_postproc      libbluenrg1_stack.a(isr_postproc.o)
    0x100551a8   0x100551a8   0x00000110   Code   RO         4986    i.isr_postproc1     libbluenrg1_stack.a(rom_ll_isr_postproc.o)
    0x100552b8   0x100552b8   0x00000016   Code   RO         4987    i.isr_postproc_encrypt_data  libbluenrg1_stack.a(rom_ll_isr_postproc.o)
    0x100552ce   0x100552ce   0x00000002   PAD
    0x100552d0   0x100552d0   0x00000734   Code   RO         3785    i.isr_scan_state    libbluenrg1_stack.a(ll_isr.o)
    0x10055a04   0x10055a04   0x00000038   Code   RO         3786    i.isr_test_rx_state  libbluenrg1_stack.a(ll_isr.o)
    0x10055a3c   0x10055a3c   0x00000068   Code   RO         3787    i.isr_test_tx_state  libbluenrg1_stack.a(ll_isr.o)
    0x10055aa4   0x10055aa4   0x0000002c   Code   RO         3788    i.isr_unknown_state  libbluenrg1_stack.a(ll_isr.o)
    0x10055ad0   0x10055ad0   0x0000000a   Code   RO         3910    i.le2ByteToInt16    libbluenrg1_stack.a(rom_ll_isr_routines.o)
    0x10055ada   0x10055ada   0x0000000a   Code   RO         4785    i.le2ByteToInt16    libbluenrg1_stack.a(gatt_client.o)
    0x10055ae4   0x10055ae4   0x00000016   Code   RO         3911    i.le4ByteToInt32    libbluenrg1_stack.a(rom_ll_isr_routines.o)
    0x10055afa   0x10055afa   0x00000016   Code   RO         3925    i.le4ByteToInt32    libbluenrg1_stack.a(rom_ll_ll_routines_master.o)
    0x10055b10   0x10055b10   0x00000016   Code   RO         3947    i.le4ByteToInt32    libbluenrg1_stack.a(securitymgr.o)
    0x10055b26   0x10055b26   0x00000016   Code   RO         5018    i.le4ByteToInt32    libbluenrg1_stack.a(rom_ll_ll_routines.o)
    0x10055b3c   0x10055b3c   0x00000078   Code   RO         3859    i.ll_write_supported_data  libbluenrg1_stack.a(ll_routines.o)
    0x10055bb4   0x10055bb4   0x00000008   Code   RO         2621    i.ll_write_supported_data_ucfg  stack_user_cfg.o
    0x10055bbc   0x10055bbc   0x00000020   Code   RO         5040    i.machine_time_trans  libbluenrg1_stack.a(rom_ll_timehandling.o)
    0x10055bdc   0x10055bdc   0x000000b8   Code   RO         3527    i.main              sensordemo_central_role_main.o
    0x10055c94   0x10055c94   0x000000b8   Code   RO         4890    i.mem_alloc_ctx_init  libbluenrg1_stack.a(mem_alloc.o)
    0x10055d4c   0x10055d4c   0x00000008   Code   RO         3934    i.microseconds_to_machine_time  libbluenrg1_stack.a(routines_support.o)
    0x10055d54   0x10055d54   0x0000001c   Code   RO         5034    i.modulo_37         libbluenrg1_stack.a(rom_ll_routines_support.o)
    0x10055d70   0x10055d70   0x00000018   Code   RO         4922    i.nsar_init         libbluenrg1_stack.a(multi_master_time.o)
    0x10055d88   0x10055d88   0x0000001c   Code   RO         4923    i.nsar_insertSlotListEntry  libbluenrg1_stack.a(multi_master_time.o)
    0x10055da4   0x10055da4   0x000000c0   Code   RO         4924    i.nsar_searchBestFreeSlot  libbluenrg1_stack.a(multi_master_time.o)
    0x10055e64   0x10055e64   0x00000022   Code   RO         4926    i.nsar_updateBestFreeSlot  libbluenrg1_stack.a(multi_master_time.o)
    0x10055e86   0x10055e86   0x00000002   PAD
    0x10055e88   0x10055e88   0x0000006c   Code   RO         4927    i.nsar_updateSlotListEntry  libbluenrg1_stack.a(multi_master_time.o)
    0x10055ef4   0x10055ef4   0x000001d4   Code   RO         3427    i.primaryServiceFound  gatt_db.o
    0x100560c8   0x100560c8   0x00000068   Code   RO         3428    i.readTemperature   gatt_db.o
    0x10056130   0x10056130   0x0000007c   Code   RO         3861    i.read_rssi         libbluenrg1_stack.a(ll_routines.o)
    0x100561ac   0x100561ac   0x00000074   Code   RO         4929    i.request_connect_slot  libbluenrg1_stack.a(multi_master_time.o)
    0x10056220   0x10056220   0x00000094   Code   RO         4930    i.request_scan_slot  libbluenrg1_stack.a(multi_master_time.o)
    0x100562b4   0x100562b4   0x000000c8   Code   RO         4931    i.reschedule_wakeup_slot  libbluenrg1_stack.a(multi_master_time.o)
    0x1005637c   0x1005637c   0x00000014   Code   RO         1048    i.rev_memcmp        bluenrg1_pka.o
    0x10056390   0x10056390   0x0000001a   Code   RO         3837    i.scan_connection_or_advertiser  libbluenrg1_stack.a(ll_privacy.o)
    0x100563aa   0x100563aa   0x00000002   PAD
    0x100563ac   0x100563ac   0x000000b0   Code   RO         4932    i.schedule_advertise_slot  libbluenrg1_stack.a(multi_master_time.o)
    0x1005645c   0x1005645c   0x00000164   Code   RO         5065    i.sdb_delete        libbluenrg1_stack.a(sdb.o)
    0x100565c0   0x100565c0   0x000000c4   Code   RO         5066    i.sdb_find_client_data  libbluenrg1_stack.a(sdb.o)
    0x10056684   0x10056684   0x00000018   Code   RO         5067    i.sdb_get_gatt_db_start_address  libbluenrg1_stack.a(sdb.o)
    0x1005669c   0x1005669c   0x00000020   Code   RO         5068    i.sdb_invalidate_record  libbluenrg1_stack.a(sdb.o)
    0x100566bc   0x100566bc   0x00000014   Code   RO         5069    i.sdb_read_address_type  libbluenrg1_stack.a(sdb.o)
    0x100566d0   0x100566d0   0x00000024   Code   RO         5070    i.sdb_read_record   libbluenrg1_stack.a(sdb.o)
    0x100566f4   0x100566f4   0x00000014   Code   RO         5071    i.sdb_read_record_validity  libbluenrg1_stack.a(sdb.o)
    0x10056708   0x10056708   0x0000007c   Code   RO         5072    i.sdb_write_record  libbluenrg1_stack.a(sdb.o)
    0x10056784   0x10056784   0x00000004   Code   RO         2623    i.secure_connections_csr_ucfg  stack_user_cfg.o
    0x10056788   0x10056788   0x00000046   Code   RO         4787    i.send_gatt_event   libbluenrg1_stack.a(gatt_client.o)
    0x100567ce   0x100567ce   0x00000002   PAD
    0x100567d0   0x100567d0   0x00000088   Code   RO         5041    i.set_freq          libbluenrg1_stack.a(rom_ll_timehandling.o)
    0x10056858   0x10056858   0x0000001c   Code   RO         5042    i.set_sca           libbluenrg1_stack.a(rom_ll_timehandling.o)
    0x10056874   0x10056874   0x00000010   Code   RO         4854    i.set_string        libbluenrg1_stack.a(hal.o)
    0x10056884   0x10056884   0x00000208   Code   RO         3935    i.slave_advance     libbluenrg1_stack.a(routines_support.o)
    0x10056a8c   0x10056a8c   0x000000c6   Code   RO         5086    i.sma_CMAC_generate_tag  libbluenrg1_stack.a(smp_algo_sap.o)
    0x10056b52   0x10056b52   0x00000036   Code   RO         5087    i.sma_Calculate_Hash  libbluenrg1_stack.a(smp_algo_sap.o)
    0x10056b88   0x10056b88   0x0000007e   Code   RO         5088    i.sma_generate_subkeys  libbluenrg1_stack.a(smp_algo_sap.o)
    0x10056c06   0x10056c06   0x0000002c   Code   RO         5089    i.sma_left_shift    libbluenrg1_stack.a(smp_algo_sap.o)
    0x10056c32   0x10056c32   0x00000018   Code   RO         3948    i.smp_Build_AuthReq_Field  libbluenrg1_stack.a(securitymgr.o)
    0x10056c4a   0x10056c4a   0x00000002   PAD
    0x10056c4c   0x10056c4c   0x00000038   Code   RO         3949    i.smp_Build_Pairing_ReqResp_Packet  libbluenrg1_stack.a(securitymgr.o)
    0x10056c84   0x10056c84   0x00000034   Code   RO         3950    i.smp_Check_Incoming_Pairing_Parameters  libbluenrg1_stack.a(securitymgr.o)
    0x10056cb8   0x10056cb8   0x0000009c   Code   RO         3951    i.smp_Determine_Key_Association_Method  libbluenrg1_stack.a(securitymgr.o)
    0x10056d54   0x10056d54   0x00000184   Code   RO         3952    i.smp_Execute_Actions_wrt_Current_State  libbluenrg1_stack.a(securitymgr.o)
    0x10056ed8   0x10056ed8   0x0000004e   Code   RO         3953    i.smp_Execute_Actions_wrt_Current_State_MI_excerpt  libbluenrg1_stack.a(securitymgr.o)
    0x10056f26   0x10056f26   0x00000008   Code   RO         2624    i.smp_Execute_Actions_wrt_Current_State_MI_excerpt_ucfg  stack_user_cfg.o
    0x10056f2e   0x10056f2e   0x00000012   Code   RO         3955    i.smp_Execute_Actions_wrt_Current_State_sc_MI_excerpt_phase2as2  libbluenrg1_stack.a(securitymgr.o)
    0x10056f40   0x10056f40   0x00000008   Code   RO         2625    i.smp_Execute_Actions_wrt_Current_State_sc_MI_excerpt_phase2as2_ucfg  stack_user_cfg.o
    0x10056f48   0x10056f48   0x00000058   Code   RO         3957    i.smp_Execute_Actions_wrt_Current_State_sc_excerpt_phase2as2  libbluenrg1_stack.a(securitymgr.o)
    0x10056fa0   0x10056fa0   0x00000008   Code   RO         2626    i.smp_Execute_Actions_wrt_Current_State_sc_excerpt_phase2as2_ucfg  stack_user_cfg.o
    0x10056fa8   0x10056fa8   0x00000058   Code   RO         3959    i.smp_Execute_Actions_wrt_Current_State_sc_excerpt_phase_1_to_2  libbluenrg1_stack.a(securitymgr.o)
    0x10057000   0x10057000   0x00000008   Code   RO         2627    i.smp_Execute_Actions_wrt_Current_State_sc_excerpt_phase_1_to_2_ucfg  stack_user_cfg.o
    0x10057008   0x10057008   0x00000078   Code   RO         3961    i.smp_Get_Long_Term_Key  libbluenrg1_stack.a(securitymgr.o)
    0x10057080   0x10057080   0x00000088   Code   RO         3962    i.smp_Get_Pairing_Parameters_From_Peer_Packet  libbluenrg1_stack.a(securitymgr.o)
    0x10057108   0x10057108   0x00000032   Code   RO         5122    i.smp_Keys_Distribution_Complete  libbluenrg1_stack.a(smp_common.o)
    0x1005713a   0x1005713a   0x00000002   PAD
    0x1005713c   0x1005713c   0x00000118   Code   RO         3963    i.smp_Keys_Distribution_Send  libbluenrg1_stack.a(securitymgr.o)
    0x10057254   0x10057254   0x00000140   Code   RO         3964    i.smp_LP_MI_Compute_c1_Confirm_Value  libbluenrg1_stack.a(securitymgr.o)
    0x10057394   0x10057394   0x00000150   Code   RO         3965    i.smp_LP_SR_Compute_c1_Confirm_Value  libbluenrg1_stack.a(securitymgr.o)
    0x100574e4   0x100574e4   0x00000088   Code   RO         3966    i.smp_MI_Start_Encryption  libbluenrg1_stack.a(securitymgr.o)
    0x1005756c   0x1005756c   0x00000008   Code   RO         2628    i.smp_MI_Start_Encryption_ucfg  stack_user_cfg.o
    0x10057574   0x10057574   0x00000088   Code   RO         3968    i.smp_Process_Rx_Packet_Exception_Cases_sc_excerpt  libbluenrg1_stack.a(securitymgr.o)
    0x100575fc   0x100575fc   0x00000008   Code   RO         2629    i.smp_Process_Rx_Packet_Exception_Cases_sc_excerpt_ucfg  stack_user_cfg.o
    0x10057604   0x10057604   0x00000068   Code   RO         3970    i.smp_Process_Rx_Packet_wrt_Current_State_MI_excerpt  libbluenrg1_stack.a(securitymgr.o)
    0x1005766c   0x1005766c   0x00000008   Code   RO         2630    i.smp_Process_Rx_Packet_wrt_Current_State_MI_excerpt_ucfg  stack_user_cfg.o
    0x10057674   0x10057674   0x00000118   Code   RO         3972    i.smp_Process_Rx_Packet_wrt_Current_State_SR_excerpt  libbluenrg1_stack.a(securitymgr.o)
    0x1005778c   0x1005778c   0x00000050   Code   RO         3973    i.smp_Process_Rx_Packet_wrt_Current_State_sc_excerpt  libbluenrg1_stack.a(securitymgr.o)
    0x100577dc   0x100577dc   0x00000008   Code   RO         2631    i.smp_Process_Rx_Packet_wrt_Current_State_sc_excerpt_ucfg  stack_user_cfg.o
    0x100577e4   0x100577e4   0x00000078   Code   RO         3975    i.smp_Set_Key_Association_Method  libbluenrg1_stack.a(securitymgr.o)
    0x1005785c   0x1005785c   0x00000080   Code   RO         3976    i.smp____MI_PairingConfirm_Receive  libbluenrg1_stack.a(securitymgr.o)
    0x100578dc   0x100578dc   0x00000074   Code   RO         3977    i.smp____MI_PairingConfirm_Send  libbluenrg1_stack.a(securitymgr.o)
    0x10057950   0x10057950   0x000000e4   Code   RO         3978    i.smp____MI_PairingRandom_Receive  libbluenrg1_stack.a(securitymgr.o)
    0x10057a34   0x10057a34   0x0000006c   Code   RO         3979    i.smp____MI_PairingResponse_Receive  libbluenrg1_stack.a(securitymgr.o)
    0x10057aa0   0x10057aa0   0x00000094   Code   RO         3980    i.smp____MI_SecurityRequest_Receive  libbluenrg1_stack.a(securitymgr.o)
    0x10057b34   0x10057b34   0x0000005c   Code   RO         4005    i.smp____SC_Phase_2AS2_DHKeyCheck_Send  libbluenrg1_stack.a(smp_scv42_caf.o)
    0x10057b90   0x10057b90   0x00000134   Code   RO         4006    i.smp____SC_Phase_2AS2_Generate_DHKeyCheck  libbluenrg1_stack.a(smp_scv42_caf.o)
    0x10057cc4   0x10057cc4   0x00000030   Code   RO         4007    i.smp____SC_Phase_2AS2__Set_Addresses  libbluenrg1_stack.a(smp_scv42_caf.o)
    0x10057cf4   0x10057cf4   0x0000007a   Code   RO         3981    i.smp____SR_PairingConfirm_Receive  libbluenrg1_stack.a(securitymgr.o)
    0x10057d6e   0x10057d6e   0x00000002   PAD
    0x10057d70   0x10057d70   0x00000114   Code   RO         3982    i.smp____SR_PairingRandom_Receive  libbluenrg1_stack.a(securitymgr.o)
    0x10057e84   0x10057e84   0x0000017c   Code   RO         3983    i.smp____SR_PairingRequest_Receive  libbluenrg1_stack.a(securitymgr.o)
    0x10058000   0x10058000   0x00000050   Code   RO         4008    i.smp____sc_verify_peer_pk_and_generate_dhkey  libbluenrg1_stack.a(smp_scv42_caf.o)
    0x10058050   0x10058050   0x00000148   Code   RO         5123    i.smp_add_pairing_record_to_bonding_database  libbluenrg1_stack.a(smp_common.o)
    0x10058198   0x10058198   0x00000110   Code   RO         5124    i.smp_cmn_pairing_phase_3_keys_receiving  libbluenrg1_stack.a(smp_common.o)
    0x100582a8   0x100582a8   0x00000066   Code   RO         3984    i.smp_cmn_process_rx_packet_wrt_current_state  libbluenrg1_stack.a(securitymgr.o)
    0x1005830e   0x1005830e   0x00000002   PAD
    0x10058310   0x10058310   0x00000044   Code   RO         5125    i.smp_find_remote_device_index  libbluenrg1_stack.a(smp_common.o)
    0x10058354   0x10058354   0x00000038   Code   RO         5126    i.smp_flush_rx_queues  libbluenrg1_stack.a(smp_common.o)
    0x1005838c   0x1005838c   0x0000001e   Code   RO         5127    i.smp_get_CSRK      libbluenrg1_stack.a(smp_common.o)
    0x100583aa   0x100583aa   0x00000002   PAD
    0x100583ac   0x100583ac   0x0000003c   Code   RO         5128    i.smp_get_local_identity_address  libbluenrg1_stack.a(smp_common.o)
    0x100583e8   0x100583e8   0x0000004c   Code   RO         5129    i.smp_is_any_pairing_ongoing  libbluenrg1_stack.a(smp_common.o)
    0x10058434   0x10058434   0x00000038   Code   RO         5130    i.smp_keys_distribution_start  libbluenrg1_stack.a(smp_common.o)
    0x1005846c   0x1005846c   0x0000003c   Code   RO         5131    i.smp_oob_check_is_remote_data_present  libbluenrg1_stack.a(smp_common.o)
    0x100584a8   0x100584a8   0x00000048   Code   RO         5132    i.smp_oob_get_remote_data_reference  libbluenrg1_stack.a(smp_common.o)
    0x100584f0   0x100584f0   0x00000034   Code   RO         5133    i.smp_pairing_2octets_packet_send  libbluenrg1_stack.a(smp_common.o)
    0x10058524   0x10058524   0x00000078   Code   RO         5134    i.smp_pairing_completed  libbluenrg1_stack.a(smp_common.o)
    0x1005859c   0x1005859c   0x00000016   Code   RO         5135    i.smp_pairing_failed_receive  libbluenrg1_stack.a(smp_common.o)
    0x100585b2   0x100585b2   0x0000002a   Code   RO         5136    i.smp_pairing_failed_send  libbluenrg1_stack.a(smp_common.o)
    0x100585dc   0x100585dc   0x00000064   Code   RO         5137    i.smp_pairing_process_abort  libbluenrg1_stack.a(smp_common.o)
    0x10058640   0x10058640   0x000000f0   Code   RO         5138    i.smp_repeated_attacks_protection  libbluenrg1_stack.a(smp_common.o)
    0x10058730   0x10058730   0x00000030   Code   RO         3985    i.smp_sc_MI_PairingConfirm_Send_sc_excerpt  libbluenrg1_stack.a(securitymgr.o)
    0x10058760   0x10058760   0x00000008   Code   RO         2632    i.smp_sc_MI_PairingConfirm_Send_sc_excerpt_ucfg  stack_user_cfg.o
    0x10058768   0x10058768   0x00000044   Code   RO         3987    i.smp_sc_MI_PairingRandom_Receive_sc_excerpt1  libbluenrg1_stack.a(securitymgr.o)
    0x100587ac   0x100587ac   0x00000008   Code   RO         2633    i.smp_sc_MI_PairingRandom_Receive_sc_excerpt1_ucfg  stack_user_cfg.o
    0x100587b4   0x100587b4   0x00000068   Code   RO         3989    i.smp_sc_MI_PairingRandom_Receive_sc_excerpt2  libbluenrg1_stack.a(securitymgr.o)
    0x1005881c   0x1005881c   0x00000008   Code   RO         2634    i.smp_sc_MI_PairingRandom_Receive_sc_excerpt2_ucfg  stack_user_cfg.o
    0x10058824   0x10058824   0x00000034   Code   RO         3991    i.smp_sc_MI_PairingResponse_Receive_sc_excerpt  libbluenrg1_stack.a(securitymgr.o)
    0x10058858   0x10058858   0x00000008   Code   RO         2635    i.smp_sc_MI_PairingResponse_Receive_sc_excerpt_ucfg  stack_user_cfg.o
    0x10058860   0x10058860   0x0000002c   Code   RO         3993    i.smp_sc_MI_Pairing_Phase_2AS1_Start_sc_excerpt  libbluenrg1_stack.a(securitymgr.o)
    0x1005888c   0x1005888c   0x00000008   Code   RO         2636    i.smp_sc_MI_Pairing_Phase_2AS1_Start_sc_excerpt_ucfg  stack_user_cfg.o
    0x10058894   0x10058894   0x00000034   Code   RO         3995    i.smp_sc_SR_PairingConfirm_Receive_sc_excerpt  libbluenrg1_stack.a(securitymgr.o)
    0x100588c8   0x100588c8   0x00000008   Code   RO         2637    i.smp_sc_SR_PairingConfirm_Receive_sc_excerpt_ucfg  stack_user_cfg.o
    0x100588d0   0x100588d0   0x0000009c   Code   RO         3997    i.smp_sc_SR_PairingRandom_Receive_sc_excerpt  libbluenrg1_stack.a(securitymgr.o)
    0x1005896c   0x1005896c   0x00000008   Code   RO         2638    i.smp_sc_SR_PairingRandom_Receive_sc_excerpt_ucfg  stack_user_cfg.o
    0x10058974   0x10058974   0x00000030   Code   RO         3999    i.smp_sc_SR_Pairing_Phase_2AS1_Start_sc_excerpt  libbluenrg1_stack.a(securitymgr.o)
    0x100589a4   0x100589a4   0x00000008   Code   RO         2639    i.smp_sc_SR_Pairing_Phase_2AS1_Start_sc_excerpt_ucfg  stack_user_cfg.o
    0x100589ac   0x100589ac   0x00000030   Code   RO         4009    i.smp_sc_check_for_ecc_pk_generation_request  libbluenrg1_stack.a(smp_scv42_caf.o)
    0x100589dc   0x100589dc   0x00000008   Code   RO         2640    i.smp_sc_check_for_ecc_pk_generation_request_ucfg  stack_user_cfg.o
    0x100589e4   0x100589e4   0x00000038   Code   RO         4011    i.smp_sc_continue_on_exclusive_sc_pairing  libbluenrg1_stack.a(smp_scv42_caf.o)
    0x10058a1c   0x10058a1c   0x00000008   Code   RO         2641    i.smp_sc_continue_on_exclusive_sc_pairing_ucfg  stack_user_cfg.o
    0x10058a24   0x10058a24   0x00000020   Code   RO         4013    i.smp_sc_force_debug_private_key  libbluenrg1_stack.a(smp_scv42_caf.o)
    0x10058a44   0x10058a44   0x00000074   Code   RO         4033    i.smp_sc_hci_le_generate_dhkey_complete_evt_hndl  libbluenrg1_stack.a(smp_scv42_sap.o)
    0x10058ab8   0x10058ab8   0x00000008   Code   RO         2643    i.smp_sc_hci_le_generate_dhkey_complete_evt_hndl_ucfg  stack_user_cfg.o
    0x10058ac0   0x10058ac0   0x0000003c   Code   RO         4035    i.smp_sc_hci_le_read_local_p256_public_key_complete_evt_hndl  libbluenrg1_stack.a(smp_scv42_sap.o)
    0x10058afc   0x10058afc   0x00000008   Code   RO         2644    i.smp_sc_hci_le_read_local_p256_public_key_complete_evt_hndl_ucfg  stack_user_cfg.o
    0x10058b04   0x10058b04   0x00000038   Code   RO         4016    i.smp_sc_init       libbluenrg1_stack.a(smp_scv42_caf.o)
    0x10058b3c   0x10058b3c   0x00000008   Code   RO         2645    i.smp_sc_init_ucfg  stack_user_cfg.o
    0x10058b44   0x10058b44   0x00000040   Code   RO         4018    i.smp_sc_is_another_sc_pairing_ongoing  libbluenrg1_stack.a(smp_scv42_caf.o)
    0x10058b84   0x10058b84   0x00000010   Code   RO         4019    i.smp_sc_is_debug_key_usage_forced  libbluenrg1_stack.a(smp_scv42_caf.o)
    0x10058b94   0x10058b94   0x0000008c   Code   RO         4020    i.smp_sc_pairing_oob_confirm_receive_verify  libbluenrg1_stack.a(smp_scv42_caf.o)
    0x10058c20   0x10058c20   0x00000084   Code   RO         4021    i.smp_sc_pairing_public_key_receive  libbluenrg1_stack.a(smp_scv42_caf.o)
    0x10058ca4   0x10058ca4   0x0000006c   Code   RO         4022    i.smp_sc_pairing_public_key_send  libbluenrg1_stack.a(smp_scv42_caf.o)
    0x10058d10   0x10058d10   0x00000072   Code   RO         4023    i.smp_sc_phase_2as2_dhkey_check_receive  libbluenrg1_stack.a(smp_scv42_caf.o)
    0x10058d82   0x10058d82   0x00000002   PAD
    0x10058d84   0x10058d84   0x000000a4   Code   RO         4024    i.smp_sc_phase_2as2_start  libbluenrg1_stack.a(smp_scv42_caf.o)
    0x10058e28   0x10058e28   0x00000018   Code   RO         4025    i.smp_sc_submit_ecc_pk_generation_request  libbluenrg1_stack.a(smp_scv42_caf.o)
    0x10058e40   0x10058e40   0x00000074   Code   RO         4026    i.smp_sc_update_statistics_on_pairing_complete  libbluenrg1_stack.a(smp_scv42_caf.o)
    0x10058eb4   0x10058eb4   0x00000008   Code   RO         2646    i.smp_sc_update_statistics_on_pairing_complete_ucfg  stack_user_cfg.o
    0x10058ebc   0x10058ebc   0x00000044   Code   RO         5139    i.smp_search_blacklist  libbluenrg1_stack.a(smp_common.o)
    0x10058f00   0x10058f00   0x00000038   Code   RO         4001    i.smp_send_packet   libbluenrg1_stack.a(securitymgr.o)
    0x10058f38   0x10058f38   0x00000038   Code   RO         5140    i.smp_update_statistics_on_pairing_complete  libbluenrg1_stack.a(smp_common.o)
    0x10058f70   0x10058f70   0x000000d0   Code   RO         4933    i.start_timebase    libbluenrg1_stack.a(multi_master_time.o)
    0x10059040   0x10059040   0x00000008   Code   RO         2647    i.state_func_call_init_csr_ucfg  stack_user_cfg.o
    0x10059048   0x10059048   0x0000001e   Code   RO         4836    i.store_data        libbluenrg1_stack.a(gatt_server.o)
    0x10059066   0x10059066   0x00000002   PAD
    0x10059068   0x10059068   0x0000013c   Code   RO         3936    i.swap_slaves       libbluenrg1_stack.a(routines_support.o)
    0x100591a4   0x100591a4   0x0000000a   Code   RO         3937    i.swap_u16          libbluenrg1_stack.a(routines_support.o)
    0x100591ae   0x100591ae   0x0000000a   Code   RO         4934    i.swap_u16          libbluenrg1_stack.a(multi_master_time.o)
    0x100591b8   0x100591b8   0x0000000a   Code   RO         3938    i.swap_u32          libbluenrg1_stack.a(routines_support.o)
    0x100591c2   0x100591c2   0x0000000a   Code   RO         3939    i.swap_u8           libbluenrg1_stack.a(routines_support.o)
    0x100591cc   0x100591cc   0x00000010   Code   RO         5043    i.system_time_trans  libbluenrg1_stack.a(rom_ll_timehandling.o)
    0x100591dc   0x100591dc   0x00000030   Code   RO         5044    i.system_time_trans_ext  libbluenrg1_stack.a(rom_ll_timehandling.o)
    0x1005920c   0x1005920c   0x0000000e   Code   RO         5045    i.time_offset1      libbluenrg1_stack.a(rom_ll_timehandling.o)
    0x1005921a   0x1005921a   0x00000002   PAD
    0x1005921c   0x1005921c   0x00000010   Code   RO         5046    i.time_offset2      libbluenrg1_stack.a(rom_ll_timehandling.o)
    0x1005922c   0x1005922c   0x00000038   Code   RO         4935    i.timebase_start_connect  libbluenrg1_stack.a(multi_master_time.o)
    0x10059264   0x10059264   0x0000002e   Code   RO         3912    i.unpack_channel_map  libbluenrg1_stack.a(rom_ll_isr_routines.o)
    0x10059292   0x10059292   0x00000048   Code   RO         3913    i.unpack_update_request  libbluenrg1_stack.a(rom_ll_isr_routines.o)
    0x100592da   0x100592da   0x00000024   Code   RO         4988    i.wait_for_aes_ready  libbluenrg1_stack.a(rom_ll_isr_postproc.o)
    0x100592fe   0x100592fe   0x00000002   PAD
    0x10059300   0x10059300   0x0000007c   Code   RO         3880    i.wait_for_prescheduled_slot_cancellation  libbluenrg1_stack.a(ll_routines_master.o)
    0x1005937c   0x1005937c   0x0000007c   Code   RO         3926    i.wait_for_prescheduled_slot_cancellation  libbluenrg1_stack.a(rom_ll_ll_routines_master.o)
    0x100593f8   0x100593f8   0x0000007c   Code   RO         5019    i.wait_for_prescheduled_slot_cancellation  libbluenrg1_stack.a(rom_ll_ll_routines.o)
    0x10059474   0x10059474   0x00000004   Data   RO         2285    .constdata          sdk_eval_config.o
    0x10059478   0x10059478   0x00000004   Data   RO         2286    .constdata          sdk_eval_config.o
    0x1005947c   0x1005947c   0x00000004   Data   RO         2287    .constdata          sdk_eval_config.o
    0x10059480   0x10059480   0x00000004   Data   RO         2288    .constdata          sdk_eval_config.o
    0x10059484   0x10059484   0x00000034   Data   RO         3528    .constdata          sensordemo_central_role_main.o
    0x100594b8   0x100594b8   0x0000001a   Data   RO         3790    .constdata          libbluenrg1_stack.a(ll_isr.o)
    0x100594d2   0x100594d2   0x00000002   PAD
    0x100594d4   0x100594d4   0x00000019   Data   RO         4002    .constdata          libbluenrg1_stack.a(securitymgr.o)
    0x100594ed   0x100594ed   0x00000060   Data   RO         4028    .constdata          libbluenrg1_stack.a(smp_scv42_caf.o)
    0x1005954d   0x1005954d   0x00000003   PAD
    0x10059550   0x10059550   0x0000011c   Data   RO         4619    .constdata          libbluenrg1_stack.a(aci_events.o)
    0x1005966c   0x1005966c   0x00000040   Data   RO         4945    .constdata          libbluenrg1_stack.a(pka.o)
    0x100596ac   0x100596ac   0x00000010   Data   RO         5047    .constdata          libbluenrg1_stack.a(rom_ll_timehandling.o)
    0x100596bc   0x100596bc   0x00000010   Data   RO         5090    .constdata          libbluenrg1_stack.a(smp_algo_sap.o)
    0x100596cc   0x100596cc   0x00000010   Data   RO         5251    .constdata          libbluenrg1_stack.a(att.o)
    0x100596dc   0x100596dc   0x00000128   Data   RO         5293    .constdata          libcrypto.a(crypto.o)
    0x10059804   0x10059804   0x00000124   Data   RO         3430    .conststring        gatt_db.o
    0x10059928   0x10059928   0x000000a0   Data   RO         5661    Region$$Table       anon$$obj.o


    Execution Region BLOCK_STACKLIB_FLASH_DATA (Exec base: 0x1007f000, Load base: 0x100599c8, Size: 0x00000838, Max: 0x00001000, ABSOLUTE, UNINIT)

    Exec Addr    Load Addr    Size         Type   Attr      Idx    E Section Name        Object

    0x1007f000        -       0x00000800   Zero   RW         3530    .noinit.stacklib_flash_data  sensordemo_central_role_main.o
    0x1007f800        -       0x00000038   Zero   RW         3531    .noinit.stacklib_stored_device_id_data  sensordemo_central_role_main.o


    Execution Region ota_sw_activation_block (Exec base: 0x20000004, Load base: 0x100599c8, Size: 0x00000000, Max: 0x00000004, ABSOLUTE, UNINIT)

    **** No section assigned to this execution region ****


    Execution Region savedMSP_block (Exec base: 0x20000008, Load base: 0x100599c8, Size: 0x00000004, Max: 0x00000004, ABSOLUTE)

    Exec Addr    Load Addr    Size         Type   Attr      Idx    E Section Name        Object

    0x20000008   0x100599c8   0x00000004   Data   RW         3151    .savedMSP           system_bluenrg1.o


    Execution Region wakeupFromSleepFlag_block (Exec base: 0x2000000c, Load base: 0x100599cc, Size: 0x00000004, Max: 0x00000004, ABSOLUTE)

    Exec Addr    Load Addr    Size         Type   Attr      Idx    E Section Name        Object

    0x2000000c   0x100599cc   0x00000001   Data   RW         3152    .wakeupFromSleepFlag  system_bluenrg1.o


    Execution Region app_base_block (Exec base: 0x20000010, Load base: 0x100599d0, Size: 0x00000004, Max: 0x00000004, ABSOLUTE)

    Exec Addr    Load Addr    Size         Type   Attr      Idx    E Section Name        Object

    0x20000010   0x100599d0   0x00000004   Data   RW         3141    .app_base           system_bluenrg1.o


    Execution Region flash_sw_lock_block (Exec base: 0x20000014, Load base: 0x100599d4, Size: 0x00000004, Max: 0x00000004, ABSOLUTE)

    Exec Addr    Load Addr    Size         Type   Attr      Idx    E Section Name        Object

    0x20000014   0x100599d4   0x00000004   Data   RW         3147    .flash_sw_lock      system_bluenrg1.o


    Execution Region rfTimeout_block (Exec base: 0x20000018, Load base: 0x100599d8, Size: 0x00000004, Max: 0x00000004, ABSOLUTE)

    Exec Addr    Load Addr    Size         Type   Attr      Idx    E Section Name        Object

    0x20000018   0x100599d8   0x00000004   Data   RW         3150    .rfTimeout          system_bluenrg1.o


    Execution Region BOR_config_block (Exec base: 0x2000001c, Load base: 0x100599dc, Size: 0x00000008, Max: 0x00000008, ABSOLUTE)

    Exec Addr    Load Addr    Size         Type   Attr      Idx    E Section Name        Object

    0x2000001c   0x100599dc   0x00000007   Data   RW         3139    .BOR_config         system_bluenrg1.o


    Execution Region Blue_Flag_Ram_block (Exec base: 0x20000030, Load base: 0x100599e4, Size: 0x00000004, Max: 0x00000004, ABSOLUTE)

    Exec Addr    Load Addr    Size         Type   Attr      Idx    E Section Name        Object

    0x20000030   0x100599e4   0x00000004   Data   RW         3140    .__blueflag_RAM     system_bluenrg1.o


    Execution Region Crash_Info_block (Exec base: 0x20000034, Load base: 0x100599e8, Size: 0x00000000, Max: 0x00000028, ABSOLUTE, UNINIT)

    **** No section assigned to this execution region ****


    Execution Region BLUE (Exec base: 0x200000c0, Load base: 0x100599e8, Size: 0x0000020c, Max: 0x0000020c, ABSOLUTE, COMPRESSED[0x00000008])

    Exec Addr    Load Addr    Size         Type   Attr      Idx    E Section Name        Object

    0x200000c0   COMPRESSED   0x0000020c   Data   RW         3143    .bss.__blue_RAM     system_bluenrg1.o


    Execution Region REGION_RAM2 (Exec base: 0x200002cc, Load base: 0x100599f0, Size: 0x00000754, Max: 0x00005d34, ABSOLUTE)

    Exec Addr    Load Addr    Size         Type   Attr      Idx    E Section Name        Object

    0x200002cc   0x100599f0   0x00000004   Data   RW           10    .data               clock.o
    0x200002d0   0x100599f4   0x00000004   Data   RW          203    .data               sleep.o
    0x200002d4   0x100599f8   0x00000001   Data   RW         1049    .data               bluenrg1_pka.o
    0x200002d5   0x100599f9   0x00000003   PAD
    0x200002d8   0x100599fc   0x0000000c   Data   RW         2186    .data               sdk_eval_com.o
    0x200002e4   0x10059a08   0x00000004   Data   RW         2187    .data               sdk_eval_com.o
    0x200002e8   0x10059a0c   0x00000001   Data   RW         2309    .data               sdk_eval_config.o
    0x200002e9   0x10059a0d   0x00000003   PAD
    0x200002ec   0x10059a10   0x00000004   Data   RW         3144    .data               system_bluenrg1.o
    0x200002f0   0x10059a14   0x00000004   Data   RW         3145    .data               system_bluenrg1.o
    0x200002f4   0x10059a18   0x00000004   Data   RW         3146    .data               system_bluenrg1.o
    0x200002f8   0x10059a1c   0x0000005c   Data   RW         3431    .data               gatt_db.o
    0x20000354   0x10059a78   0x00000048   Data   RW         3791    .data               libbluenrg1_stack.a(ll_isr.o)
    0x2000039c   0x10059ac0   0x00000002   Data   RW         3881    .data               libbluenrg1_stack.a(ll_routines_master.o)
    0x2000039e   0x10059ac2   0x00000002   PAD
    0x200003a0   0x10059ac4   0x00000004   Data   RW         4892    .data               libbluenrg1_stack.a(mem_alloc.o)
    0x200003a4   0x10059ac8   0x00000002   Data   RW         4946    .data               libbluenrg1_stack.a(pka.o)
    0x200003a6   0x10059aca   0x00000002   PAD
    0x200003a8   0x10059acc   0x00000004   Data   RW         5141    .data               libbluenrg1_stack.a(smp_common.o)
    0x200003ac   0x10059ad0   0x00000004   Data   RW         5155    .data               libmaster_library_bluenrg1.a(master_basic_profile_sm.o)
    0x200003b0        -       0x00000074   Zero   RW          202    .bss                sleep.o
    0x20000424        -       0x00000400   Zero   RW         2185    .bss                sdk_eval_com.o
    0x20000824        -       0x00000020   Zero   RW         3142    .bss                system_bluenrg1.o
    0x20000844        -       0x00000154   Zero   RW         3429    .bss                gatt_db.o
    0x20000998        -       0x00000010   Zero   RW         3838    .bss                libbluenrg1_stack.a(ll_privacy.o)
    0x200009a8        -       0x00000034   Zero   RW         4891    .bss                libbluenrg1_stack.a(mem_alloc.o)
    0x200009dc        -       0x00000038   Zero   RW         5154    .bss                libmaster_library_bluenrg1.a(master_basic_profile_sm.o)
    0x20000a14        -       0x0000000c   Zero   RW         5156    .bss                libmaster_library_bluenrg1.a(master_basic_profile_sm.o)


    Execution Region REGION_RAM3 (Exec base: 0x20000a20, Load base: 0x10059ad4, Size: 0x000020a4, Max: 0x00005d34, ABSOLUTE, UNINIT)

    Exec Addr    Load Addr    Size         Type   Attr      Idx    E Section Name        Object

    0x20000a20        -       0x000020a4   Zero   RW         3529    .noinit.data        sensordemo_central_role_main.o


    Execution Region ARM_LIB_STACKHEAP (Exec base: 0x20005400, Load base: 0x10059ad4, Size: 0x00000c00, Max: 0x00000c00, ABSOLUTE)

    Exec Addr    Load Addr    Size         Type   Attr      Idx    E Section Name        Object

    0x20005400        -       0x00000c00   Zero   RW            2    ARM_LIB_STACKHEAP.bss  anon$$obj.o


==============================================================================

Image component sizes


      Code (inc. data)   RO Data    RW Data    ZI Data      Debug   Object Name

       116         34          0          0          0       2494   bluenrg1_flash.o
       212          6          0          0          0       1432   bluenrg1_gpio.o
        26          0          0          0          0       3411   bluenrg1_it.o
       392         86          0          1          0       6065   bluenrg1_pka.o
       176         20          0          0          0       1656   bluenrg1_sysctrl.o
       432         38          0          0          0       4768   bluenrg1_uart.o
        16          6          0          4          0      43695   clock.o
       160         36          0          0          0        564   context_switch.o
      3272       1590        292         92        340      15239   gatt_db.o
         0          0          0          0          0        644   lps25hb.o
        26          0          0          0          0         72   lsm6ds3.o
       192          0          0          0          0      27680   master_events_cb.o
       160         16          0          0          0       7721   misc.o
       128         20          0          0          0      10626   miscutil.o
        24          0          0          0          0       2054   osal.o
       352         32          0         16       1024       8834   sdk_eval_com.o
        24         10         16          1          0       4025   sdk_eval_config.o
       256         30         52          0      10460       5805   sensordemo_central_role_main.o
      1988        216          0          4        116      14241   sleep.o
       516          0          0          0          0      39765   stack_user_cfg.o
      1056        138        192        564         32      27117   system_bluenrg1.o

    ----------------------------------------------------------------------
      9558       2278        712        692      17092     227908   Object Totals
         0          0        160          0       5120          0   (incl. Generated)
        34          0          0         10          0          0   (incl. Padding)

    ----------------------------------------------------------------------

      Code (inc. data)   RO Data    RW Data    ZI Data      Debug   Library Member Name

      3074        274        284          0          0          0   aci_events.o
       472         44          0          0          0          0   acl.o
       268          0          0          0          0          0   acl_list.o
      1660         40          0          0          0          0   advance_wakeup_time.o
       184          0          0          0          0          0   aes128cmac.o
      5796         94         16          0          0          0   att.o
       448         10          0          0          0          0   bluenrg_gap_aci.o
       154          0          0          0          0          0   bluenrg_gatt_aci.o
        16          0          0          0          0          0   bluenrg_hal_aci.o
        42          0          0          0          0          0   bluenrg_l2cap_aci.o
      1024        106          0          0          0          0   bluenrg_main_func.o
       268         22          0          0          0          0   bluenrg_main_func_speed.o
       296         18          0          0          0          0   device_id_data.o
      1946        124          0          0          0          0   gap.o
      3750        132          0          0          0          0   gatt_client.o
      8734        328          0          0          0          0   gatt_server.o
       796         46          0          0          0          0   hal.o
      1058         52          0          0          0          0   hci.o
       902        106          0          0          0          0   host_timer.o
       500         32          0          0          0          0   isr_postproc.o
       792         36          0          0          0          0   isr_routines.o
      2014         60          0          0          0          0   l2cap.o
      7960        312         26         72          0          0   ll_isr.o
      5098        200          0          0         16          0   ll_privacy.o
      1394         92          0          0          0          0   ll_routines.o
      4796        152          0          2          0          0   ll_routines_master.o
       292         32          0          0          0          0   ll_routines_support.o
       840         28          0          4         52          0   mem_alloc.o
      1122          0          0          0          0          0   mem_buff.o
      3512        138          0          0          0          0   multi_master_time.o
        76         16          0          0          0          0   nvm.o
       208         20         64          2          0          0   pka.o
       690         42          0          0          0          0   pm.o
      1090          0          0          0          0          0   rom_att.o
       862         40          0          0          0          0   rom_gap.o
       156         16          0          0          0          0   rom_gap_rom.o
       146          4          0          0          0          0   rom_gatt_server.o
       114          0          0          0          0          0   rom_list.o
       330          8          0          0          0          0   rom_ll_isr_postproc.o
      1420         64          0          0          0          0   rom_ll_isr_routines.o
      2664        172          0          0          0          0   rom_ll_ll_routines.o
       542         40          0          0          0          0   rom_ll_ll_routines_master.o
        64         12          0          0          0          0   rom_ll_routines_support.o
       316         44         16          0          0          0   rom_ll_timehandling.o
      1394         48          0          0          0          0   routines_support.o
      2510         74          0          0          0          0   sdb.o
      6110        166         25          0          0          0   securitymgr.o
      1328         88         16          0          0          0   smp_algo_sap.o
      3796        182          0          4          0          0   smp_common.o
        52          0          0          0          0          0   smp_scv42_api.o
      1598         94         96          0          0          0   smp_scv42_caf.o
       210         14          0          0          0          0   smp_scv42_sap.o
        76          0          0          0          0          0   utils.o
      1998         30        296          0          0        608   crypto.o
      1910         32          0          0          0      32211   master_basic_profile.o
      1764         20          0          0          0      30844   master_basic_profile_events.o
      1292         68          0          4         68      13753   master_basic_profile_sm.o
        86          0          0          0          0          0   __dczerorl2.o
         0          0          0          0          0          0   entry.o
         0          0          0          0          0          0   entry10a.o
         0          0          0          0          0          0   entry11a.o
         4          0          0          0          0          0   entry12b.o
         8          4          0          0          0          0   entry3.o
         4          0          0          0          0          0   entry5.o
         0          0          0          0          0          0   entry7b.o
         0          0          0          0          0          0   entry8b.o
         8          4          0          0          0          0   entry9a.o
        30          0          0          0          0          0   handlers.o
        40          0          0          0          0         72   idiv.o
        36          8          0          0          0         68   init.o
        32          0          0          0          0         68   llshl.o
        34          0          0          0          0         68   llushr.o
        26          0          0          0          0         72   memcmp.o
        66          0          0          0          0         68   memmove.o
        36          0          0          0          0        100   memseta.o
      1172         52          0          0          0        324   printf8.o
        44          0          0          0          0         72   uidiv.o
        96          0          0          0          0         84   uldiv.o
        20          0          0          0          0         60   uread4.o

    ----------------------------------------------------------------------
     93790       3840        844         92        136      78472   Library Totals
       124          0          5          4          0          0   (incl. Padding)

    ----------------------------------------------------------------------

      Code (inc. data)   RO Data    RW Data    ZI Data      Debug   Library Name

     84960       3622        543         84         68          0   libbluenrg1_stack.a
      1998         30        296          0          0        608   libcrypto.a
      4966        120          0          4         68      76808   libmaster_library_bluenrg1.a
      1742         68          0          0          0       1056   mc_p.l

    ----------------------------------------------------------------------
     93790       3840        844         92        136      78472   Library Totals

    ----------------------------------------------------------------------

==============================================================================


      Code (inc. data)   RO Data    RW Data    ZI Data      Debug   

    103348       6118       1556        784      17228     295912   Grand Totals
    103348       6118       1556        268      17228     295912   ELF Image Totals (compressed)
    103348       6118       1556        268          0          0   ROM Totals

==============================================================================

    Total RO  Size (Code + RO Data)               104904 ( 102.45kB)
    Total RW  Size (RW Data + ZI Data)             18012 (  17.59kB)
    Total ROM Size (Code + RO Data + RW Data)     105172 ( 102.71kB)

==============================================================================

