Component: ARM Compiler 5.06 update 7 (build 960) Tool: armlink [4d3601]

==============================================================================

Section Cross References

    context_switch.o(. text) refers to system_bluenrg1.o(.savedMSP) for savedMSP
    context_switch.o(. text) refers to system_bluenrg1.o(.data) for savedICSR
    fifo.o(i._fifo_get) refers to osal.o(i.Osal_MemCpy) for Osal_MemCpy
    fifo.o(i._fifo_get) refers to idiv.o(.text) for __aeabi_idivmod
    fifo.o(i._fifo_put) refers to osal.o(i.Osal_MemCpy) for Osal_MemCpy
    fifo.o(i._fifo_put) refers to idiv.o(.text) for __aeabi_idivmod
    fifo.o(i.fifo_discard) refers to idiv.o(.text) for __aeabi_idivmod
    fifo.o(i.fifo_discard_var_len_item) refers to fifo.o(i.fifo_get) for fifo_get
    fifo.o(i.fifo_discard_var_len_item) refers to fifo.o(i.fifo_discard) for fifo_discard
    fifo.o(i.fifo_get) refers to fifo.o(i._fifo_get) for _fifo_get
    fifo.o(i.fifo_get_no_wrap) refers to fifo.o(i._fifo_get) for _fifo_get
    fifo.o(i.fifo_get_ptr_var_len_item) refers to fifo.o(i.fifo_get_ptr) for fifo_get_ptr
    fifo.o(i.fifo_get_var_len_item) refers to fifo.o(i.fifo_get) for fifo_get
    fifo.o(i.fifo_get_var_len_item) refers to fifo.o(i.fifo_get_no_wrap) for fifo_get_no_wrap
    fifo.o(i.fifo_put) refers to fifo.o(i._fifo_put) for _fifo_put
    fifo.o(i.fifo_put_var_len_item) refers to osal.o(i.Osal_MemCpy) for Osal_MemCpy
    fifo.o(i.fifo_put_var_len_item) refers to idiv.o(.text) for __aeabi_idivmod
    miscutil.o(i.BLEPLAT_get_part_info) refers to miscutil.o(i.HAL_GetPartInfo) for HAL_GetPartInfo
    miscutil.o(i.HAL_CrashHandler) refers to miscutil.o(.__crash_RAM) for crash_info_ram
    miscutil.o(i.HAL_GetCrashInfo) refers to memmove.o(.text) for __aeabi_memcpy4
    miscutil.o(i.HAL_GetCrashInfo) refers to miscutil.o(.__crash_RAM) for crash_info_ram
    osal.o(i.Osal_MemCmp) refers to memcmp.o(.text) for memcmp
    osal.o(i.Osal_MemCpy) refers to memmove.o(.text) for memcpy
    osal.o(i.Osal_MemSet) refers to memseta.o(.text) for memset
    sleep.o(i.BlueNRG_InternalSleep) refers to miscutil.o(i.HAL_GetPartInfo) for HAL_GetPartInfo
    sleep.o(i.BlueNRG_InternalSleep) refers to system_bluenrg1.o(i.SET_BORconfigStatus) for SET_BORconfigStatus
    sleep.o(i.BlueNRG_InternalSleep) refers to misc.o(i.SystemSleepCmd) for SystemSleepCmd
    sleep.o(i.BlueNRG_InternalSleep) refers to context_switch.o(. text) for CS_contextSave
    sleep.o(i.BlueNRG_InternalSleep) refers to system_bluenrg1.o(.intvec) for __vector_table
    sleep.o(i.BlueNRG_InternalSleep) refers to sleep.o(.data) for ptr
    sleep.o(i.BlueNRG_InternalSleep) refers to sleep.o(.bss) for cStackPreamble
    sleep.o(i.BlueNRG_InternalSleep) refers to system_bluenrg1.o(.flash_sw_lock) for flash_sw_lock
    sleep.o(i.BlueNRG_InternalSleep) refers to system_bluenrg1.o(.rfTimeout) for rfTimeout
    sleep.o(i.BlueNRG_InternalSleep) refers to system_bluenrg1.o(.wakeupFromSleepFlag) for wakeupFromSleepFlag
    sleep.o(i.BlueNRG_InternalSleep) refers to system_bluenrg1.o(.data) for savedNVIC_ISPR
    sleep.o(i.BlueNRG_InternalSleep) refers to system_bluenrg1.o(i.DeviceConfiguration) for DeviceConfiguration
    sleep.o(i.BlueNRG_InternalSleep) refers to sleep.o(i.frequency_switch) for frequency_switch
    sleep.o(i.BlueNRG_Sleep) refers to bluenrg_main_func_speed.o(i.BlueNRG_Stack_Perform_Deep_Sleep_Check) for BlueNRG_Stack_Perform_Deep_Sleep_Check
    sleep.o(i.BlueNRG_Sleep) refers to sleep.o(i.HAL_VTIMER_TimerSleepCheck) for HAL_VTIMER_TimerSleepCheck
    sleep.o(i.BlueNRG_Sleep) refers to transport_layer.o(i.App_SleepMode_Check) for App_SleepMode_Check
    sleep.o(i.BlueNRG_Sleep) refers to sleep.o(i.BlueNRG_InternalSleep) for BlueNRG_InternalSleep
    sleep.o(i.BlueNRG_Sleep) refers to system_bluenrg1.o(.wakeupFromSleepFlag) for wakeupFromSleepFlag
    sleep.o(i.BlueNRG_Sleep) refers to sleep.o(.bss) for sleepMode_selected
    sleep.o(i.frequency_switch) refers to bluenrg1_sysctrl.o(i.SysCtrl_GetWakeupResetReason) for SysCtrl_GetWakeupResetReason
    sleep.o(i.frequency_switch) refers to system_bluenrg1.o(.bss.__blue_RAM) for __blue_RAM
    sleep.o(i.frequency_switch) refers to system_bluenrg1.o(.rfTimeout) for rfTimeout
    bluenrg1_adc.o(i.ADC_CompensateOutputValue) refers to fmul.o(.text) for __aeabi_fmul
    bluenrg1_adc.o(i.ADC_CompensateOutputValue) refers to fadd.o(.text) for __aeabi_fsub
    bluenrg1_adc.o(i.ADC_CompensateOutputValue) refers to bluenrg1_adc.o(.data) for slope
    bluenrg1_adc.o(i.ADC_ConvertBatterySensor) refers to bluenrg1_adc.o(i.ADC_ConvertSingleEndedVoltage) for ADC_ConvertSingleEndedVoltage
    bluenrg1_adc.o(i.ADC_ConvertBatterySensor) refers to fmul.o(.text) for __aeabi_fmul
    bluenrg1_adc.o(i.ADC_ConvertDifferentialVoltage) refers to ffltui.o(.text) for __aeabi_ui2f
    bluenrg1_adc.o(i.ADC_ConvertDifferentialVoltage) refers to fflti.o(.text) for __aeabi_i2f
[...]
    0x100577be   0x100577be   0x00000002   PAD
    0x100577c0   0x100577c0   0x0000006c   Code   RO         5814    i.aci_gatt_write_permit_req_event_push  libbluenrg1_stack.a(att.o)
    0x1005782c   0x1005782c   0x0000001c   Code   RO         4752    i.aci_gatt_write_resp  libbluenrg1_stack.a(bluenrg_gatt_aci.o)
    0x10057848   0x10057848   0x0000007e   Code   RO         3054    i.aci_gatt_write_resp_process  dtm_cmd_db.o
    0x100578c6   0x100578c6   0x00000008   Code   RO         4753    i.aci_gatt_write_without_resp  libbluenrg1_stack.a(bluenrg_gatt_aci.o)
    0x100578ce   0x100578ce   0x00000076   Code   RO         3055    i.aci_gatt_write_without_resp_process  dtm_cmd_db.o
    0x10057944   0x10057944   0x00000042   Code   RO         3056    i.aci_hal_end_of_radio_activity_event  dtm_cmd_db.o
    0x10057986   0x10057986   0x00000048   Code   RO         3057    i.aci_hal_fw_error_event  dtm_cmd_db.o
    0x100579ce   0x100579ce   0x00000002   PAD
    0x100579d0   0x100579d0   0x0000005c   Code   RO         5470    i.aci_hal_fw_error_event_push  libbluenrg1_stack.a(gatt_server.o)
    0x10057a2c   0x10057a2c   0x00000008   Code   RO         4847    i.aci_hal_get_anchor_period  libbluenrg1_stack.a(hci.o)
    0x10057a34   0x10057a34   0x00000062   Code   RO         3058    i.aci_hal_get_anchor_period_process  dtm_cmd_db.o
    0x10057a96   0x10057a96   0x00000002   PAD
    0x10057a98   0x10057a98   0x00000094   Code   RO         4291    i.aci_hal_get_firmware_details  dtm_cmds.o
    0x10057b2c   0x10057b2c   0x000000ce   Code   RO         3059    i.aci_hal_get_firmware_details_process  dtm_cmd_db.o
    0x10057bfa   0x10057bfa   0x00000002   PAD
    0x10057bfc   0x10057bfc   0x0000000c   Code   RO         4756    i.aci_hal_get_fw_build_number  libbluenrg1_stack.a(bluenrg_hal_aci.o)
    0x10057c08   0x10057c08   0x00000058   Code   RO         3060    i.aci_hal_get_fw_build_number_process  dtm_cmd_db.o
    0x10057c60   0x10057c60   0x00000054   Code   RO         5027    i.aci_hal_get_link_status  libbluenrg1_stack.a(ll_routines_support.o)
    0x10057cb4   0x10057cb4   0x00000062   Code   RO         3061    i.aci_hal_get_link_status_process  dtm_cmd_db.o
    0x10057d16   0x10057d16   0x00000002   PAD
    0x10057d18   0x10057d18   0x00000018   Code   RO         4758    i.aci_hal_le_tx_test_packet_number  libbluenrg1_stack.a(bluenrg_hal_aci.o)
    0x10057d30   0x10057d30   0x00000056   Code   RO         3062    i.aci_hal_le_tx_test_packet_number_process  dtm_cmd_db.o
    0x10057d86   0x10057d86   0x00000008   Code   RO         4759    i.aci_hal_read_config_data  libbluenrg1_stack.a(bluenrg_hal_aci.o)
    0x10057d8e   0x10057d8e   0x0000008a   Code   RO         3063    i.aci_hal_read_config_data_process  dtm_cmd_db.o
    0x10057e18   0x10057e18   0x00000044   Code   RO         3064    i.aci_hal_scan_req_report_event  dtm_cmd_db.o
    0x10057e5c   0x10057e5c   0x00000020   Code   RO         4760    i.aci_hal_set_event_mask  libbluenrg1_stack.a(bluenrg_hal_aci.o)
    0x10057e7c   0x10057e7c   0x00000060   Code   RO         3065    i.aci_hal_set_event_mask_process  dtm_cmd_db.o
    0x10057edc   0x10057edc   0x00000010   Code   RO         4832    i.aci_hal_set_radio_activity_mask  libbluenrg1_stack.a(hal.o)
    0x10057eec   0x10057eec   0x00000060   Code   RO         3066    i.aci_hal_set_radio_activity_mask_process  dtm_cmd_db.o
    0x10057f4c   0x10057f4c   0x00000008   Code   RO         4761    i.aci_hal_set_tx_power_level  libbluenrg1_stack.a(bluenrg_hal_aci.o)
    0x10057f54   0x10057f54   0x0000005c   Code   RO         3067    i.aci_hal_set_tx_power_level_process  dtm_cmd_db.o
    0x10057fb0   0x10057fb0   0x000000e0   Code   RO         4762    i.aci_hal_tone_start  libbluenrg1_stack.a(bluenrg_hal_aci.o)
    0x10058090   0x10058090   0x0000005c   Code   RO         3068    i.aci_hal_tone_start_process  dtm_cmd_db.o
    0x100580ec   0x100580ec   0x00000044   Code   RO         4763    i.aci_hal_tone_stop  libbluenrg1_stack.a(bluenrg_hal_aci.o)
    0x10058130   0x10058130   0x0000004a   Code   RO         3069    i.aci_hal_tone_stop_process  dtm_cmd_db.o
    0x1005817a   0x1005817a   0x00000002   PAD
    0x1005817c   0x1005817c   0x0000005c   Code   RO         4292    i.aci_hal_transmitter_test_packets  dtm_cmds.o
    0x100581d8   0x100581d8   0x0000006e   Code   RO         3070    i.aci_hal_transmitter_test_packets_process  dtm_cmd_db.o
    0x10058246   0x10058246   0x00000002   PAD
    0x10058248   0x10058248   0x0000001c   Code   RO         4293    i.aci_hal_updater_start  dtm_cmds.o
    0x10058264   0x10058264   0x0000004a   Code   RO         3071    i.aci_hal_updater_start_process  dtm_cmd_db.o
    0x100582ae   0x100582ae   0x00000008   Code   RO         4764    i.aci_hal_write_config_data  libbluenrg1_stack.a(bluenrg_hal_aci.o)
    0x100582b6   0x100582b6   0x00000062   Code   RO         3072    i.aci_hal_write_config_data_process  dtm_cmd_db.o
    0x10058318   0x10058318   0x00000058   Code   RO         3073    i.aci_l2cap_command_reject_event  dtm_cmd_db.o
    0x10058370   0x10058370   0x00000018   Code   RO         4767    i.aci_l2cap_connection_parameter_update_req  libbluenrg1_stack.a(bluenrg_l2cap_aci.o)
    0x10058388   0x10058388   0x0000008c   Code   RO         3074    i.aci_l2cap_connection_parameter_update_req_process  dtm_cmd_db.o
    0x10058414   0x10058414   0x00000020   Code   RO         1879    i.aci_l2cap_connection_parameter_update_resp  stack_user_cfg.o
    0x10058434   0x10058434   0x0000002a   Code   RO         4768    i.aci_l2cap_connection_parameter_update_resp_api  libbluenrg1_stack.a(bluenrg_l2cap_aci.o)
    0x1005845e   0x1005845e   0x000000a6   Code   RO         3075    i.aci_l2cap_connection_parameter_update_resp_process  dtm_cmd_db.o
    0x10058504   0x10058504   0x00000062   Code   RO         3076    i.aci_l2cap_connection_update_req_event  dtm_cmd_db.o
    0x10058566   0x10058566   0x00000002   PAD
    0x10058568   0x10058568   0x00000098   Code   RO         5522    i.aci_l2cap_connection_update_req_event_push  libbluenrg1_stack.a(l2cap.o)
    0x10058600   0x10058600   0x0000003e   Code   RO         3077    i.aci_l2cap_connection_update_resp_event  dtm_cmd_db.o
    0x1005863e   0x1005863e   0x0000004a   Code   RO         3078    i.aci_l2cap_proc_timeout_event  dtm_cmd_db.o
    0x10058688   0x10058688   0x0000001e   Code   RO         4294    i.aci_test_report   dtm_cmds.o
    0x100586a6   0x100586a6   0x0000007e   Code   RO         3079    i.aci_test_report_process  dtm_cmd_db.o
    0x10058724   0x10058724   0x00000014   Code   RO         4295    i.aci_test_rx_start  dtm_cmds.o
    0x10058738   0x10058738   0x0000006e   Code   RO         3080    i.aci_test_rx_start_process  dtm_cmd_db.o
    0x100587a6   0x100587a6   0x00000024   Code   RO         4296    i.aci_test_stop     dtm_cmds.o
    0x100587ca   0x100587ca   0x00000058   Code   RO         3081    i.aci_test_stop_process  dtm_cmd_db.o
    0x10058822   0x10058822   0x00000018   Code   RO         4297    i.aci_test_tx_notification_start  dtm_cmds.o
    0x1005883a   0x1005883a   0x00000082   Code   RO         3082    i.aci_test_tx_notification_start_process  dtm_cmd_db.o
    0x100588bc   0x100588bc   0x00000014   Code   RO         4298    i.aci_test_tx_write_command_start  dtm_cmds.o
    0x100588d0   0x100588d0   0x00000074   Code   RO         3083    i.aci_test_tx_write_command_start_process  dtm_cmd_db.o
    0x10058944   0x10058944   0x00000004   Code   RO         5328    i.acl_list_first    libbluenrg1_stack.a(acl_list.o)
    0x10058948   0x10058948   0x00000026   Code   RO         5329    i.acl_list_full_on_packt  libbluenrg1_stack.a(acl_list.o)
    0x1005896e   0x1005896e   0x00000010   Code   RO         5332    i.acl_list_init     libbluenrg1_stack.a(acl_list.o)
    0x1005897e   0x1005897e   0x00000026   Code   RO         5333    i.acl_list_insert_head  libbluenrg1_stack.a(acl_list.o)
    0x100589a4   0x100589a4   0x0000002c   Code   RO         5334    i.acl_list_insert_tail  libbluenrg1_stack.a(acl_list.o)
    0x100589d0   0x100589d0   0x0000000e   Code   RO         5335    i.acl_list_is_empty  libbluenrg1_stack.a(acl_list.o)
    0x100589de   0x100589de   0x00000044   Code   RO         5337    i.acl_list_remove   libbluenrg1_stack.a(acl_list.o)
    0x10058a22   0x10058a22   0x0000002e   Code   RO         5338    i.acl_list_remove_head  libbluenrg1_stack.a(acl_list.o)
    0x10058a50   0x10058a50   0x00000260   Code   RO         5551    i.adapt_slot        libbluenrg1_stack.a(multi_master_time.o)
    0x10058cb0   0x10058cb0   0x0000001e   Code   RO         5043    i.addr_u32_from_u8  libbluenrg1_stack.a(rom_ll_isr_routines.o)
    0x10058cce   0x10058cce   0x00000020   Code   RO         5654    i.addr_u32_from_u8  libbluenrg1_stack.a(rom_ll_ll_routines.o)
    0x10058cee   0x10058cee   0x00000002   PAD
    0x10058cf0   0x10058cf0   0x0000008c   Code   RO         4818    i.advParamsCheckAndSet  libbluenrg1_stack.a(gap.o)
    0x10058d7c   0x10058d7c   0x000002d0   Code   RO         5552    i.advance_slave_timing_MultiSlave  libbluenrg1_stack.a(multi_master_time.o)
    0x1005904c   0x1005904c   0x00000084   Code   RO         4516    i.advance_spi_dma   transport_layer.o
    0x100590d0   0x100590d0   0x00000158   Code   RO         5073    i.advance_transmit  libbluenrg1_stack.a(routines_support.o)
    0x10059228   0x10059228   0x0000067c   Code   RO         5341    i.advance_wakeup_timer  libbluenrg1_stack.a(advance_wakeup_time.o)
    0x100598a4   0x100598a4   0x0000004c   Code   RO         5553    i.anchor_replace    libbluenrg1_stack.a(multi_master_time.o)
    0x100598f0   0x100598f0   0x0000001c   Code   RO         4833    i.ble_HAL_Init      libbluenrg1_stack.a(hal.o)
    0x1005990c   0x1005990c   0x000000f4   Code   RO         5044    i.cancel_connect_master  libbluenrg1_stack.a(rom_ll_isr_routines.o)
    0x10059a00   0x10059a00   0x0000000c   Code   RO         1880    i.cancel_connect_master_ucfg  stack_user_cfg.o
    0x10059a0c   0x10059a0c   0x000001a8   Code   RO         5554    i.cancel_current_master  libbluenrg1_stack.a(multi_master_time.o)
    0x10059bb4   0x10059bb4   0x00000080   Code   RO         5046    i.cancel_master     libbluenrg1_stack.a(rom_ll_isr_routines.o)
    0x10059c34   0x10059c34   0x000000c4   Code   RO         5499    i.cancel_slave      libbluenrg1_stack.a(isr_routines.o)
    0x10059cf8   0x10059cf8   0x00000024   Code   RO         5224    i.cb_aci_att_exchange_mtu_resp_event  libbluenrg1_stack.a(aci_events.o)
    0x10059d1c   0x10059d1c   0x00000020   Code   RO         5225    i.cb_aci_att_exec_write_resp_event  libbluenrg1_stack.a(aci_events.o)
    0x10059d3c   0x10059d3c   0x00000024   Code   RO         5226    i.cb_aci_att_find_by_type_value_resp_event  libbluenrg1_stack.a(aci_events.o)
    0x10059d60   0x10059d60   0x00000028   Code   RO         5227    i.cb_aci_att_find_info_resp_event  libbluenrg1_stack.a(aci_events.o)
    0x10059d88   0x10059d88   0x0000002c   Code   RO         5228    i.cb_aci_att_prepare_write_resp_event  libbluenrg1_stack.a(aci_events.o)
    0x10059db4   0x10059db4   0x00000024   Code   RO         5229    i.cb_aci_att_read_blob_resp_event  libbluenrg1_stack.a(aci_events.o)
    0x10059dd8   0x10059dd8   0x00000028   Code   RO         5230    i.cb_aci_att_read_by_group_type_resp_event  libbluenrg1_stack.a(aci_events.o)
    0x10059e00   0x10059e00   0x00000028   Code   RO         5231    i.cb_aci_att_read_by_type_resp_event  libbluenrg1_stack.a(aci_events.o)
    0x10059e28   0x10059e28   0x00000024   Code   RO         5232    i.cb_aci_att_read_multiple_resp_event  libbluenrg1_stack.a(aci_events.o)
    0x10059e4c   0x10059e4c   0x00000024   Code   RO         5233    i.cb_aci_att_read_resp_event  libbluenrg1_stack.a(aci_events.o)
    0x10059e70   0x10059e70   0x00000024   Code   RO         5234    i.cb_aci_att_write_resp_event  libbluenrg1_stack.a(aci_events.o)
    0x10059e94   0x10059e94   0x00000020   Code   RO         5235    i.cb_aci_gap_addr_not_resolved_event  libbluenrg1_stack.a(aci_events.o)
    0x10059eb4   0x10059eb4   0x00000020   Code   RO         5236    i.cb_aci_gap_authorization_req_event  libbluenrg1_stack.a(aci_events.o)
    0x10059ed4   0x10059ed4   0x0000001c   Code   RO         5237    i.cb_aci_gap_bond_lost_event  libbluenrg1_stack.a(aci_events.o)
    0x10059ef0   0x10059ef0   0x00000020   Code   RO         5238    i.cb_aci_gap_device_found_event  libbluenrg1_stack.a(aci_events.o)
    0x10059f10   0x10059f10   0x00000024   Code   RO         5239    i.cb_aci_gap_keypress_notification_event  libbluenrg1_stack.a(aci_events.o)
    0x10059f34   0x10059f34   0x0000001c   Code   RO         5240    i.cb_aci_gap_limited_discoverable_event  libbluenrg1_stack.a(aci_events.o)
    0x10059f50   0x10059f50   0x00000024   Code   RO         5241    i.cb_aci_gap_numeric_comparison_value_event  libbluenrg1_stack.a(aci_events.o)
    0x10059f74   0x10059f74   0x00000024   Code   RO         5242    i.cb_aci_gap_pairing_complete_event  libbluenrg1_stack.a(aci_events.o)
    0x10059f98   0x10059f98   0x00000020   Code   RO         5243    i.cb_aci_gap_pass_key_req_event  libbluenrg1_stack.a(aci_events.o)
    0x10059fb8   0x10059fb8   0x00000028   Code   RO         5244    i.cb_aci_gap_proc_complete_event  libbluenrg1_stack.a(aci_events.o)
    0x10059fe0   0x10059fe0   0x0000001c   Code   RO         5245    i.cb_aci_gap_slave_security_initiated_event  libbluenrg1_stack.a(aci_events.o)
    0x10059ffc   0x10059ffc   0x0000002c   Code   RO         5246    i.cb_aci_gatt_attribute_modified_event  libbluenrg1_stack.a(aci_events.o)
    0x1005a028   0x1005a028   0x00000028   Code   RO         5247    i.cb_aci_gatt_disc_read_char_by_uuid_resp_event  libbluenrg1_stack.a(aci_events.o)
    0x1005a050   0x1005a050   0x00000028   Code   RO         5248    i.cb_aci_gatt_error_resp_event  libbluenrg1_stack.a(aci_events.o)
    0x1005a078   0x1005a078   0x00000028   Code   RO         5249    i.cb_aci_gatt_indication_event  libbluenrg1_stack.a(aci_events.o)
    0x1005a0a0   0x1005a0a0   0x00000028   Code   RO         5250    i.cb_aci_gatt_notification_event  libbluenrg1_stack.a(aci_events.o)
    0x1005a0c8   0x1005a0c8   0x00000016   Code   RO         5251    i.cb_aci_gatt_prepare_write_permit_req_event  libbluenrg1_stack.a(aci_events.o)
    0x1005a0de   0x1005a0de   0x00000002   PAD
    0x1005a0e0   0x1005a0e0   0x00000024   Code   RO         5252    i.cb_aci_gatt_proc_complete_event  libbluenrg1_stack.a(aci_events.o)
    0x1005a104   0x1005a104   0x00000020   Code   RO         5253    i.cb_aci_gatt_proc_timeout_event  libbluenrg1_stack.a(aci_events.o)
    0x1005a124   0x1005a124   0x00000010   Code   RO         5254    i.cb_aci_gatt_read_multi_permit_req_event  libbluenrg1_stack.a(aci_events.o)
    0x1005a134   0x1005a134   0x00000010   Code   RO         5255    i.cb_aci_gatt_read_permit_req_event  libbluenrg1_stack.a(aci_events.o)
    0x1005a144   0x1005a144   0x0000000a   Code   RO         5256    i.cb_aci_gatt_server_confirmation_event  libbluenrg1_stack.a(aci_events.o)
    0x1005a14e   0x1005a14e   0x0000000e   Code   RO         5257    i.cb_aci_gatt_tx_pool_available_event  libbluenrg1_stack.a(aci_events.o)
    0x1005a15c   0x1005a15c   0x00000012   Code   RO         5258    i.cb_aci_gatt_write_permit_req_event  libbluenrg1_stack.a(aci_events.o)
    0x1005a16e   0x1005a16e   0x00000010   Code   RO         5259    i.cb_aci_hal_fw_error_event  libbluenrg1_stack.a(aci_events.o)
    0x1005a17e   0x1005a17e   0x00000002   PAD
    0x1005a180   0x1005a180   0x00000028   Code   RO         5260    i.cb_aci_hal_scan_req_report_event  libbluenrg1_stack.a(aci_events.o)
    0x1005a1a8   0x1005a1a8   0x00000016   Code   RO         5261    i.cb_aci_l2cap_command_reject_event  libbluenrg1_stack.a(aci_events.o)
    0x1005a1be   0x1005a1be   0x00000002   PAD
    0x1005a1c0   0x1005a1c0   0x00000034   Code   RO         5262    i.cb_aci_l2cap_connection_update_req_event  libbluenrg1_stack.a(aci_events.o)
    0x1005a1f4   0x1005a1f4   0x00000024   Code   RO         5263    i.cb_aci_l2cap_connection_update_resp_event  libbluenrg1_stack.a(aci_events.o)
    0x1005a218   0x1005a218   0x00000024   Code   RO         5264    i.cb_aci_l2cap_proc_timeout_event  libbluenrg1_stack.a(aci_events.o)
    0x1005a23c   0x1005a23c   0x00000002   Code   RO         5265    i.cb_hci_data_buffer_overflow_event  libbluenrg1_stack.a(aci_events.o)
    0x1005a23e   0x1005a23e   0x00000002   PAD
    0x1005a240   0x1005a240   0x00000024   Code   RO         5266    i.cb_hci_disconnection_complete_event  libbluenrg1_stack.a(aci_events.o)
    0x1005a264   0x1005a264   0x00000024   Code   RO         5267    i.cb_hci_encryption_change_event  libbluenrg1_stack.a(aci_events.o)
    0x1005a288   0x1005a288   0x00000024   Code   RO         5268    i.cb_hci_encryption_key_refresh_complete_event  libbluenrg1_stack.a(aci_events.o)
    0x1005a2ac   0x1005a2ac   0x00000024   Code   RO         5269    i.cb_hci_le_advertising_report_event  libbluenrg1_stack.a(aci_events.o)
    0x1005a2d0   0x1005a2d0   0x00000044   Code   RO         5270    i.cb_hci_le_connection_complete_event  libbluenrg1_stack.a(aci_events.o)
    0x1005a314   0x1005a314   0x00000030   Code   RO         5271    i.cb_hci_le_connection_update_complete_event  libbluenrg1_stack.a(aci_events.o)
    0x1005a344   0x1005a344   0x00000030   Code   RO         5272    i.cb_hci_le_data_length_change_event  libbluenrg1_stack.a(aci_events.o)
    0x1005a374   0x1005a374   0x00000024   Code   RO         5273    i.cb_hci_le_direct_advertising_report_event  libbluenrg1_stack.a(aci_events.o)
    0x1005a398   0x1005a398   0x0000004c   Code   RO         5274    i.cb_hci_le_enhanced_connection_complete_event  libbluenrg1_stack.a(aci_events.o)
    0x1005a3e4   0x1005a3e4   0x00000028   Code   RO         5275    i.cb_hci_le_generate_dhkey_complete_event  libbluenrg1_stack.a(aci_events.o)
    0x1005a40c   0x1005a40c   0x00000028   Code   RO         5276    i.cb_hci_le_long_term_key_request_event  libbluenrg1_stack.a(aci_events.o)
    0x1005a434   0x1005a434   0x00000028   Code   RO         5277    i.cb_hci_le_read_local_p256_public_key_complete_event  libbluenrg1_stack.a(aci_events.o)
    0x1005a45c   0x1005a45c   0x0000002c   Code   RO         5278    i.cb_hci_le_read_remote_used_features_complete_event  libbluenrg1_stack.a(aci_events.o)
    0x1005a488   0x1005a488   0x0000000a   Code   RO         5279    i.cb_hci_number_of_completed_packets_event  libbluenrg1_stack.a(aci_events.o)
    0x1005a492   0x1005a492   0x00000002   PAD
    0x1005a494   0x1005a494   0x00000028   Code   RO         5280    i.cb_hci_read_remote_version_information_complete_event  libbluenrg1_stack.a(aci_events.o)
    0x1005a4bc   0x1005a4bc   0x00000016   Code   RO         5281    i.cb_hci_rx_acl_data_event  libbluenrg1_stack.a(aci_events.o)
    0x1005a4d2   0x1005a4d2   0x00000022   Code   RO         5671    i.chan_remap        libbluenrg1_stack.a(rom_ll_routines_support.o)
    0x1005a4f4   0x1005a4f4   0x00000012   Code   RO         4834    i.char_copy         libbluenrg1_stack.a(hal.o)
    0x1005a506   0x1005a506   0x00000002   PAD
    0x1005a508   0x1005a508   0x000000cc   Code   RO         5009    i.check_access_address_patched  libbluenrg1_stack.a(ll_routines_master.o)
    0x1005a5d4   0x1005a5d4   0x00000168   Code   RO         2772    i.coldStartConfiguration  dtm_boot.o
    0x1005a73c   0x1005a73c   0x00000020   Code   RO         5672    i.convert_power     libbluenrg1_stack.a(rom_ll_routines_support.o)
    0x1005a75c   0x1005a75c   0x00000012   Code   RO         4918    i.copy_4_u32        libbluenrg1_stack.a(ll_isr.o)
    0x1005a76e   0x1005a76e   0x00000020   Code   RO         5788    i.copy_swap_buffer  libbluenrg1_stack.a(utils.o)
    0x1005a78e   0x1005a78e   0x00000002   PAD
    0x1005a790   0x1005a790   0x00000084   Code   RO         4919    i.copy_tx_data_packet  libbluenrg1_stack.a(ll_isr.o)
    0x1005a814   0x1005a814   0x00000004   Code   RO         1881    i.data_length_extension_csr_ucfg  stack_user_cfg.o
    0x1005a818   0x1005a818   0x00000002   Code   RO         2628    i.dtm_void_function  bluenrg1_it.o
    0x1005a81a   0x1005a81a   0x00000002   PAD
    0x1005a81c   0x1005a81c   0x00000074   Code   RO         4920    i.encrypt           libbluenrg1_stack.a(ll_isr.o)
    0x1005a890   0x1005a890   0x00000048   Code   RO         4517    i.enqueue_event     transport_layer.o
    0x1005a8d8   0x1005a8d8   0x0000006c   Code   RO         5282    i.fifoBuf_getFreeHeader  libbluenrg1_stack.a(aci_events.o)
    0x1005a944   0x1005a944   0x0000000a   Code   RO         5283    i.fifoCtrl_init     libbluenrg1_stack.a(aci_events.o)
    0x1005a94e   0x1005a94e   0x00000046   Code   RO           61    i.fifo_discard      fifo.o
    0x1005a994   0x1005a994   0x00000024   Code   RO           62    i.fifo_discard_var_len_item  fifo.o
    0x1005a9b8   0x1005a9b8   0x00000008   Code   RO           63    i.fifo_flush        fifo.o
    0x1005a9c0   0x1005a9c0   0x00000016   Code   RO           64    i.fifo_get          fifo.o
    0x1005a9d6   0x1005a9d6   0x00000024   Code   RO           65    i.fifo_get_no_wrap  fifo.o
    0x1005a9fa   0x1005a9fa   0x00000040   Code   RO           66    i.fifo_get_ptr      fifo.o
    0x1005aa3a   0x1005aa3a   0x00000022   Code   RO           67    i.fifo_get_ptr_var_len_item  fifo.o
    0x1005aa5c   0x1005aa5c   0x00000028   Code   RO           68    i.fifo_get_var_len_item  fifo.o
    0x1005aa84   0x1005aa84   0x00000010   Code   RO           69    i.fifo_init         fifo.o
    0x1005aa94   0x1005aa94   0x00000088   Code   RO           71    i.fifo_put_var_len_item  fifo.o
    0x1005ab1c   0x1005ab1c   0x00000020   Code   RO           72    i.fifo_size         fifo.o
    0x1005ab3c   0x1005ab3c   0x00000018   Code   RO         4921    i.full_state_func_call_init  libbluenrg1_stack.a(ll_isr.o)
    0x1005ab54   0x1005ab54   0x00000014   Code   RO         4819    i.gapClearAllModeFlags  libbluenrg1_stack.a(gap.o)
    0x1005ab68   0x1005ab68   0x00000014   Code   RO         5047    i.get_adv_addr      libbluenrg1_stack.a(rom_ll_isr_routines.o)
    0x1005ab7c   0x1005ab7c   0x00000048   Code   RO         5555    i.get_advertiser    libbluenrg1_stack.a(multi_master_time.o)
    0x1005abc4   0x1005abc4   0x00000088   Code   RO         5556    i.get_connection_no  libbluenrg1_stack.a(multi_master_time.o)
    0x1005ac4c   0x1005ac4c   0x00000034   Code   RO         5557    i.get_next_free_slot  libbluenrg1_stack.a(multi_master_time.o)
    0x1005ac80   0x1005ac80   0x00000014   Code   RO         5048    i.get_scan_addr     libbluenrg1_stack.a(rom_ll_isr_routines.o)
    0x1005ac94   0x1005ac94   0x00000048   Code   RO         5558    i.get_scan_connection  libbluenrg1_stack.a(multi_master_time.o)
    0x1005acdc   0x1005acdc   0x0000029c   Code   RO         5049    i.go_to_connect     libbluenrg1_stack.a(rom_ll_isr_routines.o)
    0x1005af78   0x1005af78   0x000001c0   Code   RO         5500    i.go_to_connect_master  libbluenrg1_stack.a(isr_routines.o)
    0x1005b138   0x1005b138   0x00000034   Code   RO         4835    i.hal_radio_activity_state_callback_check  libbluenrg1_stack.a(hal.o)
    0x1005b16c   0x1005b16c   0x0000001c   Code   RO         4836    i.hal_radio_activity_state_init  libbluenrg1_stack.a(hal.o)
    0x1005b188   0x1005b188   0x00000040   Code   RO         4837    i.hal_read_radio_activity_state  libbluenrg1_stack.a(hal.o)
    0x1005b1c8   0x1005b1c8   0x00000008   Code   RO         4849    i.hci_disconnect    libbluenrg1_stack.a(hci.o)
    0x1005b1d0   0x1005b1d0   0x00000064   Code   RO         3085    i.hci_disconnect_process  dtm_cmd_db.o
    0x1005b234   0x1005b234   0x00000036   Code   RO         3086    i.hci_disconnection_complete_event  dtm_cmd_db.o
    0x1005b26a   0x1005b26a   0x00000036   Code   RO         3087    i.hci_encryption_change_event  dtm_cmd_db.o
    0x1005b2a0   0x1005b2a0   0x0000005c   Code   RO         5010    i.hci_encryption_change_event_push  libbluenrg1_stack.a(ll_routines_master.o)
    0x1005b2fc   0x1005b2fc   0x00000032   Code   RO         3088    i.hci_encryption_key_refresh_complete_event  dtm_cmd_db.o
    0x1005b32e   0x1005b32e   0x00000002   PAD
    0x1005b330   0x1005b330   0x00000058   Code   RO         5011    i.hci_encryption_key_refresh_complete_event_push  libbluenrg1_stack.a(ll_routines_master.o)
    0x1005b388   0x1005b388   0x0000002a   Code   RO         3089    i.hci_hardware_error_event  dtm_cmd_db.o
    0x1005b3b2   0x1005b3b2   0x00000002   PAD
    0x1005b3b4   0x1005b3b4   0x000001e4   Code   RO         4388    i.hci_input         hci_parser.o
    0x1005b598   0x1005b598   0x00000018   Code   RO         1882    i.hci_le_add_device_to_resolving_list  stack_user_cfg.o
    0x1005b5b0   0x1005b5b0   0x00000042   Code   RO         4904    i.hci_le_add_device_to_resolving_list_api  libbluenrg1_stack.a(hci_privacy.o)
    0x1005b5f2   0x1005b5f2   0x00000064   Code   RO         3090    i.hci_le_add_device_to_resolving_list_process  dtm_cmd_db.o
    0x1005b656   0x1005b656   0x00000032   Code   RO         4850    i.hci_le_add_device_to_white_list  libbluenrg1_stack.a(hci.o)
    0x1005b688   0x1005b688   0x0000005c   Code   RO         3091    i.hci_le_add_device_to_white_list_process  dtm_cmd_db.o
    0x1005b6e4   0x1005b6e4   0x000000c0   Code   RO         3092    i.hci_le_advertising_report_event  dtm_cmd_db.o
    0x1005b7a4   0x1005b7a4   0x00000094   Code   RO         5012    i.hci_le_advertising_report_event_push  libbluenrg1_stack.a(ll_routines_master.o)
    0x1005b838   0x1005b838   0x00000008   Code   RO         1883    i.hci_le_clear_resolving_list  stack_user_cfg.o
    0x1005b840   0x1005b840   0x00000008   Code   RO         4905    i.hci_le_clear_resolving_list_api  libbluenrg1_stack.a(hci_privacy.o)
    0x1005b848   0x1005b848   0x0000004a   Code   RO         3093    i.hci_le_clear_resolving_list_process  dtm_cmd_db.o
    0x1005b892   0x1005b892   0x00000008   Code   RO         4851    i.hci_le_clear_white_list  libbluenrg1_stack.a(hci.o)
    0x1005b89a   0x1005b89a   0x0000004a   Code   RO         3094    i.hci_le_clear_white_list_process  dtm_cmd_db.o
    0x1005b8e4   0x1005b8e4   0x00000062   Code   RO         3095    i.hci_le_connection_complete_event  dtm_cmd_db.o
    0x1005b946   0x1005b946   0x00000002   PAD
    0x1005b948   0x1005b948   0x00000088   Code   RO         5013    i.hci_le_connection_complete_event_push  libbluenrg1_stack.a(ll_routines_master.o)
    0x1005b9d0   0x1005b9d0   0x00000024   Code   RO         1884    i.hci_le_connection_update  stack_user_cfg.o
    0x1005b9f4   0x1005b9f4   0x00000022   Code   RO         4852    i.hci_le_connection_update_api  libbluenrg1_stack.a(hci.o)
    0x1005ba16   0x1005ba16   0x0000004c   Code   RO         3096    i.hci_le_connection_update_complete_event  dtm_cmd_db.o
    0x1005ba62   0x1005ba62   0x00000002   PAD
    0x1005ba64   0x1005ba64   0x0000006c   Code   RO         5014    i.hci_le_connection_update_complete_event_push  libbluenrg1_stack.a(ll_routines_master.o)
    0x1005bad0   0x1005bad0   0x00000058   Code   RO         4853    i.hci_le_connection_update_param_check  libbluenrg1_stack.a(hci.o)
    0x1005bb28   0x1005bb28   0x000000a0   Code   RO         3097    i.hci_le_connection_update_process  dtm_cmd_db.o
    0x1005bbc8   0x1005bbc8   0x0000002c   Code   RO         1885    i.hci_le_create_connection  stack_user_cfg.o
    0x1005bbf4   0x1005bbf4   0x00000092   Code   RO         4854    i.hci_le_create_connection_api  libbluenrg1_stack.a(hci.o)
    0x1005bc86   0x1005bc86   0x00000008   Code   RO         1886    i.hci_le_create_connection_cancel  stack_user_cfg.o
    0x1005bc8e   0x1005bc8e   0x00000008   Code   RO         4855    i.hci_le_create_connection_cancel_api  libbluenrg1_stack.a(hci.o)
    0x1005bc96   0x1005bc96   0x0000004a   Code   RO         3098    i.hci_le_create_connection_cancel_process  dtm_cmd_db.o
    0x1005bce0   0x1005bce0   0x000000bc   Code   RO         3099    i.hci_le_create_connection_process  dtm_cmd_db.o
    0x1005bd9c   0x1005bd9c   0x00000050   Code   RO         3100    i.hci_le_data_length_change_event  dtm_cmd_db.o
    0x1005bdec   0x1005bdec   0x000000ac   Code   RO         3101    i.hci_le_direct_advertising_report_event  dtm_cmd_db.o
    0x1005be98   0x1005be98   0x0000008c   Code   RO         4975    i.hci_le_direct_advertising_report_event_push  libbluenrg1_stack.a(ll_privacy.o)
    0x1005bf24   0x1005bf24   0x0000000a   Code   RO         4856    i.hci_le_encrypt    libbluenrg1_stack.a(hci.o)
    0x1005bf2e   0x1005bf2e   0x00000064   Code   RO         3102    i.hci_le_encrypt_process  dtm_cmd_db.o
    0x1005bf92   0x1005bf92   0x0000007a   Code   RO         3103    i.hci_le_enhanced_connection_complete_event  dtm_cmd_db.o
    0x1005c00c   0x1005c00c   0x0000000c   Code   RO         1887    i.hci_le_generate_dhkey  stack_user_cfg.o
    0x1005c018   0x1005c018   0x0000007c   Code   RO         4857    i.hci_le_generate_dhkey_api  libbluenrg1_stack.a(hci.o)
    0x1005c094   0x1005c094   0x00000038   Code   RO         3104    i.hci_le_generate_dhkey_complete_event  dtm_cmd_db.o
    0x1005c0cc   0x1005c0cc   0x00000056   Code   RO         3105    i.hci_le_generate_dhkey_process  dtm_cmd_db.o
    0x1005c122   0x1005c122   0x00000044   Code   RO         3106    i.hci_le_long_term_key_request_event  dtm_cmd_db.o
    0x1005c166   0x1005c166   0x0000000e   Code   RO         4858    i.hci_le_long_term_key_request_reply  libbluenrg1_stack.a(hci.o)
    0x1005c174   0x1005c174   0x0000006c   Code   RO         3107    i.hci_le_long_term_key_request_reply_process  dtm_cmd_db.o
    0x1005c1e0   0x1005c1e0   0x0000000e   Code   RO         4859    i.hci_le_long_term_key_requested_negative_reply  libbluenrg1_stack.a(hci.o)
    0x1005c1ee   0x1005c1ee   0x0000006e   Code   RO         3108    i.hci_le_long_term_key_requested_negative_reply_process  dtm_cmd_db.o
    0x1005c25c   0x1005c25c   0x00000008   Code   RO         4860    i.hci_le_rand       libbluenrg1_stack.a(hci.o)
    0x1005c264   0x1005c264   0x00000054   Code   RO         3109    i.hci_le_rand_process  dtm_cmd_db.o
    0x1005c2b8   0x1005c2b8   0x00000008   Code   RO         4861    i.hci_le_read_advertising_channel_tx_power  libbluenrg1_stack.a(hci.o)
    0x1005c2c0   0x1005c2c0   0x00000056   Code   RO         3110    i.hci_le_read_advertising_channel_tx_power_process  dtm_cmd_db.o
    0x1005c316   0x1005c316   0x00000002   PAD
    0x1005c318   0x1005c318   0x00000038   Code   RO         4862    i.hci_le_read_buffer_size  libbluenrg1_stack.a(hci.o)
    0x1005c350   0x1005c350   0x00000060   Code   RO         3111    i.hci_le_read_buffer_size_process  dtm_cmd_db.o
    0x1005c3b0   0x1005c3b0   0x00000008   Code   RO         4863    i.hci_le_read_channel_map  libbluenrg1_stack.a(hci.o)
    0x1005c3b8   0x1005c3b8   0x0000007a   Code   RO         3112    i.hci_le_read_channel_map_process  dtm_cmd_db.o
    0x1005c432   0x1005c432   0x00000008   Code   RO         1888    i.hci_le_read_local_p256_public_key  stack_user_cfg.o
    0x1005c43a   0x1005c43a   0x00000002   PAD
    0x1005c43c   0x1005c43c   0x0000003c   Code   RO         4864    i.hci_le_read_local_p256_public_key_api  libbluenrg1_stack.a(hci.o)
    0x1005c478   0x1005c478   0x00000038   Code   RO         3113    i.hci_le_read_local_p256_public_key_complete_event  dtm_cmd_db.o
    0x1005c4b0   0x1005c4b0   0x0000004a   Code   RO         3114    i.hci_le_read_local_p256_public_key_process  dtm_cmd_db.o
    0x1005c4fa   0x1005c4fa   0x00000014   Code   RO         1889    i.hci_le_read_local_resolvable_address  stack_user_cfg.o
    0x1005c50e   0x1005c50e   0x00000028   Code   RO         4906    i.hci_le_read_local_resolvable_address_api  libbluenrg1_stack.a(hci_privacy.o)
    0x1005c536   0x1005c536   0x00000064   Code   RO         3115    i.hci_le_read_local_resolvable_address_process  dtm_cmd_db.o
    0x1005c59a   0x1005c59a   0x0000000a   Code   RO         4865    i.hci_le_read_local_supported_features  libbluenrg1_stack.a(hci.o)
    0x1005c5a4   0x1005c5a4   0x00000054   Code   RO         3116    i.hci_le_read_local_supported_features_process  dtm_cmd_db.o
    0x1005c5f8   0x1005c5f8   0x00000018   Code   RO         1890    i.hci_le_read_maximum_data_length  stack_user_cfg.o
    0x1005c610   0x1005c610   0x00000008   Code   RO         4866    i.hci_le_read_maximum_data_length_api  libbluenrg1_stack.a(hci.o)
    0x1005c618   0x1005c618   0x0000007c   Code   RO         3117    i.hci_le_read_maximum_data_length_process  dtm_cmd_db.o
    0x1005c694   0x1005c694   0x00000014   Code   RO         1891    i.hci_le_read_peer_resolvable_address  stack_user_cfg.o
    0x1005c6a8   0x1005c6a8   0x00000028   Code   RO         4907    i.hci_le_read_peer_resolvable_address_api  libbluenrg1_stack.a(hci_privacy.o)
    0x1005c6d0   0x1005c6d0   0x00000064   Code   RO         3118    i.hci_le_read_peer_resolvable_address_process  dtm_cmd_db.o
    0x1005c734   0x1005c734   0x00000018   Code   RO         4867    i.hci_le_read_remote_used_features  libbluenrg1_stack.a(hci.o)
    0x1005c74c   0x1005c74c   0x00000040   Code   RO         3119    i.hci_le_read_remote_used_features_complete_event  dtm_cmd_db.o
    0x1005c78c   0x1005c78c   0x00000060   Code   RO         3120    i.hci_le_read_remote_used_features_process  dtm_cmd_db.o
    0x1005c7ec   0x1005c7ec   0x0000000c   Code   RO         1892    i.hci_le_read_resolving_list_size  stack_user_cfg.o
    0x1005c7f8   0x1005c7f8   0x0000000e   Code   RO         4908    i.hci_le_read_resolving_list_size_api  libbluenrg1_stack.a(hci_privacy.o)
    0x1005c806   0x1005c806   0x00000054   Code   RO         3121    i.hci_le_read_resolving_list_size_process  dtm_cmd_db.o
    0x1005c85a   0x1005c85a   0x00000010   Code   RO         1893    i.hci_le_read_suggested_default_data_length  stack_user_cfg.o
    0x1005c86a   0x1005c86a   0x00000008   Code   RO         4868    i.hci_le_read_suggested_default_data_length_api  libbluenrg1_stack.a(hci.o)
    0x1005c872   0x1005c872   0x00000064   Code   RO         3122    i.hci_le_read_suggested_default_data_length_process  dtm_cmd_db.o
    0x1005c8d6   0x1005c8d6   0x0000000a   Code   RO         4869    i.hci_le_read_supported_states  libbluenrg1_stack.a(hci.o)
    0x1005c8e0   0x1005c8e0   0x00000054   Code   RO         3123    i.hci_le_read_supported_states_process  dtm_cmd_db.o
    0x1005c934   0x1005c934   0x0000000e   Code   RO         4870    i.hci_le_read_transmit_power  libbluenrg1_stack.a(hci.o)
    0x1005c942   0x1005c942   0x00000060   Code   RO         3124    i.hci_le_read_transmit_power_process  dtm_cmd_db.o
    0x1005c9a2   0x1005c9a2   0x0000000e   Code   RO         4871    i.hci_le_read_white_list_size  libbluenrg1_stack.a(hci.o)
    0x1005c9b0   0x1005c9b0   0x00000054   Code   RO         3125    i.hci_le_read_white_list_size_process  dtm_cmd_db.o
    0x1005ca04   0x1005ca04   0x0000002c   Code   RO         4872    i.hci_le_receiver_test  libbluenrg1_stack.a(hci.o)
    0x1005ca30   0x1005ca30   0x00000058   Code   RO         3126    i.hci_le_receiver_test_process  dtm_cmd_db.o
    0x1005ca88   0x1005ca88   0x00000010   Code   RO         1894    i.hci_le_remove_device_from_resolving_list  stack_user_cfg.o
    0x1005ca98   0x1005ca98   0x00000018   Code   RO         4909    i.hci_le_remove_device_from_resolving_list_api  libbluenrg1_stack.a(hci_privacy.o)
    0x1005cab0   0x1005cab0   0x0000005c   Code   RO         3127    i.hci_le_remove_device_from_resolving_list_process  dtm_cmd_db.o
    0x1005cb0c   0x1005cb0c   0x00000024   Code   RO         4873    i.hci_le_remove_device_from_white_list  libbluenrg1_stack.a(hci.o)
    0x1005cb30   0x1005cb30   0x0000005c   Code   RO         3128    i.hci_le_remove_device_from_white_list_process  dtm_cmd_db.o
    0x1005cb8c   0x1005cb8c   0x0000000c   Code   RO         1895    i.hci_le_set_address_resolution_enable  stack_user_cfg.o
    0x1005cb98   0x1005cb98   0x00000014   Code   RO         4910    i.hci_le_set_address_resolution_enable_api  libbluenrg1_stack.a(hci_privacy.o)
    0x1005cbac   0x1005cbac   0x00000058   Code   RO         3129    i.hci_le_set_address_resolution_enable_process  dtm_cmd_db.o
    0x1005cc04   0x1005cc04   0x00000040   Code   RO         4874    i.hci_le_set_advertise_enable  libbluenrg1_stack.a(hci.o)
    0x1005cc44   0x1005cc44   0x00000058   Code   RO         3130    i.hci_le_set_advertise_enable_process  dtm_cmd_db.o
    0x1005cc9c   0x1005cc9c   0x00000016   Code   RO         4875    i.hci_le_set_advertising_data  libbluenrg1_stack.a(hci.o)
    0x1005ccb2   0x1005ccb2   0x0000005c   Code   RO         3131    i.hci_le_set_advertising_data_process  dtm_cmd_db.o
    0x1005cd0e   0x1005cd0e   0x00000002   PAD
    0x1005cd10   0x1005cd10   0x00000098   Code   RO         4876    i.hci_le_set_advertising_parameters  libbluenrg1_stack.a(hci.o)
    0x1005cda8   0x1005cda8   0x00000082   Code   RO         3132    i.hci_le_set_advertising_parameters_process  dtm_cmd_db.o
    0x1005ce2a   0x1005ce2a   0x00000014   Code   RO         1896    i.hci_le_set_data_length  stack_user_cfg.o
    0x1005ce3e   0x1005ce3e   0x00000020   Code   RO         4877    i.hci_le_set_data_length_api  libbluenrg1_stack.a(hci.o)
    0x1005ce5e   0x1005ce5e   0x0000007e   Code   RO         3133    i.hci_le_set_data_length_process  dtm_cmd_db.o
    0x1005cedc   0x1005cedc   0x00000040   Code   RO         4878    i.hci_le_set_event_mask  libbluenrg1_stack.a(hci.o)
    0x1005cf1c   0x1005cf1c   0x00000054   Code   RO         3134    i.hci_le_set_event_mask_process  dtm_cmd_db.o
    0x1005cf70   0x1005cf70   0x0000000c   Code   RO         1897    i.hci_le_set_host_channel_classification  stack_user_cfg.o
    0x1005cf7c   0x1005cf7c   0x00000008   Code   RO         4879    i.hci_le_set_host_channel_classification_api  libbluenrg1_stack.a(hci.o)
    0x1005cf84   0x1005cf84   0x00000056   Code   RO         3135    i.hci_le_set_host_channel_classification_process  dtm_cmd_db.o
    0x1005cfda   0x1005cfda   0x00000014   Code   RO         1898    i.hci_le_set_privacy_mode  stack_user_cfg.o
    0x1005cfee   0x1005cfee   0x00000026   Code   RO         4911    i.hci_le_set_privacy_mode_api  libbluenrg1_stack.a(hci_privacy.o)
    0x1005d014   0x1005d014   0x0000005e   Code   RO         3136    i.hci_le_set_privacy_mode_process  dtm_cmd_db.o
    0x1005d072   0x1005d072   0x00000002   PAD
    0x1005d074   0x1005d074   0x00000058   Code   RO         4880    i.hci_le_set_random_address  libbluenrg1_stack.a(hci.o)
    0x1005d0cc   0x1005d0cc   0x00000056   Code   RO         3137    i.hci_le_set_random_address_process  dtm_cmd_db.o
    0x1005d122   0x1005d122   0x0000000c   Code   RO         1899    i.hci_le_set_resolvable_private_address_timeout  stack_user_cfg.o
    0x1005d12e   0x1005d12e   0x00000008   Code   RO         4912    i.hci_le_set_resolvable_private_address_timeout_api  libbluenrg1_stack.a(hci_privacy.o)
    0x1005d136   0x1005d136   0x00000060   Code   RO         3138    i.hci_le_set_resolvable_private_address_timeout_process  dtm_cmd_db.o
    0x1005d196   0x1005d196   0x00000010   Code   RO         1900    i.hci_le_set_scan_enable  stack_user_cfg.o
    0x1005d1a6   0x1005d1a6   0x00000002   PAD
    0x1005d1a8   0x1005d1a8   0x0000004c   Code   RO         4881    i.hci_le_set_scan_enable_api  libbluenrg1_stack.a(hci.o)
    0x1005d1f4   0x1005d1f4   0x0000005c   Code   RO         3139    i.hci_le_set_scan_enable_process  dtm_cmd_db.o
    0x1005d250   0x1005d250   0x0000001e   Code   RO         1901    i.hci_le_set_scan_parameters  stack_user_cfg.o
    0x1005d26e   0x1005d26e   0x00000002   PAD
    0x1005d270   0x1005d270   0x00000058   Code   RO         4882    i.hci_le_set_scan_parameters_api  libbluenrg1_stack.a(hci.o)
    0x1005d2c8   0x1005d2c8   0x00000076   Code   RO         3140    i.hci_le_set_scan_parameters_process  dtm_cmd_db.o
    0x1005d33e   0x1005d33e   0x00000016   Code   RO         4883    i.hci_le_set_scan_response_data  libbluenrg1_stack.a(hci.o)
    0x1005d354   0x1005d354   0x0000005c   Code   RO         3141    i.hci_le_set_scan_response_data_process  dtm_cmd_db.o
    0x1005d3b0   0x1005d3b0   0x00000018   Code   RO         1902    i.hci_le_start_encryption  stack_user_cfg.o
    0x1005d3c8   0x1005d3c8   0x0000001c   Code   RO         4884    i.hci_le_start_encryption_api  libbluenrg1_stack.a(hci.o)
    0x1005d3e4   0x1005d3e4   0x00000072   Code   RO         3142    i.hci_le_start_encryption_process  dtm_cmd_db.o
    0x1005d456   0x1005d456   0x00000002   PAD
    0x1005d458   0x1005d458   0x00000024   Code   RO         4885    i.hci_le_test_end   libbluenrg1_stack.a(hci.o)
    0x1005d47c   0x1005d47c   0x00000058   Code   RO         3143    i.hci_le_test_end_process  dtm_cmd_db.o
    0x1005d4d4   0x1005d4d4   0x0000004c   Code   RO         4886    i.hci_le_transmitter_test  libbluenrg1_stack.a(hci.o)
    0x1005d520   0x1005d520   0x0000005e   Code   RO         3144    i.hci_le_transmitter_test_process  dtm_cmd_db.o
    0x1005d57e   0x1005d57e   0x00000010   Code   RO         1903    i.hci_le_write_suggested_default_data_length  stack_user_cfg.o
    0x1005d58e   0x1005d58e   0x0000001c   Code   RO         4887    i.hci_le_write_suggested_default_data_length_api  libbluenrg1_stack.a(hci.o)
    0x1005d5aa   0x1005d5aa   0x0000006c   Code   RO         3145    i.hci_le_write_suggested_default_data_length_process  dtm_cmd_db.o
    0x1005d616   0x1005d616   0x00000002   PAD
    0x1005d618   0x1005d618   0x00000064   Code   RO         4888    i.hci_load_connParams  libbluenrg1_stack.a(hci.o)
    0x1005d67c   0x1005d67c   0x00000060   Code   RO         3146    i.hci_number_of_completed_packets_event  dtm_cmd_db.o
    0x1005d6dc   0x1005d6dc   0x00000018   Code   RO         4889    i.hci_read_bd_addr  libbluenrg1_stack.a(hci.o)
    0x1005d6f4   0x1005d6f4   0x00000054   Code   RO         3147    i.hci_read_bd_addr_process  dtm_cmd_db.o
    0x1005d748   0x1005d748   0x00000090   Code   RO         4890    i.hci_read_local_supported_commands  libbluenrg1_stack.a(hci.o)
    0x1005d7d8   0x1005d7d8   0x00000054   Code   RO         3148    i.hci_read_local_supported_commands_process  dtm_cmd_db.o
    0x1005d82c   0x1005d82c   0x00000014   Code   RO         4891    i.hci_read_local_supported_features  libbluenrg1_stack.a(hci.o)
    0x1005d840   0x1005d840   0x00000054   Code   RO         3149    i.hci_read_local_supported_features_process  dtm_cmd_db.o
    0x1005d894   0x1005d894   0x00000024   Code   RO         4892    i.hci_read_local_version_information  libbluenrg1_stack.a(hci.o)
    0x1005d8b8   0x1005d8b8   0x000000b8   Code   RO         3150    i.hci_read_local_version_information_process  dtm_cmd_db.o
    0x1005d970   0x1005d970   0x00000070   Code   RO         4893    i.hci_read_remote_version_information  libbluenrg1_stack.a(hci.o)
    0x1005d9e0   0x1005d9e0   0x00000046   Code   RO         3151    i.hci_read_remote_version_information_complete_event  dtm_cmd_db.o
    0x1005da26   0x1005da26   0x00000060   Code   RO         3152    i.hci_read_remote_version_information_process  dtm_cmd_db.o
    0x1005da86   0x1005da86   0x00000016   Code   RO         4894    i.hci_read_rssi     libbluenrg1_stack.a(hci.o)
    0x1005da9c   0x1005da9c   0x0000007c   Code   RO         3153    i.hci_read_rssi_process  dtm_cmd_db.o
    0x1005db18   0x1005db18   0x00000038   Code   RO         4895    i.hci_read_transmit_power_level  libbluenrg1_stack.a(hci.o)
    0x1005db50   0x1005db50   0x0000007a   Code   RO         3154    i.hci_read_transmit_power_level_process  dtm_cmd_db.o
    0x1005dbca   0x1005dbca   0x0000000a   Code   RO         4896    i.hci_reset         libbluenrg1_stack.a(hci.o)
    0x1005dbd4   0x1005dbd4   0x0000004a   Code   RO         3155    i.hci_reset_process  dtm_cmd_db.o
    0x1005dc1e   0x1005dc1e   0x00000002   PAD
    0x1005dc20   0x1005dc20   0x0000006c   Code   RO         4897    i.hci_rx_acl_data   libbluenrg1_stack.a(hci.o)
    0x1005dc8c   0x1005dc8c   0x00000054   Code   RO         4389    i.hci_rx_acl_data_event  hci_parser.o
    0x1005dce0   0x1005dce0   0x00000028   Code   RO         4898    i.hci_set_event_mask  libbluenrg1_stack.a(hci.o)
    0x1005dd08   0x1005dd08   0x00000054   Code   RO         3156    i.hci_set_event_mask_process  dtm_cmd_db.o
    0x1005dd5c   0x1005dd5c   0x000000c0   Code   RO         4899    i.hci_tx_acl_data   libbluenrg1_stack.a(hci.o)
    0x1005de1c   0x1005de1c   0x00000044   Code   RO         4900    i.hci_tx_acl_data_done  libbluenrg1_stack.a(hci.o)
    0x1005de60   0x1005de60   0x00000008   Code   RO         5419    i.int16ToLe2Byte    libbluenrg1_stack.a(gatt_client.o)
    0x1005de68   0x1005de68   0x0000000c   Code   RO         5015    i.int32ToLe3Byte    libbluenrg1_stack.a(ll_routines_master.o)
    0x1005de74   0x1005de74   0x00000010   Code   RO         5016    i.int32ToLe4Byte    libbluenrg1_stack.a(ll_routines_master.o)
    0x1005de84   0x1005de84   0x00000010   Code   RO         5086    i.int32ToLe4Byte    libbluenrg1_stack.a(securitymgr.o)
    0x1005de94   0x1005de94   0x00000010   Code   RO         5655    i.int32ToLe4Byte    libbluenrg1_stack.a(rom_ll_ll_routines.o)
    0x1005dea4   0x1005dea4   0x00000010   Code   RO         5703    i.int32ToLe4Byte    libbluenrg1_stack.a(sdb.o)
    0x1005deb4   0x1005deb4   0x00000040   Code   RO         5322    i.int_cb_hci_acl_data_ind_event  libbluenrg1_stack.a(acl.o)
    0x1005def4   0x1005def4   0x00000054   Code   RO         5323    i.int_cb_hci_acl_data_tx_cmpl_event  libbluenrg1_stack.a(acl.o)
    0x1005df48   0x1005df48   0x00000026   Code   RO         5302    i.int_cb_hci_disconnection_complete_event  libbluenrg1_stack.a(aci_events.o)
    0x1005df6e   0x1005df6e   0x0000001a   Code   RO         5303    i.int_cb_hci_encryption_change_event  libbluenrg1_stack.a(aci_events.o)
    0x1005df88   0x1005df88   0x0000001a   Code   RO         5304    i.int_cb_hci_encryption_key_refresh_complete_event  libbluenrg1_stack.a(aci_events.o)
    0x1005dfa2   0x1005dfa2   0x0000001e   Code   RO         5305    i.int_cb_hci_le_advertising_report_event  libbluenrg1_stack.a(aci_events.o)
    0x1005dfc0   0x1005dfc0   0x00000026   Code   RO         5306    i.int_cb_hci_le_connection_complete_event  libbluenrg1_stack.a(aci_events.o)
    0x1005dfe6   0x1005dfe6   0x00000010   Code   RO         5307    i.int_cb_hci_le_data_length_change_event  libbluenrg1_stack.a(aci_events.o)
    0x1005dff6   0x1005dff6   0x0000001e   Code   RO         5308    i.int_cb_hci_le_direct_advertising_report_event  libbluenrg1_stack.a(aci_events.o)
    0x1005e014   0x1005e014   0x00000026   Code   RO         5309    i.int_cb_hci_le_enhanced_connection_complete_event  libbluenrg1_stack.a(aci_events.o)
    0x1005e03a   0x1005e03a   0x0000001a   Code   RO         5310    i.int_cb_hci_le_generate_dhkey_complete_event  libbluenrg1_stack.a(aci_events.o)
    0x1005e054   0x1005e054   0x0000000c   Code   RO         5311    i.int_cb_hci_le_long_term_key_request_event  libbluenrg1_stack.a(aci_events.o)
    0x1005e060   0x1005e060   0x0000001a   Code   RO         5312    i.int_cb_hci_le_read_local_p256_public_key_complete_event  libbluenrg1_stack.a(aci_events.o)
    0x1005e07a   0x1005e07a   0x00000010   Code   RO         5039    i.isIdentityAddress  libbluenrg1_stack.a(rom_gap.o)
    0x1005e08a   0x1005e08a   0x0000001e   Code   RO         5789    i.is_Buffer_All_Set_To  libbluenrg1_stack.a(utils.o)
    0x1005e0a8   0x1005e0a8   0x0000004c   Code   RO         5656    i.is_connected      libbluenrg1_stack.a(rom_ll_ll_routines.o)
    0x1005e0f4   0x1005e0f4   0x00000034   Code   RO         5559    i.is_slave          libbluenrg1_stack.a(multi_master_time.o)
    0x1005e128   0x1005e128   0x00000020   Code   RO         5324    i.isr_Acl_Data_Indication_Queue_Full  libbluenrg1_stack.a(acl.o)
    0x1005e148   0x1005e148   0x00000020   Code   RO         5325    i.isr_Acl_Data_TX_Cmpl_Queue_Full  libbluenrg1_stack.a(acl.o)
    0x1005e168   0x1005e168   0x000003d0   Code   RO         4922    i.isr_advertise_state  libbluenrg1_stack.a(ll_isr.o)
    0x1005e538   0x1005e538   0x000006dc   Code   RO         4923    i.isr_connect_master_state  libbluenrg1_stack.a(ll_isr.o)
    0x1005ec14   0x1005ec14   0x000007e8   Code   RO         4924    i.isr_connect_slave_state  libbluenrg1_stack.a(ll_isr.o)
    0x1005f3fc   0x1005f3fc   0x00000660   Code   RO         5017    i.isr_event_handler  libbluenrg1_stack.a(ll_routines_master.o)
    0x1005fa5c   0x1005fa5c   0x000001fc   Code   RO         5018    i.isr_event_handler_scan_data  libbluenrg1_stack.a(ll_routines_master.o)
    0x1005fc58   0x1005fc58   0x0000000c   Code   RO         1904    i.isr_event_handler_scan_data_ucfg  stack_user_cfg.o
    0x1005fc64   0x1005fc64   0x000001f4   Code   RO         5495    i.isr_postproc      libbluenrg1_stack.a(isr_postproc.o)
    0x1005fe58   0x1005fe58   0x00000110   Code   RO         5625    i.isr_postproc1     libbluenrg1_stack.a(rom_ll_isr_postproc.o)
    0x1005ff68   0x1005ff68   0x00000016   Code   RO         5626    i.isr_postproc_encrypt_data  libbluenrg1_stack.a(rom_ll_isr_postproc.o)
    0x1005ff7e   0x1005ff7e   0x00000002   PAD
    0x1005ff80   0x1005ff80   0x00000734   Code   RO         4925    i.isr_scan_state    libbluenrg1_stack.a(ll_isr.o)
    0x100606b4   0x100606b4   0x00000038   Code   RO         4926    i.isr_test_rx_state  libbluenrg1_stack.a(ll_isr.o)
    0x100606ec   0x100606ec   0x00000068   Code   RO         4927    i.isr_test_tx_state  libbluenrg1_stack.a(ll_isr.o)
    0x10060754   0x10060754   0x0000002c   Code   RO         4928    i.isr_unknown_state  libbluenrg1_stack.a(ll_isr.o)
    0x10060780   0x10060780   0x0000000a   Code   RO         5050    i.le2ByteToInt16    libbluenrg1_stack.a(rom_ll_isr_routines.o)
    0x1006078a   0x1006078a   0x0000000a   Code   RO         5420    i.le2ByteToInt16    libbluenrg1_stack.a(gatt_client.o)
    0x10060794   0x10060794   0x00000016   Code   RO         5051    i.le4ByteToInt32    libbluenrg1_stack.a(rom_ll_isr_routines.o)
    0x100607aa   0x100607aa   0x00000016   Code   RO         5065    i.le4ByteToInt32    libbluenrg1_stack.a(rom_ll_ll_routines_master.o)
    0x100607c0   0x100607c0   0x00000016   Code   RO         5087    i.le4ByteToInt32    libbluenrg1_stack.a(securitymgr.o)
    0x100607d6   0x100607d6   0x00000016   Code   RO         5657    i.le4ByteToInt32    libbluenrg1_stack.a(rom_ll_ll_routines.o)
    0x100607ec   0x100607ec   0x00000078   Code   RO         4999    i.ll_write_supported_data  libbluenrg1_stack.a(ll_routines.o)
    0x10060864   0x10060864   0x00000018   Code   RO         1905    i.ll_write_supported_data_ucfg  stack_user_cfg.o
    0x1006087c   0x1006087c   0x0000004c   Code   RO         4705    i.load_scanParams   libbluenrg1_stack.a(bluenrg_gap_aci.o)
    0x100608c8   0x100608c8   0x00000248   Code   RO         5421    i.long_write_procedure  libbluenrg1_stack.a(gatt_client.o)
    0x10060b10   0x10060b10   0x00000020   Code   RO         5679    i.machine_time_trans  libbluenrg1_stack.a(rom_ll_timehandling.o)
    0x10060b30   0x10060b30   0x0000009c   Code   RO         4361    i.main              dtm_main.o
    0x10060bcc   0x10060bcc   0x00000004   Code   RO         1906    i.master_csr_ucfg   stack_user_cfg.o
    0x10060bd0   0x10060bd0   0x000000b8   Code   RO         5528    i.mem_alloc_ctx_init  libbluenrg1_stack.a(mem_alloc.o)
    0x10060c88   0x10060c88   0x00000008   Code   RO         5074    i.microseconds_to_machine_time  libbluenrg1_stack.a(routines_support.o)
    0x10060c90   0x10060c90   0x0000001c   Code   RO         5673    i.modulo_37         libbluenrg1_stack.a(rom_ll_routines_support.o)
    0x10060cac   0x10060cac   0x0000007c   Code   RO         2429    i.nextRF_transaction  system_bluenrg1.o
    0x10060d28   0x10060d28   0x00000018   Code   RO         5560    i.nsar_init         libbluenrg1_stack.a(multi_master_time.o)
    0x10060d40   0x10060d40   0x0000001c   Code   RO         5561    i.nsar_insertSlotListEntry  libbluenrg1_stack.a(multi_master_time.o)
    0x10060d5c   0x10060d5c   0x000000c0   Code   RO         5562    i.nsar_searchBestFreeSlot  libbluenrg1_stack.a(multi_master_time.o)
    0x10060e1c   0x10060e1c   0x0000007c   Code   RO         5563    i.nsar_searchMaxFreeSlot  libbluenrg1_stack.a(multi_master_time.o)
    0x10060e98   0x10060e98   0x00000022   Code   RO         5564    i.nsar_updateBestFreeSlot  libbluenrg1_stack.a(multi_master_time.o)
    0x10060eba   0x10060eba   0x00000002   PAD
    0x10060ebc   0x10060ebc   0x0000006c   Code   RO         5565    i.nsar_updateSlotListEntry  libbluenrg1_stack.a(multi_master_time.o)
    0x10060f28   0x10060f28   0x00000098   Code   RO         4390    i.packet_received   hci_parser.o
    0x10060fc0   0x10060fc0   0x00000070   Code   RO         2736    i.parse_cmd         cmd.o
    0x10061030   0x10061030   0x00000078   Code   RO         4518    i.process_command   transport_layer.o
    0x100610a8   0x100610a8   0x0000007c   Code   RO         5001    i.read_rssi         libbluenrg1_stack.a(ll_routines.o)
    0x10061124   0x10061124   0x00000074   Code   RO         5567    i.request_connect_slot  libbluenrg1_stack.a(multi_master_time.o)
    0x10061198   0x10061198   0x00000094   Code   RO         5568    i.request_scan_slot  libbluenrg1_stack.a(multi_master_time.o)
    0x1006122c   0x1006122c   0x000000c8   Code   RO         5569    i.reschedule_wakeup_slot  libbluenrg1_stack.a(multi_master_time.o)
    0x100612f4   0x100612f4   0x00000022   Code   RO         1123    i.rev_memcmp        bluenrg1_pka.o
    0x10061316   0x10061316   0x0000001a   Code   RO         4977    i.scan_connection_or_advertiser  libbluenrg1_stack.a(ll_privacy.o)
    0x10061330   0x10061330   0x000000b0   Code   RO         5570    i.schedule_advertise_slot  libbluenrg1_stack.a(multi_master_time.o)
    0x100613e0   0x100613e0   0x00000164   Code   RO         5704    i.sdb_delete        libbluenrg1_stack.a(sdb.o)
    0x10061544   0x10061544   0x000000c4   Code   RO         5705    i.sdb_find_client_data  libbluenrg1_stack.a(sdb.o)
    0x10061608   0x10061608   0x00000018   Code   RO         5706    i.sdb_get_gatt_db_start_address  libbluenrg1_stack.a(sdb.o)
    0x10061620   0x10061620   0x00000020   Code   RO         5707    i.sdb_invalidate_record  libbluenrg1_stack.a(sdb.o)
    0x10061640   0x10061640   0x00000014   Code   RO         5708    i.sdb_read_address_type  libbluenrg1_stack.a(sdb.o)
    0x10061654   0x10061654   0x00000024   Code   RO         5709    i.sdb_read_record   libbluenrg1_stack.a(sdb.o)
    0x10061678   0x10061678   0x00000014   Code   RO         5710    i.sdb_read_record_validity  libbluenrg1_stack.a(sdb.o)
    0x1006168c   0x1006168c   0x0000007c   Code   RO         5711    i.sdb_write_record  libbluenrg1_stack.a(sdb.o)
    0x10061708   0x10061708   0x00000004   Code   RO         1907    i.secure_connections_csr_ucfg  stack_user_cfg.o
    0x1006170c   0x1006170c   0x00000018   Code   RO         4519    i.send_command      transport_layer.o
    0x10061724   0x10061724   0x00000014   Code   RO         4520    i.send_event        transport_layer.o
    0x10061738   0x10061738   0x0000001c   Code   RO         4521    i.send_event_isr    transport_layer.o
    0x10061754   0x10061754   0x00000046   Code   RO         5422    i.send_gatt_event   libbluenrg1_stack.a(gatt_client.o)
    0x1006179a   0x1006179a   0x00000002   PAD
    0x1006179c   0x1006179c   0x00000104   Code   RO         4820    i.setGapAdvData     libbluenrg1_stack.a(gap.o)
    0x100618a0   0x100618a0   0x00000088   Code   RO         5680    i.set_freq          libbluenrg1_stack.a(rom_ll_timehandling.o)
    0x10061928   0x10061928   0x0000001c   Code   RO         5681    i.set_sca           libbluenrg1_stack.a(rom_ll_timehandling.o)
    0x10061944   0x10061944   0x00000010   Code   RO         4838    i.set_string        libbluenrg1_stack.a(hal.o)
    0x10061954   0x10061954   0x00000208   Code   RO         5075    i.slave_advance     libbluenrg1_stack.a(routines_support.o)
    0x10061b5c   0x10061b5c   0x000000c6   Code   RO         5725    i.sma_CMAC_generate_tag  libbluenrg1_stack.a(smp_algo_sap.o)
    0x10061c22   0x10061c22   0x00000036   Code   RO         5726    i.sma_Calculate_Hash  libbluenrg1_stack.a(smp_algo_sap.o)
    0x10061c58   0x10061c58   0x0000007e   Code   RO         5727    i.sma_generate_subkeys  libbluenrg1_stack.a(smp_algo_sap.o)
    0x10061cd6   0x10061cd6   0x0000002c   Code   RO         5728    i.sma_left_shift    libbluenrg1_stack.a(smp_algo_sap.o)
    0x10061d02   0x10061d02   0x00000018   Code   RO         5088    i.smp_Build_AuthReq_Field  libbluenrg1_stack.a(securitymgr.o)
    0x10061d1a   0x10061d1a   0x00000002   PAD
    0x10061d1c   0x10061d1c   0x00000038   Code   RO         5089    i.smp_Build_Pairing_ReqResp_Packet  libbluenrg1_stack.a(securitymgr.o)
    0x10061d54   0x10061d54   0x00000034   Code   RO         5090    i.smp_Check_Incoming_Pairing_Parameters  libbluenrg1_stack.a(securitymgr.o)
    0x10061d88   0x10061d88   0x0000009c   Code   RO         5091    i.smp_Determine_Key_Association_Method  libbluenrg1_stack.a(securitymgr.o)
    0x10061e24   0x10061e24   0x00000184   Code   RO         5092    i.smp_Execute_Actions_wrt_Current_State  libbluenrg1_stack.a(securitymgr.o)
    0x10061fa8   0x10061fa8   0x0000004e   Code   RO         5093    i.smp_Execute_Actions_wrt_Current_State_MI_excerpt  libbluenrg1_stack.a(securitymgr.o)
    0x10061ff6   0x10061ff6   0x0000000c   Code   RO         1908    i.smp_Execute_Actions_wrt_Current_State_MI_excerpt_ucfg  stack_user_cfg.o
    0x10062002   0x10062002   0x00000012   Code   RO         5095    i.smp_Execute_Actions_wrt_Current_State_sc_MI_excerpt_phase2as2  libbluenrg1_stack.a(securitymgr.o)
    0x10062014   0x10062014   0x0000000c   Code   RO         1909    i.smp_Execute_Actions_wrt_Current_State_sc_MI_excerpt_phase2as2_ucfg  stack_user_cfg.o
    0x10062020   0x10062020   0x00000058   Code   RO         5097    i.smp_Execute_Actions_wrt_Current_State_sc_excerpt_phase2as2  libbluenrg1_stack.a(securitymgr.o)
    0x10062078   0x10062078   0x0000000c   Code   RO         1910    i.smp_Execute_Actions_wrt_Current_State_sc_excerpt_phase2as2_ucfg  stack_user_cfg.o
    0x10062084   0x10062084   0x00000058   Code   RO         5099    i.smp_Execute_Actions_wrt_Current_State_sc_excerpt_phase_1_to_2  libbluenrg1_stack.a(securitymgr.o)
    0x100620dc   0x100620dc   0x0000000c   Code   RO         1911    i.smp_Execute_Actions_wrt_Current_State_sc_excerpt_phase_1_to_2_ucfg  stack_user_cfg.o
    0x100620e8   0x100620e8   0x00000078   Code   RO         5101    i.smp_Get_Long_Term_Key  libbluenrg1_stack.a(securitymgr.o)
    0x10062160   0x10062160   0x00000088   Code   RO         5102    i.smp_Get_Pairing_Parameters_From_Peer_Packet  libbluenrg1_stack.a(securitymgr.o)
    0x100621e8   0x100621e8   0x00000032   Code   RO         5761    i.smp_Keys_Distribution_Complete  libbluenrg1_stack.a(smp_common.o)
    0x1006221a   0x1006221a   0x00000002   PAD
    0x1006221c   0x1006221c   0x00000118   Code   RO         5103    i.smp_Keys_Distribution_Send  libbluenrg1_stack.a(securitymgr.o)
    0x10062334   0x10062334   0x00000140   Code   RO         5104    i.smp_LP_MI_Compute_c1_Confirm_Value  libbluenrg1_stack.a(securitymgr.o)
    0x10062474   0x10062474   0x00000150   Code   RO         5105    i.smp_LP_SR_Compute_c1_Confirm_Value  libbluenrg1_stack.a(securitymgr.o)
    0x100625c4   0x100625c4   0x00000088   Code   RO         5106    i.smp_MI_Start_Encryption  libbluenrg1_stack.a(securitymgr.o)
    0x1006264c   0x1006264c   0x0000000c   Code   RO         1912    i.smp_MI_Start_Encryption_ucfg  stack_user_cfg.o
    0x10062658   0x10062658   0x00000088   Code   RO         5108    i.smp_Process_Rx_Packet_Exception_Cases_sc_excerpt  libbluenrg1_stack.a(securitymgr.o)
    0x100626e0   0x100626e0   0x0000000c   Code   RO         1913    i.smp_Process_Rx_Packet_Exception_Cases_sc_excerpt_ucfg  stack_user_cfg.o
    0x100626ec   0x100626ec   0x00000068   Code   RO         5110    i.smp_Process_Rx_Packet_wrt_Current_State_MI_excerpt  libbluenrg1_stack.a(securitymgr.o)
    0x10062754   0x10062754   0x0000000c   Code   RO         1914    i.smp_Process_Rx_Packet_wrt_Current_State_MI_excerpt_ucfg  stack_user_cfg.o
    0x10062760   0x10062760   0x00000118   Code   RO         5112    i.smp_Process_Rx_Packet_wrt_Current_State_SR_excerpt  libbluenrg1_stack.a(securitymgr.o)
    0x10062878   0x10062878   0x00000050   Code   RO         5113    i.smp_Process_Rx_Packet_wrt_Current_State_sc_excerpt  libbluenrg1_stack.a(securitymgr.o)
    0x100628c8   0x100628c8   0x0000000c   Code   RO         1915    i.smp_Process_Rx_Packet_wrt_Current_State_sc_excerpt_ucfg  stack_user_cfg.o
    0x100628d4   0x100628d4   0x00000078   Code   RO         5115    i.smp_Set_Key_Association_Method  libbluenrg1_stack.a(securitymgr.o)
    0x1006294c   0x1006294c   0x00000080   Code   RO         5116    i.smp____MI_PairingConfirm_Receive  libbluenrg1_stack.a(securitymgr.o)
    0x100629cc   0x100629cc   0x00000074   Code   RO         5117    i.smp____MI_PairingConfirm_Send  libbluenrg1_stack.a(securitymgr.o)
    0x10062a40   0x10062a40   0x000000e4   Code   RO         5118    i.smp____MI_PairingRandom_Receive  libbluenrg1_stack.a(securitymgr.o)
    0x10062b24   0x10062b24   0x0000006c   Code   RO         5119    i.smp____MI_PairingResponse_Receive  libbluenrg1_stack.a(securitymgr.o)
    0x10062b90   0x10062b90   0x00000094   Code   RO         5120    i.smp____MI_SecurityRequest_Receive  libbluenrg1_stack.a(securitymgr.o)
    0x10062c24   0x10062c24   0x0000005c   Code   RO         5145    i.smp____SC_Phase_2AS2_DHKeyCheck_Send  libbluenrg1_stack.a(smp_scv42_caf.o)
    0x10062c80   0x10062c80   0x00000134   Code   RO         5146    i.smp____SC_Phase_2AS2_Generate_DHKeyCheck  libbluenrg1_stack.a(smp_scv42_caf.o)
    0x10062db4   0x10062db4   0x00000030   Code   RO         5147    i.smp____SC_Phase_2AS2__Set_Addresses  libbluenrg1_stack.a(smp_scv42_caf.o)
    0x10062de4   0x10062de4   0x0000007a   Code   RO         5121    i.smp____SR_PairingConfirm_Receive  libbluenrg1_stack.a(securitymgr.o)
    0x10062e5e   0x10062e5e   0x00000002   PAD
    0x10062e60   0x10062e60   0x00000114   Code   RO         5122    i.smp____SR_PairingRandom_Receive  libbluenrg1_stack.a(securitymgr.o)
    0x10062f74   0x10062f74   0x0000017c   Code   RO         5123    i.smp____SR_PairingRequest_Receive  libbluenrg1_stack.a(securitymgr.o)
    0x100630f0   0x100630f0   0x00000050   Code   RO         5148    i.smp____sc_verify_peer_pk_and_generate_dhkey  libbluenrg1_stack.a(smp_scv42_caf.o)
    0x10063140   0x10063140   0x00000148   Code   RO         5762    i.smp_add_pairing_record_to_bonding_database  libbluenrg1_stack.a(smp_common.o)
    0x10063288   0x10063288   0x00000110   Code   RO         5763    i.smp_cmn_pairing_phase_3_keys_receiving  libbluenrg1_stack.a(smp_common.o)
    0x10063398   0x10063398   0x00000066   Code   RO         5124    i.smp_cmn_process_rx_packet_wrt_current_state  libbluenrg1_stack.a(securitymgr.o)
    0x100633fe   0x100633fe   0x00000002   PAD
    0x10063400   0x10063400   0x00000044   Code   RO         5764    i.smp_find_remote_device_index  libbluenrg1_stack.a(smp_common.o)
    0x10063444   0x10063444   0x00000038   Code   RO         5765    i.smp_flush_rx_queues  libbluenrg1_stack.a(smp_common.o)
    0x1006347c   0x1006347c   0x0000001e   Code   RO         5766    i.smp_get_CSRK      libbluenrg1_stack.a(smp_common.o)
    0x1006349a   0x1006349a   0x00000002   PAD
    0x1006349c   0x1006349c   0x0000003c   Code   RO         5767    i.smp_get_local_identity_address  libbluenrg1_stack.a(smp_common.o)
    0x100634d8   0x100634d8   0x0000004c   Code   RO         5768    i.smp_is_any_pairing_ongoing  libbluenrg1_stack.a(smp_common.o)
    0x10063524   0x10063524   0x00000038   Code   RO         5769    i.smp_keys_distribution_start  libbluenrg1_stack.a(smp_common.o)
    0x1006355c   0x1006355c   0x0000003c   Code   RO         5770    i.smp_oob_check_is_remote_data_present  libbluenrg1_stack.a(smp_common.o)
    0x10063598   0x10063598   0x00000048   Code   RO         5771    i.smp_oob_get_remote_data_reference  libbluenrg1_stack.a(smp_common.o)
    0x100635e0   0x100635e0   0x00000034   Code   RO         5772    i.smp_pairing_2octets_packet_send  libbluenrg1_stack.a(smp_common.o)
    0x10063614   0x10063614   0x00000078   Code   RO         5773    i.smp_pairing_completed  libbluenrg1_stack.a(smp_common.o)
    0x1006368c   0x1006368c   0x00000016   Code   RO         5774    i.smp_pairing_failed_receive  libbluenrg1_stack.a(smp_common.o)
    0x100636a2   0x100636a2   0x0000002a   Code   RO         5775    i.smp_pairing_failed_send  libbluenrg1_stack.a(smp_common.o)
    0x100636cc   0x100636cc   0x00000064   Code   RO         5776    i.smp_pairing_process_abort  libbluenrg1_stack.a(smp_common.o)
    0x10063730   0x10063730   0x000000f0   Code   RO         5777    i.smp_repeated_attacks_protection  libbluenrg1_stack.a(smp_common.o)
    0x10063820   0x10063820   0x00000030   Code   RO         5125    i.smp_sc_MI_PairingConfirm_Send_sc_excerpt  libbluenrg1_stack.a(securitymgr.o)
    0x10063850   0x10063850   0x0000000c   Code   RO         1916    i.smp_sc_MI_PairingConfirm_Send_sc_excerpt_ucfg  stack_user_cfg.o
    0x1006385c   0x1006385c   0x00000044   Code   RO         5127    i.smp_sc_MI_PairingRandom_Receive_sc_excerpt1  libbluenrg1_stack.a(securitymgr.o)
    0x100638a0   0x100638a0   0x0000000c   Code   RO         1917    i.smp_sc_MI_PairingRandom_Receive_sc_excerpt1_ucfg  stack_user_cfg.o
    0x100638ac   0x100638ac   0x00000068   Code   RO         5129    i.smp_sc_MI_PairingRandom_Receive_sc_excerpt2  libbluenrg1_stack.a(securitymgr.o)
    0x10063914   0x10063914   0x0000000c   Code   RO         1918    i.smp_sc_MI_PairingRandom_Receive_sc_excerpt2_ucfg  stack_user_cfg.o
    0x10063920   0x10063920   0x00000034   Code   RO         5131    i.smp_sc_MI_PairingResponse_Receive_sc_excerpt  libbluenrg1_stack.a(securitymgr.o)
    0x10063954   0x10063954   0x0000000c   Code   RO         1919    i.smp_sc_MI_PairingResponse_Receive_sc_excerpt_ucfg  stack_user_cfg.o
    0x10063960   0x10063960   0x0000002c   Code   RO         5133    i.smp_sc_MI_Pairing_Phase_2AS1_Start_sc_excerpt  libbluenrg1_stack.a(securitymgr.o)
    0x1006398c   0x1006398c   0x0000000c   Code   RO         1920    i.smp_sc_MI_Pairing_Phase_2AS1_Start_sc_excerpt_ucfg  stack_user_cfg.o
    0x10063998   0x10063998   0x00000034   Code   RO         5135    i.smp_sc_SR_PairingConfirm_Receive_sc_excerpt  libbluenrg1_stack.a(securitymgr.o)
    0x100639cc   0x100639cc   0x0000000c   Code   RO         1921    i.smp_sc_SR_PairingConfirm_Receive_sc_excerpt_ucfg  stack_user_cfg.o
    0x100639d8   0x100639d8   0x0000009c   Code   RO         5137    i.smp_sc_SR_PairingRandom_Receive_sc_excerpt  libbluenrg1_stack.a(securitymgr.o)
    0x10063a74   0x10063a74   0x0000000c   Code   RO         1922    i.smp_sc_SR_PairingRandom_Receive_sc_excerpt_ucfg  stack_user_cfg.o
    0x10063a80   0x10063a80   0x00000030   Code   RO         5139    i.smp_sc_SR_Pairing_Phase_2AS1_Start_sc_excerpt  libbluenrg1_stack.a(securitymgr.o)
    0x10063ab0   0x10063ab0   0x0000000c   Code   RO         1923    i.smp_sc_SR_Pairing_Phase_2AS1_Start_sc_excerpt_ucfg  stack_user_cfg.o
    0x10063abc   0x10063abc   0x00000030   Code   RO         5149    i.smp_sc_check_for_ecc_pk_generation_request  libbluenrg1_stack.a(smp_scv42_caf.o)
    0x10063aec   0x10063aec   0x00000008   Code   RO         1924    i.smp_sc_check_for_ecc_pk_generation_request_ucfg  stack_user_cfg.o
    0x10063af4   0x10063af4   0x00000038   Code   RO         5151    i.smp_sc_continue_on_exclusive_sc_pairing  libbluenrg1_stack.a(smp_scv42_caf.o)
    0x10063b2c   0x10063b2c   0x0000000c   Code   RO         1925    i.smp_sc_continue_on_exclusive_sc_pairing_ucfg  stack_user_cfg.o
    0x10063b38   0x10063b38   0x00000020   Code   RO         5153    i.smp_sc_force_debug_private_key  libbluenrg1_stack.a(smp_scv42_caf.o)
    0x10063b58   0x10063b58   0x00000044   Code   RO         5154    i.smp_sc_generate_new_local_oob_data  libbluenrg1_stack.a(smp_scv42_caf.o)
    0x10063b9c   0x10063b9c   0x00000008   Code   RO         1926    i.smp_sc_generate_new_local_oob_data_ucfg  stack_user_cfg.o
    0x10063ba4   0x10063ba4   0x00000074   Code   RO         5173    i.smp_sc_hci_le_generate_dhkey_complete_evt_hndl  libbluenrg1_stack.a(smp_scv42_sap.o)
    0x10063c18   0x10063c18   0x0000000c   Code   RO         1927    i.smp_sc_hci_le_generate_dhkey_complete_evt_hndl_ucfg  stack_user_cfg.o
    0x10063c24   0x10063c24   0x0000003c   Code   RO         5175    i.smp_sc_hci_le_read_local_p256_public_key_complete_evt_hndl  libbluenrg1_stack.a(smp_scv42_sap.o)
    0x10063c60   0x10063c60   0x0000000c   Code   RO         1928    i.smp_sc_hci_le_read_local_p256_public_key_complete_evt_hndl_ucfg  stack_user_cfg.o
    0x10063c6c   0x10063c6c   0x00000038   Code   RO         5156    i.smp_sc_init       libbluenrg1_stack.a(smp_scv42_caf.o)
    0x10063ca4   0x10063ca4   0x0000000c   Code   RO         1929    i.smp_sc_init_ucfg  stack_user_cfg.o
    0x10063cb0   0x10063cb0   0x00000040   Code   RO         5158    i.smp_sc_is_another_sc_pairing_ongoing  libbluenrg1_stack.a(smp_scv42_caf.o)
    0x10063cf0   0x10063cf0   0x00000010   Code   RO         5159    i.smp_sc_is_debug_key_usage_forced  libbluenrg1_stack.a(smp_scv42_caf.o)
    0x10063d00   0x10063d00   0x0000008c   Code   RO         5160    i.smp_sc_pairing_oob_confirm_receive_verify  libbluenrg1_stack.a(smp_scv42_caf.o)
    0x10063d8c   0x10063d8c   0x00000084   Code   RO         5161    i.smp_sc_pairing_public_key_receive  libbluenrg1_stack.a(smp_scv42_caf.o)
    0x10063e10   0x10063e10   0x0000006c   Code   RO         5162    i.smp_sc_pairing_public_key_send  libbluenrg1_stack.a(smp_scv42_caf.o)
    0x10063e7c   0x10063e7c   0x00000072   Code   RO         5163    i.smp_sc_phase_2as2_dhkey_check_receive  libbluenrg1_stack.a(smp_scv42_caf.o)
    0x10063eee   0x10063eee   0x00000002   PAD
    0x10063ef0   0x10063ef0   0x000000a4   Code   RO         5164    i.smp_sc_phase_2as2_start  libbluenrg1_stack.a(smp_scv42_caf.o)
    0x10063f94   0x10063f94   0x00000018   Code   RO         5165    i.smp_sc_submit_ecc_pk_generation_request  libbluenrg1_stack.a(smp_scv42_caf.o)
    0x10063fac   0x10063fac   0x00000074   Code   RO         5166    i.smp_sc_update_statistics_on_pairing_complete  libbluenrg1_stack.a(smp_scv42_caf.o)
    0x10064020   0x10064020   0x0000000c   Code   RO         1930    i.smp_sc_update_statistics_on_pairing_complete_ucfg  stack_user_cfg.o
    0x1006402c   0x1006402c   0x00000044   Code   RO         5778    i.smp_search_blacklist  libbluenrg1_stack.a(smp_common.o)
    0x10064070   0x10064070   0x00000038   Code   RO         5141    i.smp_send_packet   libbluenrg1_stack.a(securitymgr.o)
    0x100640a8   0x100640a8   0x00000038   Code   RO         5779    i.smp_update_statistics_on_pairing_complete  libbluenrg1_stack.a(smp_common.o)
    0x100640e0   0x100640e0   0x000000d0   Code   RO         5571    i.start_timebase    libbluenrg1_stack.a(multi_master_time.o)
    0x100641b0   0x100641b0   0x00000008   Code   RO         1931    i.state_func_call_init_csr_ucfg  stack_user_cfg.o
    0x100641b8   0x100641b8   0x0000001e   Code   RO         5471    i.store_data        libbluenrg1_stack.a(gatt_server.o)
    0x100641d6   0x100641d6   0x00000002   PAD
    0x100641d8   0x100641d8   0x0000013c   Code   RO         5076    i.swap_slaves       libbluenrg1_stack.a(routines_support.o)
    0x10064314   0x10064314   0x0000000a   Code   RO         5077    i.swap_u16          libbluenrg1_stack.a(routines_support.o)
    0x1006431e   0x1006431e   0x0000000a   Code   RO         5572    i.swap_u16          libbluenrg1_stack.a(multi_master_time.o)
    0x10064328   0x10064328   0x0000000a   Code   RO         5078    i.swap_u32          libbluenrg1_stack.a(routines_support.o)
    0x10064332   0x10064332   0x0000000a   Code   RO         5079    i.swap_u8           libbluenrg1_stack.a(routines_support.o)
    0x1006433c   0x1006433c   0x00000010   Code   RO         5682    i.system_time_trans  libbluenrg1_stack.a(rom_ll_timehandling.o)
    0x1006434c   0x1006434c   0x00000030   Code   RO         5683    i.system_time_trans_ext  libbluenrg1_stack.a(rom_ll_timehandling.o)
    0x1006437c   0x1006437c   0x0000000e   Code   RO         5684    i.time_offset1      libbluenrg1_stack.a(rom_ll_timehandling.o)
    0x1006438a   0x1006438a   0x00000002   PAD
    0x1006438c   0x1006438c   0x00000010   Code   RO         5685    i.time_offset2      libbluenrg1_stack.a(rom_ll_timehandling.o)
    0x1006439c   0x1006439c   0x00000038   Code   RO         5573    i.timebase_start_connect  libbluenrg1_stack.a(multi_master_time.o)
    0x100643d4   0x100643d4   0x000000b0   Code   RO         4522    i.transport_layer_init  transport_layer.o
    0x10064484   0x10064484   0x00000060   Code   RO         4523    i.transport_layer_spi_receive_data  transport_layer.o
    0x100644e4   0x100644e4   0x00000080   Code   RO         4524    i.transport_layer_spi_send_data  transport_layer.o
    0x10064564   0x10064564   0x000000bc   Code   RO         4525    i.transport_layer_tick  transport_layer.o
    0x10064620   0x10064620   0x00000164   Code   RO         4526    i.transport_layer_tick_SPI  transport_layer.o
    0x10064784   0x10064784   0x00000070   Code   RO         4527    i.transport_layer_tick_UART  transport_layer.o
    0x100647f4   0x100647f4   0x0000007c   Code   RO         4528    i.transport_layer_tick_UARTSLEEP  transport_layer.o
    0x10064870   0x10064870   0x00000028   Code   RO         4529    i.transport_layer_uart_send_data  transport_layer.o
    0x10064898   0x10064898   0x00000040   Code   RO         4530    i.transport_layer_uartsleep_send_data  transport_layer.o
    0x100648d8   0x100648d8   0x0000002e   Code   RO         5052    i.unpack_channel_map  libbluenrg1_stack.a(rom_ll_isr_routines.o)
    0x10064906   0x10064906   0x00000048   Code   RO         5053    i.unpack_update_request  libbluenrg1_stack.a(rom_ll_isr_routines.o)
    0x1006494e   0x1006494e   0x00000024   Code   RO         5674    i.wait_for_RadioConfig_ready  libbluenrg1_stack.a(rom_ll_routines_support.o)
    0x10064972   0x10064972   0x00000024   Code   RO         5627    i.wait_for_aes_ready  libbluenrg1_stack.a(rom_ll_isr_postproc.o)
    0x10064996   0x10064996   0x00000002   PAD
    0x10064998   0x10064998   0x0000007c   Code   RO         5020    i.wait_for_prescheduled_slot_cancellation  libbluenrg1_stack.a(ll_routines_master.o)
    0x10064a14   0x10064a14   0x0000007c   Code   RO         5066    i.wait_for_prescheduled_slot_cancellation  libbluenrg1_stack.a(rom_ll_ll_routines_master.o)
    0x10064a90   0x10064a90   0x0000007c   Code   RO         5658    i.wait_for_prescheduled_slot_cancellation  libbluenrg1_stack.a(rom_ll_ll_routines.o)
    0x10064b0c   0x10064b0c   0x0000002c   Code   RO         5659    i.write_radio_config  libbluenrg1_stack.a(rom_ll_ll_routines.o)
    0x10064b38   0x10064b38   0x00000018   Data   RO         2629    .constdata          bluenrg1_it.o
    0x10064b50   0x10064b50   0x0000000c   Data   RO         2774    .constdata          dtm_boot.o
    0x10064b5c   0x10064b5c   0x00000520   Data   RO         3157    .constdata          dtm_cmd_db.o
    0x1006507c   0x1006507c   0x00000003   Data   RO         4299    .constdata          dtm_cmds.o
    0x1006507f   0x1006507f   0x00000001   PAD
    0x10065080   0x10065080   0x0000005c   Data   RO         4438    .constdata          hw_config.o
    0x100650dc   0x100650dc   0x00000024   Data   RO         4532    .constdata          transport_layer.o
    0x10065100   0x10065100   0x0000001a   Data   RO         4930    .constdata          libbluenrg1_stack.a(ll_isr.o)
    0x1006511a   0x1006511a   0x00000002   PAD
    0x1006511c   0x1006511c   0x00000019   Data   RO         5142    .constdata          libbluenrg1_stack.a(securitymgr.o)
    0x10065135   0x10065135   0x00000060   Data   RO         5168    .constdata          libbluenrg1_stack.a(smp_scv42_caf.o)
    0x10065195   0x10065195   0x00000003   PAD
    0x10065198   0x10065198   0x0000011c   Data   RO         5313    .constdata          libbluenrg1_stack.a(aci_events.o)
    0x100652b4   0x100652b4   0x00000040   Data   RO         5583    .constdata          libbluenrg1_stack.a(pka.o)
    0x100652f4   0x100652f4   0x00000010   Data   RO         5686    .constdata          libbluenrg1_stack.a(rom_ll_timehandling.o)
    0x10065304   0x10065304   0x00000010   Data   RO         5729    .constdata          libbluenrg1_stack.a(smp_algo_sap.o)
    0x10065314   0x10065314   0x00000010   Data   RO         5815    .constdata          libbluenrg1_stack.a(att.o)
    0x10065324   0x10065324   0x00000128   Data   RO         5856    .constdata          libcrypto.a(crypto.o)
    0x1006544c   0x1006544c   0x000000a0   Data   RO         5957    Region$$Table       anon$$obj.o


    Execution Region BLOCK_STACKLIB_FLASH_DATA (Exec base: 0x1007f000, Load base: 0x100654ec, Size: 0x00000838, Max: 0x00001000, ABSOLUTE, UNINIT)

    Exec Addr    Load Addr    Size         Type   Attr      Idx    E Section Name        Object

    0x1007f000        -       0x00000800   Zero   RW         2777    .noinit.stacklib_flash_data  dtm_boot.o
    0x1007f800        -       0x00000038   Zero   RW         2778    .noinit.stacklib_stored_device_id_data  dtm_boot.o


    Execution Region ota_sw_activation_block (Exec base: 0x20000004, Load base: 0x100654ec, Size: 0x00000000, Max: 0x00000004, ABSOLUTE, UNINIT)

    **** No section assigned to this execution region ****


    Execution Region savedMSP_block (Exec base: 0x20000008, Load base: 0x100654ec, Size: 0x00000004, Max: 0x00000004, ABSOLUTE)

    Exec Addr    Load Addr    Size         Type   Attr      Idx    E Section Name        Object

    0x20000008   0x100654ec   0x00000004   Data   RW         2440    .savedMSP           system_bluenrg1.o


    Execution Region wakeupFromSleepFlag_block (Exec base: 0x2000000c, Load base: 0x100654f0, Size: 0x00000004, Max: 0x00000004, ABSOLUTE)

    Exec Addr    Load Addr    Size         Type   Attr      Idx    E Section Name        Object

    0x2000000c   0x100654f0   0x00000001   Data   RW         2441    .wakeupFromSleepFlag  system_bluenrg1.o


    Execution Region app_base_block (Exec base: 0x20000010, Load base: 0x100654f4, Size: 0x00000004, Max: 0x00000004, ABSOLUTE)

    Exec Addr    Load Addr    Size         Type   Attr      Idx    E Section Name        Object

    0x20000010   0x100654f4   0x00000004   Data   RW         2432    .app_base           system_bluenrg1.o


    Execution Region flash_sw_lock_block (Exec base: 0x20000014, Load base: 0x100654f8, Size: 0x00000004, Max: 0x00000004, ABSOLUTE)

    Exec Addr    Load Addr    Size         Type   Attr      Idx    E Section Name        Object

    0x20000014   0x100654f8   0x00000004   Data   RW         2436    .flash_sw_lock      system_bluenrg1.o


    Execution Region rfTimeout_block (Exec base: 0x20000018, Load base: 0x100654fc, Size: 0x00000004, Max: 0x00000004, ABSOLUTE)

    Exec Addr    Load Addr    Size         Type   Attr      Idx    E Section Name        Object

    0x20000018   0x100654fc   0x00000004   Data   RW         2439    .rfTimeout          system_bluenrg1.o


    Execution Region BOR_config_block (Exec base: 0x2000001c, Load base: 0x10065500, Size: 0x00000008, Max: 0x00000008, ABSOLUTE)

    Exec Addr    Load Addr    Size         Type   Attr      Idx    E Section Name        Object

    0x2000001c   0x10065500   0x00000007   Data   RW         2430    .BOR_config         system_bluenrg1.o


    Execution Region Blue_Flag_Ram_block (Exec base: 0x20000030, Load base: 0x10065508, Size: 0x00000004, Max: 0x00000004, ABSOLUTE)

    Exec Addr    Load Addr    Size         Type   Attr      Idx    E Section Name        Object

    0x20000030   0x10065508   0x00000004   Data   RW         2431    .__blueflag_RAM     system_bluenrg1.o


    Execution Region Crash_Info_block (Exec base: 0x20000034, Load base: 0x1006550c, Size: 0x00000028, Max: 0x00000028, ABSOLUTE, UNINIT)

    Exec Addr    Load Addr    Size         Type   Attr      Idx    E Section Name        Object

    0x20000034        -       0x00000028   Zero   RW          158    .__crash_RAM        miscutil.o


    Execution Region BLUE (Exec base: 0x200000c0, Load base: 0x1006550c, Size: 0x0000020c, Max: 0x0000020c, ABSOLUTE, COMPRESSED[0x00000008])

    Exec Addr    Load Addr    Size         Type   Attr      Idx    E Section Name        Object

    0x200000c0   COMPRESSED   0x0000020c   Data   RW         2434    .bss.__blue_RAM     system_bluenrg1.o


    Execution Region REGION_RAM2 (Exec base: 0x200002cc, Load base: 0x10065514, Size: 0x00001228, Max: 0x00005d34, ABSOLUTE)

    Exec Addr    Load Addr    Size         Type   Attr      Idx    E Section Name        Object

    0x200002cc   0x10065514   0x00000001   Data   RW         1124    .data               bluenrg1_pka.o
    0x200002cd   0x10065515   0x00000003   PAD
    0x200002d0   0x10065518   0x0000000c   Data   RW         2435    .data               system_bluenrg1.o
    0x200002dc   0x10065524   0x00000004   Data   RW         2630    .data               bluenrg1_it.o
    0x200002e0   0x10065528   0x0000004e   Data   RW         2775    .data               dtm_boot.o
    0x2000032e   0x10065576   0x0000000a   Data   RW         4392    .data               hci_parser.o
    0x20000338   0x10065580   0x00000004   Data   RW         4439    .data               hw_config.o
    0x2000033c   0x10065584   0x00000018   Data   RW         4533    .data               transport_layer.o
    0x20000354   0x1006559c   0x00000048   Data   RW         4931    .data               libbluenrg1_stack.a(ll_isr.o)
    0x2000039c   0x100655e4   0x00000002   Data   RW         5021    .data               libbluenrg1_stack.a(ll_routines_master.o)
    0x2000039e   0x100655e6   0x00000002   PAD
    0x200003a0   0x100655e8   0x00000004   Data   RW         5530    .data               libbluenrg1_stack.a(mem_alloc.o)
    0x200003a4   0x100655ec   0x00000002   Data   RW         5584    .data               libbluenrg1_stack.a(pka.o)
    0x200003a6   0x100655ee   0x00000002   PAD
    0x200003a8   0x100655f0   0x00000004   Data   RW         5780    .data               libbluenrg1_stack.a(smp_common.o)
    0x200003ac        -       0x00000020   Zero   RW         2433    .bss                system_bluenrg1.o
    0x200003cc        -       0x0000000e   Zero   RW         2773    .bss                dtm_boot.o
    0x200003da   0x100655f4   0x00000002   PAD
    0x200003dc        -       0x00000028   Zero   RW         2848    .bss                dtm_burst.o
    0x20000404        -       0x0000043c   Zero   RW         4391    .bss                hci_parser.o
    0x20000840        -       0x00000c6e   Zero   RW         4531    .bss                transport_layer.o
    0x200014ae        -       0x00000010   Zero   RW         4978    .bss                libbluenrg1_stack.a(ll_privacy.o)
    0x200014be   0x100655f4   0x00000002   PAD
    0x200014c0        -       0x00000034   Zero   RW         5529    .bss                libbluenrg1_stack.a(mem_alloc.o)


    Execution Region REGION_RAM3 (Exec base: 0x200014f4, Load base: 0x100655f4, Size: 0x00003564, Max: 0x00005d34, ABSOLUTE, UNINIT)

    Exec Addr    Load Addr    Size         Type   Attr      Idx    E Section Name        Object

    0x200014f4        -       0x00003564   Zero   RW         2776    .noinit.data        dtm_boot.o


    Execution Region ARM_LIB_STACKHEAP (Exec base: 0x20005400, Load base: 0x100655f4, Size: 0x00000c00, Max: 0x00000c00, ABSOLUTE)

    Exec Addr    Load Addr    Size         Type   Attr      Idx    E Section Name        Object

    0x20005400        -       0x00000c00   Zero   RW            2    ARM_LIB_STACKHEAP.bss  anon$$obj.o


==============================================================================

Image component sizes


      Code (inc. data)   RO Data    RW Data    ZI Data      Debug   Object Name

       178          6          0          0          0       6072   bluenrg1_dma.o
       132         30          0          0          0       1970   bluenrg1_flash.o
       574         10          0          0          0       6382   bluenrg1_gpio.o
       188         38         24          4          0      12157   bluenrg1_it.o
       498         86          0          1          0       5849   bluenrg1_pka.o
       408         52          0          0          0       6758   bluenrg1_spi.o
       244         18          0          0          0       1564   bluenrg1_sysctrl.o
       722         42          0          0          0       6435   bluenrg1_uart.o
        12          6          0          0          0        592   bluenrg1_wdg.o
       140         18          0          0          0       3317   cmd.o
       160         36          0          0          0        544   context_switch.o
       936        106         12         78      15786       8218   dtm_boot.o
       836         72          0          0         40      10728   dtm_burst.o
     23912         44       1312          0          0     276550   dtm_cmd_db.o
       398         30          3          0          0       8195   dtm_cmds.o
       156          6          0          0          0        699   dtm_main.o
         0          0       4096          0          0      28314   dtm_updater_uart.o
       586          0          0          0          0       9694   fifo.o
       720         40          0         10       1084       4774   hci_parser.o
      1656        106         92          4          0       7653   hw_config.o
       228         18          0          0          0       8000   misc.o
       274         44          0          0         40      12265   miscutil.o
        60          0          0          0          0       2102   osal.o
         0          0          0          0          0      26453   sleep.o
      1446          0          0          0          0      70722   stack_user_cfg.o
       598         56        192        564         32      24140   system_bluenrg1.o
      2124        326         36         24       3182      22771   transport_layer.o

    ----------------------------------------------------------------------
     37290       1190       5928        692      25286     572918   Object Totals
         0          0        160          0       5120          0   (incl. Generated)
       104          0          1          7          2          0   (incl. Padding)

    ----------------------------------------------------------------------

      Code (inc. data)   RO Data    RW Data    ZI Data      Debug   Library Member Name

      3008        274        284          0          0          0   aci_events.o
       472         44          0          0          0          0   acl.o
       268          0          0          0          0          0   acl_list.o
      1660         40          0          0          0          0   advance_wakeup_time.o
       184          0          0          0          0          0   aes128cmac.o
      5796         94         16          0          0          0   att.o
      1448         28          0          0          0          0   bluenrg_gap_aci.o
      1010          4          0          0          0          0   bluenrg_gatt_aci.o
       384         32          0          0          0          0   bluenrg_hal_aci.o
        66          0          0          0          0          0   bluenrg_l2cap_aci.o
      1024        106          0          0          0          0   bluenrg_main_func.o
        88         10          0          0          0          0   bluenrg_main_func_speed.o
       296         18          0          0          0          0   device_id_data.o
      3530        174          0          0          0          0   gap.o
      6714        216          0          0          0          0   gatt_client.o
     10080        396          0          0          0          0   gatt_server.o
       926         56          0          0          0          0   hal.o
      3060        162          0          0          0          0   hci.o
       258          0          0          0          0          0   hci_privacy.o
       890        106          0          0          0          0   host_timer.o
       500         32          0          0          0          0   isr_postproc.o
       792         36          0          0          0          0   isr_routines.o
      2258         66          0          0          0          0   l2cap.o
      7960        312         26         72          0          0   ll_isr.o
      6130        258          0          0         16          0   ll_privacy.o
      1788        134          0          0          0          0   ll_routines.o
      4796        152          0          2          0          0   ll_routines_master.o
       376         42          0          0          0          0   ll_routines_support.o
       840         28          0          4         52          0   mem_alloc.o
      1122          0          0          0          0          0   mem_buff.o
      3724        148          0          0          0          0   multi_master_time.o
        76         16          0          0          0          0   nvm.o
       208         20         64          2          0          0   pka.o
       690         42          0          0          0          0   pm.o
      1448         10          0          0          0          0   rom_att.o
      1082         46          0          0          0          0   rom_gap.o
       538         48          0          0          0          0   rom_gap_rom.o
       218          8          0          0          0          0   rom_gatt_server.o
       114          0          0          0          0          0   rom_list.o
       330          8          0          0          0          0   rom_ll_isr_postproc.o
      1420         64          0          0          0          0   rom_ll_isr_routines.o
      3400        220          0          0          0          0   rom_ll_ll_routines.o
      1074         84          0          0          0          0   rom_ll_ll_routines_master.o
      1376        120          0          0          0          0   rom_ll_routines_support.o
       316         44         16          0          0          0   rom_ll_timehandling.o
      1394         48          0          0          0          0   routines_support.o
      2918         88          0          0          0          0   sdb.o
      6266        170         25          0          0          0   securitymgr.o
      1328         88         16          0          0          0   smp_algo_sap.o
      4334        194          0          4          0          0   smp_common.o
       112          4          0          0          0          0   smp_scv42_api.o
      1666        100         96          0          0          0   smp_scv42_caf.o
       210         14          0          0          0          0   smp_scv42_sap.o
        76          0          0          0          0          0   utils.o
      1998         30        296          0          0        608   crypto.o
        86          0          0          0          0          0   __dczerorl2.o
         0          0          0          0          0          0   entry.o
         0          0          0          0          0          0   entry10a.o
         0          0          0          0          0          0   entry11a.o
         4          0          0          0          0          0   entry12b.o
         8          4          0          0          0          0   entry3.o
         4          0          0          0          0          0   entry5.o
         0          0          0          0          0          0   entry7b.o
         0          0          0          0          0          0   entry8b.o
         8          4          0          0          0          0   entry9a.o
        30          0          0          0          0          0   handlers.o
        40          0          0          0          0         72   idiv.o
        36          8          0          0          0         68   init.o
        26          0          0          0          0         72   memcmp.o
        66          0          0          0          0         68   memmove.o
        36          0          0          0          0        100   memseta.o
        44          0          0          0          0         72   uidiv.o
        20          0          0          0          0         60   uread4.o
        28          0          0          0          0         68   uread8.o
        18          0          0          0          0         60   uwrite4.o
        30          0          0          0          0         72   uwrite8.o

    ----------------------------------------------------------------------
    104654       4450        844         88         70       1320   Library Totals
       130          0          5          4          2          0   (incl. Padding)

    ----------------------------------------------------------------------

      Code (inc. data)   RO Data    RW Data    ZI Data      Debug   Library Name

    102042       4404        543         84         68          0   libbluenrg1_stack.a
      1998         30        296          0          0        608   libcrypto.a
       484         16          0          0          0        712   mc_p.l

    ----------------------------------------------------------------------
    104654       4450        844         88         70       1320   Library Totals

    ----------------------------------------------------------------------

==============================================================================


      Code (inc. data)   RO Data    RW Data    ZI Data      Debug   

    141944       5640       6772        780      25356     553254   Grand Totals
    141944       5640       6772        264      25356     553254   ELF Image Totals (compressed)
    141944       5640       6772        264          0          0   ROM Totals

==============================================================================

    Total RO  Size (Code + RO Data)               148716 ( 145.23kB)
    Total RW  Size (RW Data + ZI Data)             26136 (  25.52kB)
    Total ROM Size (Code + RO Data + RW Data)     148980 ( 145.49kB)

==============================================================================

